Archive member included to satisfy reference by file (symbol)

../libopencm3/lib\libopencm3_stm32f4.a(gpio_common_f0234.o)
                              src/firmware.o (gpio_mode_setup)
../libopencm3/lib\libopencm3_stm32f4.a(rcc_common_all.o)
                              src/firmware.o (rcc_periph_clock_enable)
../libopencm3/lib\libopencm3_stm32f4.a(rcc.o)
                              ../shared/src/core/system.o (rcc_clock_setup_pll)
../libopencm3/lib\libopencm3_stm32f4.a(timer_common_all.o)
                              src/timer.o (timer_set_mode)
../libopencm3/lib\libopencm3_stm32f4.a(usart_common_all.o)
                              ../shared/src/core/uart.o (usart_set_baudrate)
../libopencm3/lib\libopencm3_stm32f4.a(usart_common_f124.o)
                              ../libopencm3/lib\libopencm3_stm32f4.a(usart_common_all.o) (usart_send)
../libopencm3/lib\libopencm3_stm32f4.a(vector.o)
                              (reset_handler)
../libopencm3/lib\libopencm3_stm32f4.a(systick.o)
                              ../shared/src/core/system.o (systick_set_frequency)
../libopencm3/lib\libopencm3_stm32f4.a(nvic.o)
                              ../shared/src/core/uart.o (nvic_enable_irq)
../libopencm3/lib\libopencm3_stm32f4.a(flash_common_all.o)
                              ../libopencm3/lib\libopencm3_stm32f4.a(rcc.o) (flash_set_ws)
../libopencm3/lib\libopencm3_stm32f4.a(flash_common_idcache.o)
                              ../libopencm3/lib\libopencm3_stm32f4.a(rcc.o) (flash_dcache_enable)
../libopencm3/lib\libopencm3_stm32f4.a(pwr.o)
                              ../libopencm3/lib\libopencm3_stm32f4.a(rcc.o) (pwr_set_vos_scale)

Discarded input sections

 .group         0x00000000        0xc src/firmware.o
 .group         0x00000000        0xc src/firmware.o
 .group         0x00000000        0xc src/firmware.o
 .group         0x00000000        0xc src/firmware.o
 .group         0x00000000        0xc src/firmware.o
 .group         0x00000000        0xc src/firmware.o
 .group         0x00000000        0xc src/firmware.o
 .group         0x00000000        0xc src/firmware.o
 .group         0x00000000        0xc src/firmware.o
 .group         0x00000000        0xc src/firmware.o
 .group         0x00000000        0xc src/firmware.o
 .group         0x00000000        0xc src/firmware.o
 .group         0x00000000        0xc src/firmware.o
 .group         0x00000000        0xc src/firmware.o
 .group         0x00000000        0xc src/firmware.o
 .group         0x00000000        0xc src/firmware.o
 .group         0x00000000        0xc src/firmware.o
 .group         0x00000000        0xc src/firmware.o
 .group         0x00000000        0xc src/firmware.o
 .group         0x00000000        0xc src/firmware.o
 .group         0x00000000        0xc src/firmware.o
 .group         0x00000000        0xc src/firmware.o
 .group         0x00000000        0xc src/firmware.o
 .group         0x00000000        0xc src/firmware.o
 .group         0x00000000        0xc src/firmware.o
 .group         0x00000000        0xc src/firmware.o
 .group         0x00000000        0xc src/firmware.o
 .group         0x00000000        0xc src/firmware.o
 .group         0x00000000        0xc src/firmware.o
 .group         0x00000000        0xc src/firmware.o
 .group         0x00000000        0xc src/firmware.o
 .group         0x00000000        0xc src/firmware.o
 .group         0x00000000        0xc src/firmware.o
 .group         0x00000000        0xc src/firmware.o
 .group         0x00000000        0xc src/firmware.o
 .group         0x00000000        0xc src/firmware.o
 .group         0x00000000        0xc src/firmware.o
 .group         0x00000000        0xc src/firmware.o
 .text          0x00000000        0x0 src/firmware.o
 .data          0x00000000        0x0 src/firmware.o
 .bss           0x00000000        0x0 src/firmware.o
 .bss.msg_buffer
                0x00000000       0x40 src/firmware.o
 .bss.data      0x00000000        0x1 src/firmware.o
 .bss.i         0x00000000        0x1 src/firmware.o
 .group         0x00000000        0xc src/timer.o
 .group         0x00000000        0xc src/timer.o
 .group         0x00000000        0xc src/timer.o
 .group         0x00000000        0xc src/timer.o
 .group         0x00000000        0xc src/timer.o
 .group         0x00000000        0xc src/timer.o
 .group         0x00000000        0xc src/timer.o
 .group         0x00000000        0xc src/timer.o
 .group         0x00000000        0xc src/timer.o
 .group         0x00000000        0xc src/timer.o
 .group         0x00000000        0xc src/timer.o
 .group         0x00000000        0xc src/timer.o
 .group         0x00000000        0xc src/timer.o
 .group         0x00000000        0xc src/timer.o
 .group         0x00000000        0xc src/timer.o
 .group         0x00000000        0xc src/timer.o
 .group         0x00000000        0xc src/timer.o
 .text          0x00000000        0x0 src/timer.o
 .data          0x00000000        0x0 src/timer.o
[...]
Memory Configuration

Name             Origin             Length             Attributes
rom              0x08008000         0x00018000         xr
ram              0x20000000         0x00008000         xrw
*default*        0x00000000         0xffffffff

Linker script and memory map

LOAD src/firmware.o
LOAD src/timer.o
LOAD ../shared/src/core/system.o
LOAD ../shared/src/core/uart.o
LOAD ../shared/src/core/ring-buffer.o
LOAD ../libopencm3/lib\libopencm3_stm32f4.a
START GROUP
LOAD C:/Program Files/Arm/GNU Toolchain mingw-w64-x86_64-arm-none-eabi/bin/../lib/gcc/arm-none-eabi/15.2.1/../../../../arm-none-eabi/lib/thumb/v7e-m+fp/hard\libc.a
LOAD C:/Program Files/Arm/GNU Toolchain mingw-w64-x86_64-arm-none-eabi/bin/../lib/gcc/arm-none-eabi/15.2.1/thumb/v7e-m+fp/hard\libgcc.a
LOAD C:/Program Files/Arm/GNU Toolchain mingw-w64-x86_64-arm-none-eabi/bin/../lib/gcc/arm-none-eabi/15.2.1/../../../../arm-none-eabi/lib/thumb/v7e-m+fp/hard\libnosys.a
END GROUP
START GROUP
LOAD C:/Program Files/Arm/GNU Toolchain mingw-w64-x86_64-arm-none-eabi/bin/../lib/gcc/arm-none-eabi/15.2.1/thumb/v7e-m+fp/hard\libgcc.a
LOAD C:/Program Files/Arm/GNU Toolchain mingw-w64-x86_64-arm-none-eabi/bin/../lib/gcc/arm-none-eabi/15.2.1/../../../../arm-none-eabi/lib/thumb/v7e-m+fp/hard\libg.a
LOAD C:/Program Files/Arm/GNU Toolchain mingw-w64-x86_64-arm-none-eabi/bin/../lib/gcc/arm-none-eabi/15.2.1/../../../../arm-none-eabi/lib/thumb/v7e-m+fp/hard\libc.a
END GROUP

.text           0x08008000      0xf50
 *(.bootloader_section)
 *(.vectors)
 .vectors       0x08008000      0x1ac ../libopencm3/lib\libopencm3_stm32f4.a(vector.o)
                0x08008000                vector_table
                0x080081b0                        . = ALIGN (0x10)
 *fill*         0x080081ac        0x4 
 *(.firmware_info)
 *(.firmware_signature)
 *(.text*)
 .text.gpio_setup
                0x080081b0       0x4c src/firmware.o
 .text.main     0x080081fc       0xb4 src/firmware.o
                0x080081fc                main
 .text.timer_setup
                0x080082b0       0x4c src/timer.o
                0x080082b0                timer_setup
 .text.timer_pwm_set_duty_cycle
                0x080082fc       0x4c src/timer.o
                0x080082fc                timer_pwm_set_duty_cycle
 .text.sys_tick_handler
                0x08008348       0x24 ../shared/src/core/system.o
                0x08008348                sys_tick_handler
 .text.system_get_ticks
                0x0800836c       0x18 ../shared/src/core/system.o
                0x0800836c                system_get_ticks
 .text.systick_setup
                0x08008384       0x20 ../shared/src/core/system.o
                0x08008384                systick_setup
 .text.system_setup
                0x080083a4       0x10 ../shared/src/core/system.o
                0x080083a4                system_setup
 .text.rcc_setup
                0x080083b4       0x14 ../shared/src/core/system.o
                0x080083b4                rcc_setup
 .text.usart2_isr
                0x080083c8       0x4c ../shared/src/core/uart.o
                0x080083c8                usart2_isr
 .text.uart_setup
                0x08008414       0x6c ../shared/src/core/uart.o
                0x08008414                uart_setup
 .text.uart_write_byte
                0x08008480       0x24 ../shared/src/core/uart.o
                0x08008480                uart_write_byte
 .text.uart_read
                0x080084a4       0x54 ../shared/src/core/uart.o
                0x080084a4                uart_read
 .text.uart_read_byte
                0x080084f8       0x1e ../shared/src/core/uart.o
                0x080084f8                uart_read_byte
 *fill*         0x08008516        0x2 
 .text.uart_data_available
                0x08008518       0x2c ../shared/src/core/uart.o
                0x08008518                uart_data_available
 .text.ring_buffer_setup
                0x08008544       0x30 ../shared/src/core/ring-buffer.o
                0x08008544                ring_buffer_setup
 .text.ring_buffer_empty
                0x08008574       0x24 ../shared/src/core/ring-buffer.o
                0x08008574                ring_buffer_empty
 .text.ring_buffer_write
                0x08008598       0x4e ../shared/src/core/ring-buffer.o
                0x08008598                ring_buffer_write
 .text.ring_buffer_read
                0x080085e6       0x4e ../shared/src/core/ring-buffer.o
                0x080085e6                ring_buffer_read
 .text.gpio_mode_setup
                0x08008634       0x40 ../libopencm3/lib\libopencm3_stm32f4.a(gpio_common_f0234.o)
                0x08008634                gpio_mode_setup
 .text.gpio_set_af
                0x08008674       0x68 ../libopencm3/lib\libopencm3_stm32f4.a(gpio_common_f0234.o)
                0x08008674                gpio_set_af
 .text.rcc_periph_clock_enable
                0x080086dc       0x1a ../libopencm3/lib\libopencm3_stm32f4.a(rcc_common_all.o)
                0x080086dc                rcc_periph_clock_enable
 *fill*         0x080086f6        0x2 
 .text.rcc_is_osc_ready
                0x080086f8       0x64 ../libopencm3/lib\libopencm3_stm32f4.a(rcc.o)
                0x080086f8                rcc_is_osc_ready
 .text.rcc_wait_for_osc_ready
                0x0800875c       0x10 ../libopencm3/lib\libopencm3_stm32f4.a(rcc.o)
                0x0800875c                rcc_wait_for_osc_ready
 .text.rcc_osc_on
                0x0800876c       0x74 ../libopencm3/lib\libopencm3_stm32f4.a(rcc.o)
                0x0800876c                rcc_osc_on
 .text.rcc_osc_off
                0x080087e0       0x74 ../libopencm3/lib\libopencm3_stm32f4.a(rcc.o)
                0x080087e0                rcc_osc_off
 .text.rcc_set_sysclk_source
                0x08008854       0x18 ../libopencm3/lib\libopencm3_stm32f4.a(rcc.o)
                0x08008854                rcc_set_sysclk_source
 .text.rcc_set_ppre2
                0x0800886c       0x18 ../libopencm3/lib\libopencm3_stm32f4.a(rcc.o)
                0x0800886c                rcc_set_ppre2
 .text.rcc_set_ppre1
                0x08008884       0x18 ../libopencm3/lib\libopencm3_stm32f4.a(rcc.o)
                0x08008884                rcc_set_ppre1
 .text.rcc_set_hpre
                0x0800889c       0x18 ../libopencm3/lib\libopencm3_stm32f4.a(rcc.o)
                0x0800889c                rcc_set_hpre
 .text.rcc_set_main_pll_hsi
                0x080088b4       0x44 ../libopencm3/lib\libopencm3_stm32f4.a(rcc.o)
                0x080088b4                rcc_set_main_pll_hsi
 .text.rcc_set_main_pll_hse
                0x080088f8       0x44 ../libopencm3/lib\libopencm3_stm32f4.a(rcc.o)
                0x080088f8                rcc_set_main_pll_hse
 .text.rcc_clock_setup_pll
                0x0800893c       0xe4 ../libopencm3/lib\libopencm3_stm32f4.a(rcc.o)
                0x0800893c                rcc_clock_setup_pll
 .text.rcc_get_usart_clk_freq
                0x08008a20       0x20 ../libopencm3/lib\libopencm3_stm32f4.a(rcc.o)
                0x08008a20                rcc_get_usart_clk_freq
 .text.timer_set_mode
                0x08008a40       0x12 ../libopencm3/lib\libopencm3_stm32f4.a(timer_common_all.o)
                0x08008a40                timer_set_mode
 .text.timer_enable_counter
                0x08008a52        0xa ../libopencm3/lib\libopencm3_stm32f4.a(timer_common_all.o)
                0x08008a52                timer_enable_counter
 .text.timer_set_prescaler
                0x08008a5c        0x4 ../libopencm3/lib\libopencm3_stm32f4.a(timer_common_all.o)
                0x08008a5c                timer_set_prescaler
 .text.timer_set_period
                0x08008a60        0x4 ../libopencm3/lib\libopencm3_stm32f4.a(timer_common_all.o)
                0x08008a60                timer_set_period
 .text.timer_set_oc1_mode
                0x08008a64       0x62 ../libopencm3/lib\libopencm3_stm32f4.a(timer_common_all.o)
                0x08008a64                timer_set_oc1_mode
 .text.timer_set_oc2_mode
                0x08008ac6       0x62 ../libopencm3/lib\libopencm3_stm32f4.a(timer_common_all.o)
                0x08008ac6                timer_set_oc2_mode
 .text.timer_set_oc3_mode
                0x08008b28       0x62 ../libopencm3/lib\libopencm3_stm32f4.a(timer_common_all.o)
                0x08008b28                timer_set_oc3_mode
 .text.timer_set_oc4_mode
                0x08008b8a       0x62 ../libopencm3/lib\libopencm3_stm32f4.a(timer_common_all.o)
                0x08008b8a                timer_set_oc4_mode
 .text.timer_set_oc_mode
                0x08008bec       0x26 ../libopencm3/lib\libopencm3_stm32f4.a(timer_common_all.o)
                0x08008bec                timer_set_oc_mode
 .text.timer_enable_oc_output
                0x08008c12       0x4a ../libopencm3/lib\libopencm3_stm32f4.a(timer_common_all.o)
                0x08008c12                timer_enable_oc_output
 .text.timer_set_oc_value
                0x08008c5c       0x20 ../libopencm3/lib\libopencm3_stm32f4.a(timer_common_all.o)
                0x08008c5c                timer_set_oc_value
 .text.usart_set_baudrate
                0x08008c7c       0x38 ../libopencm3/lib\libopencm3_stm32f4.a(usart_common_all.o)
                0x08008c7c                usart_set_baudrate
 .text.usart_set_databits
                0x08008cb4       0x12 ../libopencm3/lib\libopencm3_stm32f4.a(usart_common_all.o)
                0x08008cb4                usart_set_databits
 .text.usart_set_stopbits
                0x08008cc6        0xc ../libopencm3/lib\libopencm3_stm32f4.a(usart_common_all.o)
                0x08008cc6                usart_set_stopbits
 .text.usart_set_parity
                0x08008cd2        0xc ../libopencm3/lib\libopencm3_stm32f4.a(usart_common_all.o)
                0x08008cd2                usart_set_parity
 .text.usart_set_mode
                0x08008cde        0xc ../libopencm3/lib\libopencm3_stm32f4.a(usart_common_all.o)
                0x08008cde                usart_set_mode
 .text.usart_set_flow_control
                0x08008cea        0xc ../libopencm3/lib\libopencm3_stm32f4.a(usart_common_all.o)
                0x08008cea                usart_set_flow_control
 .text.usart_enable
                0x08008cf6        0xa ../libopencm3/lib\libopencm3_stm32f4.a(usart_common_all.o)
                0x08008cf6                usart_enable
 .text.usart_send_blocking
                0x08008d00       0x16 ../libopencm3/lib\libopencm3_stm32f4.a(usart_common_all.o)
                0x08008d00                usart_send_blocking
 .text.usart_enable_rx_interrupt
                0x08008d16        0xa ../libopencm3/lib\libopencm3_stm32f4.a(usart_common_all.o)
                0x08008d16                usart_enable_rx_interrupt
 .text.usart_send
                0x08008d20        0x8 ../libopencm3/lib\libopencm3_stm32f4.a(usart_common_f124.o)
                0x08008d20                usart_send
 .text.usart_recv
                0x08008d28        0x8 ../libopencm3/lib\libopencm3_stm32f4.a(usart_common_f124.o)
                0x08008d28                usart_recv
 .text.usart_wait_send_ready
                0x08008d30        0x8 ../libopencm3/lib\libopencm3_stm32f4.a(usart_common_f124.o)
                0x08008d30                usart_wait_send_ready
 .text.usart_get_flag
                0x08008d38        0xc ../libopencm3/lib\libopencm3_stm32f4.a(usart_common_f124.o)
                0x08008d38                usart_get_flag
 .text.blocking_handler
                0x08008d44        0x2 ../libopencm3/lib\libopencm3_stm32f4.a(vector.o)
                0x08008d44                dma2_stream1_isr
                0x08008d44                tim8_brk_tim12_isr
                0x08008d44                dma1_stream7_isr
                0x08008d44                usart3_isr
                0x08008d44                tim7_isr
                0x08008d44                dma2d_isr
                0x08008d44                uart8_isr
                0x08008d44                dma1_stream2_isr
                0x08008d44                otg_hs_isr
                0x08008d44                blocking_handler
                0x08008d44                tim5_isr
                0x08008d44                rtc_wkup_isr
                0x08008d44                otg_fs_isr
                0x08008d44                spi1_isr
                0x08008d44                i2c3_er_isr
                0x08008d44                exti2_isr
                0x08008d44                spi5_isr
                0x08008d44                usb_fs_wkup_isr
                0x08008d44                tamp_stamp_isr
                0x08008d44                can1_rx1_isr
                0x08008d44                dma2_stream0_isr
                0x08008d44                usart1_isr
                0x08008d44                i2c3_ev_isr
                0x08008d44                usage_fault_handler
                0x08008d44                can2_rx0_isr
                0x08008d44                dma1_stream6_isr
                0x08008d44                can2_rx1_isr
                0x08008d44                can1_sce_isr
                0x08008d44                tim1_cc_isr
                0x08008d44                can1_tx_isr
                0x08008d44                tim1_up_tim10_isr
                0x08008d44                sdio_isr
                0x08008d44                eth_isr
                0x08008d44                spi6_isr
                0x08008d44                dma2_stream5_isr
                0x08008d44                pvd_isr
                0x08008d44                can1_rx0_isr
                0x08008d44                rcc_isr
                0x08008d44                dma2_stream3_isr
                0x08008d44                flash_isr
                0x08008d44                uart4_isr
                0x08008d44                lcd_tft_isr
                0x08008d44                rtc_alarm_isr
                0x08008d44                exti15_10_isr
                0x08008d44                hash_rng_isr
                0x08008d44                tim1_trg_com_tim11_isr
                0x08008d44                hard_fault_handler
                0x08008d44                exti1_isr
                0x08008d44                i2c1_ev_isr
                0x08008d44                usart6_isr
                0x08008d44                spi2_isr
                0x08008d44                cryp_isr
                0x08008d44                nvic_wwdg_isr
                0x08008d44                dma1_stream1_isr
                0x08008d44                dma2_stream4_isr
                0x08008d44                exti3_isr
                0x08008d44                tim3_isr
                0x08008d44                sai1_isr
                0x08008d44                fpu_isr
                0x08008d44                dma1_stream4_isr
                0x08008d44                i2c2_er_isr
                0x08008d44                i2c2_ev_isr
                0x08008d44                uart5_isr
                0x08008d44                dma2_stream6_isr
                0x08008d44                spi4_isr
                0x08008d44                adc_isr
                0x08008d44                dma2_stream7_isr
                0x08008d44                tim8_up_tim13_isr
                0x08008d44                fsmc_isr
                0x08008d44                exti4_isr
                0x08008d44                tim6_dac_isr
                0x08008d44                dma1_stream3_isr
                0x08008d44                tim8_trg_com_tim14_isr
                0x08008d44                mem_manage_handler
                0x08008d44                lcd_tft_err_isr
                0x08008d44                can2_tx_isr
                0x08008d44                exti9_5_isr
                0x08008d44                tim1_brk_tim9_isr
                0x08008d44                uart7_isr
                0x08008d44                can2_sce_isr
                0x08008d44                tim4_isr
                0x08008d44                otg_hs_wkup_isr
                0x08008d44                i2c1_er_isr
                0x08008d44                dma1_stream0_isr
                0x08008d44                tim8_cc_isr
                0x08008d44                dcmi_isr
                0x08008d44                dma2_stream2_isr
                0x08008d44                eth_wkup_isr
                0x08008d44                bus_fault_handler
                0x08008d44                otg_hs_ep1_out_isr
                0x08008d44                spi3_isr
                0x08008d44                dma1_stream5_isr
                0x08008d44                otg_hs_ep1_in_isr
                0x08008d44                tim2_isr
                0x08008d44                exti0_isr
 .text.null_handler
                0x08008d46        0x2 ../libopencm3/lib\libopencm3_stm32f4.a(vector.o)
                0x08008d46                sv_call_handler
                0x08008d46                pend_sv_handler
                0x08008d46                debug_monitor_handler
                0x08008d46                nmi_handler
                0x08008d46                null_handler
 .text.reset_handler
                0x08008d48       0xa0 ../libopencm3/lib\libopencm3_stm32f4.a(vector.o)
                0x08008d48                reset_handler
 .text.systick_set_clocksource
                0x08008de8       0x14 ../libopencm3/lib\libopencm3_stm32f4.a(systick.o)
                0x08008de8                systick_set_clocksource
 .text.systick_set_frequency
                0x08008dfc       0x38 ../libopencm3/lib\libopencm3_stm32f4.a(systick.o)
                0x08008dfc                systick_set_frequency
 .text.systick_interrupt_enable
                0x08008e34        0xe ../libopencm3/lib\libopencm3_stm32f4.a(systick.o)
                0x08008e34                systick_interrupt_enable
 .text.systick_counter_enable
                0x08008e42        0xe ../libopencm3/lib\libopencm3_stm32f4.a(systick.o)
                0x08008e42                systick_counter_enable
 .text.nvic_enable_irq
                0x08008e50       0x18 ../libopencm3/lib\libopencm3_stm32f4.a(nvic.o)
                0x08008e50                nvic_enable_irq
 .text.flash_set_ws
                0x08008e68       0x18 ../libopencm3/lib\libopencm3_stm32f4.a(flash_common_all.o)
                0x08008e68                flash_set_ws
 .text.flash_dcache_enable
                0x08008e80       0x14 ../libopencm3/lib\libopencm3_stm32f4.a(flash_common_idcache.o)
                0x08008e80                flash_dcache_enable
 .text.flash_dcache_disable
                0x08008e94       0x14 ../libopencm3/lib\libopencm3_stm32f4.a(flash_common_idcache.o)
                0x08008e94                flash_dcache_disable
 .text.flash_icache_enable
                0x08008ea8       0x14 ../libopencm3/lib\libopencm3_stm32f4.a(flash_common_idcache.o)
                0x08008ea8                flash_icache_enable
 .text.flash_icache_disable
                0x08008ebc       0x14 ../libopencm3/lib\libopencm3_stm32f4.a(flash_common_idcache.o)
                0x08008ebc                flash_icache_disable
 .text.pwr_set_vos_scale
                0x08008ed0       0x10 ../libopencm3/lib\libopencm3_stm32f4.a(pwr.o)
                0x08008ed0                pwr_set_vos_scale
                0x08008ee0                        . = ALIGN (0x4)
 *(.rodata*)
 .rodata.rcc_hsi_configs
                0x08008ee0       0x70 ../libopencm3/lib\libopencm3_stm32f4.a(rcc.o)
                0x08008ee0                rcc_hsi_configs
                0x08008f50                        . = ALIGN (0x4)

.glue_7         0x08008f50        0x0
 .glue_7        0x08008f50        0x0 linker stubs

.glue_7t        0x08008f50        0x0
 .glue_7t       0x08008f50        0x0 linker stubs

.vfp11_veneer   0x08008f50        0x0
 .vfp11_veneer  0x08008f50        0x0 linker stubs

.v4_bx          0x08008f50        0x0
 .v4_bx         0x08008f50        0x0 linker stubs

.iplt           0x08008f50        0x0
 .iplt          0x08008f50        0x0 src/firmware.o

.rel.dyn        0x08008f50        0x0
 .rel.iplt      0x08008f50        0x0 src/firmware.o

.preinit_array  0x08008f50        0x0
                0x08008f50                        . = ALIGN (0x4)
                0x08008f50                        __preinit_array_start = .
 *(.preinit_array)
                0x08008f50                        __preinit_array_end = .

.init_array     0x08008f50        0x0
                0x08008f50                        . = ALIGN (0x4)
                0x08008f50                        __init_array_start = .
 *(SORT_BY_NAME(.init_array.*))
 *(.init_array)
                0x08008f50                        __init_array_end = .

.fini_array     0x08008f50        0x0
                0x08008f50                        . = ALIGN (0x4)
                0x08008f50                        __fini_array_start = .
 *(.fini_array)
 *(SORT_BY_NAME(.fini_array.*))
                0x08008f50                        __fini_array_end = .

.ARM.extab
 *(.ARM.extab*)

.ARM.exidx      0x08008f50        0x0
                0x08008f50                        __exidx_start = .
 *(.ARM.exidx*)
                0x08008f50                        __exidx_end = .
                0x08008f50                        . = ALIGN (0x4)
                0x08008f50                        _etext = .

.noinit
 *(.noinit*)
                0x08008f50                        . = ALIGN (0x4)

.data           0x20000000        0xc load address 0x08008f50
                0x20000000                        _data = .
 *(.data*)
 .data.rcc_apb2_frequency
                0x20000000        0x4 ../libopencm3/lib\libopencm3_stm32f4.a(rcc.o)
                0x20000000                rcc_apb2_frequency
 .data.rcc_apb1_frequency
                0x20000004        0x4 ../libopencm3/lib\libopencm3_stm32f4.a(rcc.o)
                0x20000004                rcc_apb1_frequency
 .data.rcc_ahb_frequency
                0x20000008        0x4 ../libopencm3/lib\libopencm3_stm32f4.a(rcc.o)
                0x20000008                rcc_ahb_frequency
 *(.ramtext*)
                0x2000000c                        . = ALIGN (0x4)
                0x2000000c                        _edata = .
                0x08008f50                        _data_loadaddr = LOADADDR (.data)

.igot.plt       0x2000000c        0x0 load address 0x08008f5c
 .igot.plt      0x2000000c        0x0 src/firmware.o

.bss            0x20000010       0x60 load address 0x08008f5c
 *(.bss*)
 .bss.start_time
                0x20000010        0x8 src/firmware.o
 .bss.ticks     0x20000018        0x8 ../shared/src/core/system.o
 .bss.rb        0x20000020       0x10 ../shared/src/core/uart.o
 .bss.data_buffer
                0x20000030       0x40 ../shared/src/core/uart.o
 *(COMMON)
                0x20000070                        . = ALIGN (0x4)
                0x20000070                        _ebss = .

/DISCARD/
 *(.eh_frame)
                0x20000070                        . = ALIGN (0x4)
                0x20000070                        end = .
                0x20008000                        PROVIDE (_stack = (ORIGIN (ram) + LENGTH (ram)))
OUTPUT(firmware.elf elf32-littlearm)
LOAD linker stubs

.debug_info     0x00000000     0x599a
 .debug_info    0x00000000      0x6ac src/firmware.o
 .debug_info    0x000006ac      0x65d src/timer.o
 .debug_info    0x00000d09      0x2fc ../shared/src/core/system.o
 .debug_info    0x00001005      0x853 ../shared/src/core/uart.o
 .debug_info    0x00001858      0x203 ../shared/src/core/ring-buffer.o
 .debug_info    0x00001a5b      0x21b ../libopencm3/lib\libopencm3_stm32f4.a(gpio_common_f0234.o)
 .debug_info    0x00001c76      0x932 ../libopencm3/lib\libopencm3_stm32f4.a(rcc_common_all.o)
 .debug_info    0x000025a8      0xfa1 ../libopencm3/lib\libopencm3_stm32f4.a(rcc.o)
 .debug_info    0x00003549     0x10fc ../libopencm3/lib\libopencm3_stm32f4.a(timer_common_all.o)
 .debug_info    0x00004645      0x736 ../libopencm3/lib\libopencm3_stm32f4.a(usart_common_all.o)
 .debug_info    0x00004d7b      0x1c1 ../libopencm3/lib\libopencm3_stm32f4.a(usart_common_f124.o)
 .debug_info    0x00004f3c      0x2d9 ../libopencm3/lib\libopencm3_stm32f4.a(vector.o)
 .debug_info    0x00005215      0x28f ../libopencm3/lib\libopencm3_stm32f4.a(systick.o)
 .debug_info    0x000054a4      0x239 ../libopencm3/lib\libopencm3_stm32f4.a(nvic.o)
 .debug_info    0x000056dd       0xf1 ../libopencm3/lib\libopencm3_stm32f4.a(flash_common_all.o)
 .debug_info    0x000057ce       0xe9 ../libopencm3/lib\libopencm3_stm32f4.a(flash_common_idcache.o)
 .debug_info    0x000058b7       0xe3 ../libopencm3/lib\libopencm3_stm32f4.a(pwr.o)

.debug_abbrev   0x00000000     0x14a3
 .debug_abbrev  0x00000000      0x152 src/firmware.o
 .debug_abbrev  0x00000152       0xf4 src/timer.o
 .debug_abbrev  0x00000246      0x1a2 ../shared/src/core/system.o
 .debug_abbrev  0x000003e8      0x1a6 ../shared/src/core/uart.o
 .debug_abbrev  0x0000058e       0xd8 ../shared/src/core/ring-buffer.o
 .debug_abbrev  0x00000666       0xc2 ../libopencm3/lib\libopencm3_stm32f4.a(gpio_common_f0234.o)
 .debug_abbrev  0x00000728      0x185 ../libopencm3/lib\libopencm3_stm32f4.a(rcc_common_all.o)
 .debug_abbrev  0x000008ad      0x2da ../libopencm3/lib\libopencm3_stm32f4.a(rcc.o)
 .debug_abbrev  0x00000b87      0x1b8 ../libopencm3/lib\libopencm3_stm32f4.a(timer_common_all.o)
 .debug_abbrev  0x00000d3f      0x1c8 ../libopencm3/lib\libopencm3_stm32f4.a(usart_common_all.o)
 .debug_abbrev  0x00000f07       0xb6 ../libopencm3/lib\libopencm3_stm32f4.a(usart_common_f124.o)
 .debug_abbrev  0x00000fbd      0x15f ../libopencm3/lib\libopencm3_stm32f4.a(vector.o)
 .debug_abbrev  0x0000111c      0x14e ../libopencm3/lib\libopencm3_stm32f4.a(systick.o)
 .debug_abbrev  0x0000126a       0xb6 ../libopencm3/lib\libopencm3_stm32f4.a(nvic.o)
 .debug_abbrev  0x00001320       0x96 ../libopencm3/lib\libopencm3_stm32f4.a(flash_common_all.o)
 .debug_abbrev  0x000013b6       0x56 ../libopencm3/lib\libopencm3_stm32f4.a(flash_common_idcache.o)
 .debug_abbrev  0x0000140c       0x97 ../libopencm3/lib\libopencm3_stm32f4.a(pwr.o)

.debug_aranges  0x00000000      0x860
 .debug_aranges
                0x00000000       0x28 src/firmware.o
 .debug_aranges
                0x00000028       0x28 src/timer.o
 .debug_aranges
                0x00000050       0x48 ../shared/src/core/system.o
 .debug_aranges
                0x00000098       0x50 ../shared/src/core/uart.o
 .debug_aranges
                0x000000e8       0x38 ../shared/src/core/ring-buffer.o
 .debug_aranges
                0x00000120       0x30 ../libopencm3/lib\libopencm3_stm32f4.a(gpio_common_f0234.o)
 .debug_aranges
                0x00000150       0x80 ../libopencm3/lib\libopencm3_stm32f4.a(rcc_common_all.o)
 .debug_aranges
                0x000001d0      0x110 ../libopencm3/lib\libopencm3_stm32f4.a(rcc.o)
 .debug_aranges
                0x000002e0      0x298 ../libopencm3/lib\libopencm3_stm32f4.a(timer_common_all.o)
 .debug_aranges
                0x00000578       0xf8 ../libopencm3/lib\libopencm3_stm32f4.a(usart_common_all.o)
 .debug_aranges
                0x00000670       0x48 ../libopencm3/lib\libopencm3_stm32f4.a(usart_common_f124.o)
 .debug_aranges
                0x000006b8       0x30 ../libopencm3/lib\libopencm3_stm32f4.a(vector.o)
 .debug_aranges
                0x000006e8       0x78 ../libopencm3/lib\libopencm3_stm32f4.a(systick.o)
 .debug_aranges
                0x00000760       0x60 ../libopencm3/lib\libopencm3_stm32f4.a(nvic.o)
 .debug_aranges
                0x000007c0       0x38 ../libopencm3/lib\libopencm3_stm32f4.a(flash_common_all.o)
 .debug_aranges
                0x000007f8       0x48 ../libopencm3/lib\libopencm3_stm32f4.a(flash_common_idcache.o)
 .debug_aranges
                0x00000840       0x20 ../libopencm3/lib\libopencm3_stm32f4.a(pwr.o)

.debug_rnglists
                0x00000000      0x632
 .debug_rnglists
                0x00000000       0x1a src/firmware.o
 .debug_rnglists
                0x0000001a       0x19 src/timer.o
 .debug_rnglists
                0x00000033       0x31 ../shared/src/core/system.o
 .debug_rnglists
                0x00000064       0x37 ../shared/src/core/uart.o
 .debug_rnglists
                0x0000009b       0x25 ../shared/src/core/ring-buffer.o
 .debug_rnglists
                0x000000c0       0x1f ../libopencm3/lib\libopencm3_stm32f4.a(gpio_common_f0234.o)
 .debug_rnglists
                0x000000df       0x5b ../libopencm3/lib\libopencm3_stm32f4.a(rcc_common_all.o)
 .debug_rnglists
                0x0000013a       0xe0 ../libopencm3/lib\libopencm3_stm32f4.a(rcc.o)
 .debug_rnglists
                0x0000021a      0x1ed ../libopencm3/lib\libopencm3_stm32f4.a(timer_common_all.o)
 .debug_rnglists
                0x00000407       0xcd ../libopencm3/lib\libopencm3_stm32f4.a(usart_common_all.o)
 .debug_rnglists
                0x000004d4       0x31 ../libopencm3/lib\libopencm3_stm32f4.a(usart_common_f124.o)
 .debug_rnglists
                0x00000505       0x20 ../libopencm3/lib\libopencm3_stm32f4.a(vector.o)
 .debug_rnglists
                0x00000525       0x61 ../libopencm3/lib\libopencm3_stm32f4.a(systick.o)
 .debug_rnglists
                0x00000586       0x43 ../libopencm3/lib\libopencm3_stm32f4.a(nvic.o)
 .debug_rnglists
                0x000005c9       0x25 ../libopencm3/lib\libopencm3_stm32f4.a(flash_common_all.o)
 .debug_rnglists
                0x000005ee       0x31 ../libopencm3/lib\libopencm3_stm32f4.a(flash_common_idcache.o)
 .debug_rnglists
                0x0000061f       0x13 ../libopencm3/lib\libopencm3_stm32f4.a(pwr.o)

.debug_macro    0x00000000     0x7075
 .debug_macro   0x00000000      0x209 src/firmware.o
 .debug_macro   0x00000209      0xad8 src/firmware.o
 .debug_macro   0x00000ce1       0x1c src/firmware.o
 .debug_macro   0x00000cfd       0x22 src/firmware.o
 .debug_macro   0x00000d1f       0x56 src/firmware.o
 .debug_macro   0x00000d75       0x51 src/firmware.o
 .debug_macro   0x00000dc6      0x103 src/firmware.o
 .debug_macro   0x00000ec9       0x6a src/firmware.o
 .debug_macro   0x00000f33      0x1df src/firmware.o
 .debug_macro   0x00001112       0x22 src/firmware.o
 .debug_macro   0x00001134       0xe8 src/firmware.o
 .debug_macro   0x0000121c       0x76 src/firmware.o
 .debug_macro   0x00001292      0x280 src/firmware.o
 .debug_macro   0x00001512       0x8e src/firmware.o
 .debug_macro   0x000015a0       0x46 src/firmware.o
 .debug_macro   0x000015e6      0xcea src/firmware.o
 .debug_macro   0x000022d0       0x76 src/firmware.o
 .debug_macro   0x00002346      0x37e src/firmware.o
 .debug_macro   0x000026c4       0xca src/firmware.o
 .debug_macro   0x0000278e       0x10 src/firmware.o
 .debug_macro   0x0000279e      0x458 src/firmware.o
 .debug_macro   0x00002bf6       0x7b src/firmware.o
 .debug_macro   0x00002c71       0x2a src/firmware.o
 .debug_macro   0x00002c9b       0x3c src/firmware.o
 .debug_macro   0x00002cd7       0x34 src/firmware.o
 .debug_macro   0x00002d0b       0x16 src/firmware.o
 .debug_macro   0x00002d21       0x9e src/firmware.o
 .debug_macro   0x00002dbf      0x372 src/firmware.o
 .debug_macro   0x00003131      0x10b src/firmware.o
 .debug_macro   0x0000323c       0x10 src/firmware.o
 .debug_macro   0x0000324c       0x16 src/firmware.o
 .debug_macro   0x00003262       0x4a src/firmware.o
 .debug_macro   0x000032ac       0x34 src/firmware.o
 .debug_macro   0x000032e0       0x10 src/firmware.o
 .debug_macro   0x000032f0       0x58 src/firmware.o
 .debug_macro   0x00003348      0x1e5 src/firmware.o
 .debug_macro   0x0000352d       0x16 src/firmware.o
 .debug_macro   0x00003543       0x16 src/firmware.o
 .debug_macro   0x00003559      0x12a src/firmware.o
 .debug_macro   0x00003683      0x106 src/timer.o
 .debug_macro   0x00003789      0xf7d src/timer.o
 .debug_macro   0x00004706       0x52 src/timer.o
 .debug_macro   0x00004758      0x11e ../shared/src/core/system.o
 .debug_macro   0x00004876      0x100 ../shared/src/core/system.o
 .debug_macro   0x00004976       0x69 ../shared/src/core/system.o
 .debug_macro   0x000049df       0x6e ../shared/src/core/system.o
 .debug_macro   0x00004a4d      0x22c ../shared/src/core/system.o
 .debug_macro   0x00004c79      0x286 ../shared/src/core/system.o
 .debug_macro   0x00004eff      0x186 ../shared/src/core/uart.o
 .debug_macro   0x00005085       0x94 ../shared/src/core/uart.o
 .debug_macro   0x00005119      0x29e ../shared/src/core/uart.o
 .debug_macro   0x000053b7       0xb8 ../shared/src/core/uart.o
 .debug_macro   0x0000546f       0x80 ../shared/src/core/ring-buffer.o
 .debug_macro   0x000054ef       0xd1 ../libopencm3/lib\libopencm3_stm32f4.a(gpio_common_f0234.o)
 .debug_macro   0x000055c0      0xade ../libopencm3/lib\libopencm3_stm32f4.a(gpio_common_f0234.o)
 .debug_macro   0x0000609e       0xf0 ../libopencm3/lib\libopencm3_stm32f4.a(rcc_common_all.o)
 .debug_macro   0x0000618e      0x124 ../libopencm3/lib\libopencm3_stm32f4.a(rcc.o)
 .debug_macro   0x000062b2       0x16 ../libopencm3/lib\libopencm3_stm32f4.a(rcc.o)
 .debug_macro   0x000062c8       0x1c ../libopencm3/lib\libopencm3_stm32f4.a(rcc.o)
 .debug_macro   0x000062e4      0x143 ../libopencm3/lib\libopencm3_stm32f4.a(rcc.o)
 .debug_macro   0x00006427       0x10 ../libopencm3/lib\libopencm3_stm32f4.a(rcc.o)
 .debug_macro   0x00006437       0xf0 ../libopencm3/lib\libopencm3_stm32f4.a(timer_common_all.o)
 .debug_macro   0x00006527      0x10b ../libopencm3/lib\libopencm3_stm32f4.a(usart_common_all.o)
 .debug_macro   0x00006632      0x10b ../libopencm3/lib\libopencm3_stm32f4.a(usart_common_f124.o)
 .debug_macro   0x0000673d       0xd3 ../libopencm3/lib\libopencm3_stm32f4.a(vector.o)
 .debug_macro   0x00006810      0x452 ../libopencm3/lib\libopencm3_stm32f4.a(vector.o)
 .debug_macro   0x00006c62       0x92 ../libopencm3/lib\libopencm3_stm32f4.a(systick.o)
 .debug_macro   0x00006cf4       0xb3 ../libopencm3/lib\libopencm3_stm32f4.a(nvic.o)
 .debug_macro   0x00006da7       0x68 ../libopencm3/lib\libopencm3_stm32f4.a(nvic.o)
 .debug_macro   0x00006e0f       0xd7 ../libopencm3/lib\libopencm3_stm32f4.a(flash_common_all.o)
 .debug_macro   0x00006ee6       0xd7 ../libopencm3/lib\libopencm3_stm32f4.a(flash_common_idcache.o)
 .debug_macro   0x00006fbd       0xb8 ../libopencm3/lib\libopencm3_stm32f4.a(pwr.o)

.debug_line     0x00000000     0x6177
 .debug_line    0x00000000      0x50b src/firmware.o
 .debug_line    0x0000050b      0x3d3 src/timer.o
 .debug_line    0x000008de      0x490 ../shared/src/core/system.o
 .debug_line    0x00000d6e      0x5ab ../shared/src/core/uart.o
 .debug_line    0x00001319      0x316 ../shared/src/core/ring-buffer.o
 .debug_line    0x0000162f      0x502 ../libopencm3/lib\libopencm3_stm32f4.a(gpio_common_f0234.o)
 .debug_line    0x00001b31      0x4ef ../libopencm3/lib\libopencm3_stm32f4.a(rcc_common_all.o)
 .debug_line    0x00002020      0xb5e ../libopencm3/lib\libopencm3_stm32f4.a(rcc.o)
 .debug_line    0x00002b7e     0x11d6 ../libopencm3/lib\libopencm3_stm32f4.a(timer_common_all.o)
 .debug_line    0x00003d54      0x7ba ../libopencm3/lib\libopencm3_stm32f4.a(usart_common_all.o)
 .debug_line    0x0000450e      0x47b ../libopencm3/lib\libopencm3_stm32f4.a(usart_common_f124.o)
 .debug_line    0x00004989      0x471 ../libopencm3/lib\libopencm3_stm32f4.a(vector.o)
 .debug_line    0x00004dfa      0x41e ../libopencm3/lib\libopencm3_stm32f4.a(systick.o)
 .debug_line    0x00005218      0x42d ../libopencm3/lib\libopencm3_stm32f4.a(nvic.o)
 .debug_line    0x00005645      0x3f4 ../libopencm3/lib\libopencm3_stm32f4.a(flash_common_all.o)
 .debug_line    0x00005a39      0x40d ../libopencm3/lib\libopencm3_stm32f4.a(flash_common_idcache.o)
 .debug_line    0x00005e46      0x331 ../libopencm3/lib\libopencm3_stm32f4.a(pwr.o)

.debug_str      0x00000000    0x1870c
 .debug_str     0x00000000    0x1870c src/firmware.o
                               0xf4b0 (size before relaxing)
 .debug_str     0x0001870c        0x0 src/timer.o
                               0xda61 (size before relaxing)
 .debug_str     0x0001870c        0x0 ../shared/src/core/system.o
                               0x9f7e (size before relaxing)
 .debug_str     0x0001870c        0x0 ../shared/src/core/uart.o
                               0xc9ff (size before relaxing)
 .debug_str     0x0001870c        0x0 ../shared/src/core/ring-buffer.o
                               0x3e52 (size before relaxing)
 .debug_str     0x0001870c        0x0 ../libopencm3/lib\libopencm3_stm32f4.a(gpio_common_f0234.o)
                               0x67f7 (size before relaxing)
 .debug_str     0x0001870c        0x0 ../libopencm3/lib\libopencm3_stm32f4.a(rcc_common_all.o)
                               0x9b94 (size before relaxing)
 .debug_str     0x0001870c        0x0 ../libopencm3/lib\libopencm3_stm32f4.a(rcc.o)
                               0xa42a (size before relaxing)
 .debug_str     0x0001870c        0x0 ../libopencm3/lib\libopencm3_stm32f4.a(timer_common_all.o)
                               0xde84 (size before relaxing)
 .debug_str     0x0001870c        0x0 ../libopencm3/lib\libopencm3_stm32f4.a(usart_common_all.o)
                               0xa723 (size before relaxing)
 .debug_str     0x0001870c        0x0 ../libopencm3/lib\libopencm3_stm32f4.a(usart_common_f124.o)
                               0xa462 (size before relaxing)
 .debug_str     0x0001870c        0x0 ../libopencm3/lib\libopencm3_stm32f4.a(vector.o)
                               0x708a (size before relaxing)
 .debug_str     0x0001870c        0x0 ../libopencm3/lib\libopencm3_stm32f4.a(systick.o)
                               0x46ed (size before relaxing)
 .debug_str     0x0001870c        0x0 ../libopencm3/lib\libopencm3_stm32f4.a(nvic.o)
                               0x630a (size before relaxing)
 .debug_str     0x0001870c        0x0 ../libopencm3/lib\libopencm3_stm32f4.a(flash_common_all.o)
                               0x5b4d (size before relaxing)
 .debug_str     0x0001870c        0x0 ../libopencm3/lib\libopencm3_stm32f4.a(flash_common_idcache.o)
                               0x5b6f (size before relaxing)
 .debug_str     0x0001870c        0x0 ../libopencm3/lib\libopencm3_stm32f4.a(pwr.o)
                               0x57a8 (size before relaxing)

.comment        0x00000000       0x45
 .comment       0x00000000       0x45 src/firmware.o
                                 0x46 (size before relaxing)
 .comment       0x00000045        0x0 src/timer.o
                                 0x46 (size before relaxing)
 .comment       0x00000045        0x0 ../shared/src/core/system.o
                                 0x46 (size before relaxing)
 .comment       0x00000045        0x0 ../shared/src/core/uart.o
                                 0x46 (size before relaxing)
 .comment       0x00000045        0x0 ../shared/src/core/ring-buffer.o
                                 0x46 (size before relaxing)
 .comment       0x00000045        0x0 ../libopencm3/lib\libopencm3_stm32f4.a(gpio_common_f0234.o)
                                 0x46 (size before relaxing)
 .comment       0x00000045        0x0 ../libopencm3/lib\libopencm3_stm32f4.a(rcc_common_all.o)
                                 0x46 (size before relaxing)
 .comment       0x00000045        0x0 ../libopencm3/lib\libopencm3_stm32f4.a(rcc.o)
                                 0x46 (size before relaxing)
 .comment       0x00000045        0x0 ../libopencm3/lib\libopencm3_stm32f4.a(timer_common_all.o)
                                 0x46 (size before relaxing)
 .comment       0x00000045        0x0 ../libopencm3/lib\libopencm3_stm32f4.a(usart_common_all.o)
                                 0x46 (size before relaxing)
 .comment       0x00000045        0x0 ../libopencm3/lib\libopencm3_stm32f4.a(usart_common_f124.o)
                                 0x46 (size before relaxing)
 .comment       0x00000045        0x0 ../libopencm3/lib\libopencm3_stm32f4.a(vector.o)
                                 0x46 (size before relaxing)
 .comment       0x00000045        0x0 ../libopencm3/lib\libopencm3_stm32f4.a(systick.o)
                                 0x46 (size before relaxing)
 .comment       0x00000045        0x0 ../libopencm3/lib\libopencm3_stm32f4.a(nvic.o)
                                 0x46 (size before relaxing)
 .comment       0x00000045        0x0 ../libopencm3/lib\libopencm3_stm32f4.a(flash_common_all.o)
                                 0x46 (size before relaxing)
 .comment       0x00000045        0x0 ../libopencm3/lib\libopencm3_stm32f4.a(flash_common_idcache.o)
                                 0x46 (size before relaxing)
 .comment       0x00000045        0x0 ../libopencm3/lib\libopencm3_stm32f4.a(pwr.o)
                                 0x46 (size before relaxing)

.ARM.attributes
                0x00000000       0x34
 .ARM.attributes
                0x00000000       0x34 src/firmware.o
 .ARM.attributes
                0x00000034       0x34 src/timer.o
 .ARM.attributes
                0x00000068       0x34 ../shared/src/core/system.o
 .ARM.attributes
                0x0000009c       0x34 ../shared/src/core/uart.o
 .ARM.attributes
                0x000000d0       0x34 ../shared/src/core/ring-buffer.o
 .ARM.attributes
                0x00000104       0x34 ../libopencm3/lib\libopencm3_stm32f4.a(gpio_common_f0234.o)
 .ARM.attributes
                0x00000138       0x34 ../libopencm3/lib\libopencm3_stm32f4.a(rcc_common_all.o)
 .ARM.attributes
                0x0000016c       0x34 ../libopencm3/lib\libopencm3_stm32f4.a(rcc.o)
 .ARM.attributes
                0x000001a0       0x34 ../libopencm3/lib\libopencm3_stm32f4.a(timer_common_all.o)
 .ARM.attributes
                0x000001d4       0x34 ../libopencm3/lib\libopencm3_stm32f4.a(usart_common_all.o)
 .ARM.attributes
                0x00000208       0x34 ../libopencm3/lib\libopencm3_stm32f4.a(usart_common_f124.o)
 .ARM.attributes
                0x0000023c       0x34 ../libopencm3/lib\libopencm3_stm32f4.a(vector.o)
 .ARM.attributes
                0x00000270       0x34 ../libopencm3/lib\libopencm3_stm32f4.a(systick.o)
 .ARM.attributes
                0x000002a4       0x34 ../libopencm3/lib\libopencm3_stm32f4.a(nvic.o)
 .ARM.attributes
                0x000002d8       0x34 ../libopencm3/lib\libopencm3_stm32f4.a(flash_common_all.o)
 .ARM.attributes
                0x0000030c       0x34 ../libopencm3/lib\libopencm3_stm32f4.a(flash_common_idcache.o)
 .ARM.attributes
                0x00000340       0x34 ../libopencm3/lib\libopencm3_stm32f4.a(pwr.o)

.debug_frame    0x00000000     0x10d4
 .debug_frame   0x00000000       0x50 src/firmware.o
 .debug_frame   0x00000050       0x50 src/timer.o
 .debug_frame   0x000000a0       0xcc ../shared/src/core/system.o
 .debug_frame   0x0000016c       0xfc ../shared/src/core/uart.o
 .debug_frame   0x00000268       0xb0 ../shared/src/core/ring-buffer.o
 .debug_frame   0x00000318       0x70 ../libopencm3/lib\libopencm3_stm32f4.a(gpio_common_f0234.o)
 .debug_frame   0x00000388       0xe0 ../libopencm3/lib\libopencm3_stm32f4.a(rcc_common_all.o)
 .debug_frame   0x00000468      0x234 ../libopencm3/lib\libopencm3_stm32f4.a(rcc.o)
 .debug_frame   0x0000069c      0x520 ../libopencm3/lib\libopencm3_stm32f4.a(timer_common_all.o)
 .debug_frame   0x00000bbc      0x204 ../libopencm3/lib\libopencm3_stm32f4.a(usart_common_all.o)
 .debug_frame   0x00000dc0       0x70 ../libopencm3/lib\libopencm3_stm32f4.a(usart_common_f124.o)
 .debug_frame   0x00000e30       0x4c ../libopencm3/lib\libopencm3_stm32f4.a(vector.o)
 .debug_frame   0x00000e7c       0xd8 ../libopencm3/lib\libopencm3_stm32f4.a(systick.o)
 .debug_frame   0x00000f54       0xa0 ../libopencm3/lib\libopencm3_stm32f4.a(nvic.o)
 .debug_frame   0x00000ff4       0x50 ../libopencm3/lib\libopencm3_stm32f4.a(flash_common_all.o)
 .debug_frame   0x00001044       0x70 ../libopencm3/lib\libopencm3_stm32f4.a(flash_common_idcache.o)
 .debug_frame   0x000010b4       0x20 ../libopencm3/lib\libopencm3_stm32f4.a(pwr.o)

.debug_loclists
                0x00000000      0xeed
 .debug_loclists
                0x00000000       0xf9 ../libopencm3/lib\libopencm3_stm32f4.a(gpio_common_f0234.o)
 .debug_loclists
                0x000000f9       0x97 ../libopencm3/lib\libopencm3_stm32f4.a(rcc_common_all.o)
 .debug_loclists
                0x00000190      0x52f ../libopencm3/lib\libopencm3_stm32f4.a(rcc.o)
 .debug_loclists
                0x000006bf      0x20d ../libopencm3/lib\libopencm3_stm32f4.a(timer_common_all.o)
 .debug_loclists
                0x000008cc      0x21f ../libopencm3/lib\libopencm3_stm32f4.a(usart_common_all.o)
 .debug_loclists
                0x00000aeb       0x79 ../libopencm3/lib\libopencm3_stm32f4.a(usart_common_f124.o)
 .debug_loclists
                0x00000b64       0xa8 ../libopencm3/lib\libopencm3_stm32f4.a(vector.o)
 .debug_loclists
                0x00000c0c      0x192 ../libopencm3/lib\libopencm3_stm32f4.a(systick.o)
 .debug_loclists
                0x00000d9e      0x111 ../libopencm3/lib\libopencm3_stm32f4.a(nvic.o)
 .debug_loclists
                0x00000eaf       0x17 ../libopencm3/lib\libopencm3_stm32f4.a(flash_common_all.o)
 .debug_loclists
                0x00000ec6       0x27 ../libopencm3/lib\libopencm3_stm32f4.a(pwr.o)

Cross Reference Table

Symbol                                            File
__fini_array_end                                  ../libopencm3/lib\libopencm3_stm32f4.a(vector.o)
__fini_array_start                                ../libopencm3/lib\libopencm3_stm32f4.a(vector.o)
__init_array_end                                  ../libopencm3/lib\libopencm3_stm32f4.a(vector.o)
__init_array_start                                ../libopencm3/lib\libopencm3_stm32f4.a(vector.o)
__preinit_array_end                               ../libopencm3/lib\libopencm3_stm32f4.a(vector.o)
__preinit_array_start                             ../libopencm3/lib\libopencm3_stm32f4.a(vector.o)
_data                                             ../libopencm3/lib\libopencm3_stm32f4.a(vector.o)
_data_loadaddr                                    ../libopencm3/lib\libopencm3_stm32f4.a(vector.o)
_ebss                                             ../libopencm3/lib\libopencm3_stm32f4.a(vector.o)
_edata                                            ../libopencm3/lib\libopencm3_stm32f4.a(vector.o)
_stack                                            ../libopencm3/lib\libopencm3_stm32f4.a(vector.o)
adc_isr                                           ../libopencm3/lib\libopencm3_stm32f4.a(vector.o)
blocking_handler                                  ../libopencm3/lib\libopencm3_stm32f4.a(vector.o)
bus_fault_handler                                 ../libopencm3/lib\libopencm3_stm32f4.a(vector.o)
can1_rx0_isr                                      ../libopencm3/lib\libopencm3_stm32f4.a(vector.o)
can1_rx1_isr                                      ../libopencm3/lib\libopencm3_stm32f4.a(vector.o)
can1_sce_isr                                      ../libopencm3/lib\libopencm3_stm32f4.a(vector.o)
can1_tx_isr                                       ../libopencm3/lib\libopencm3_stm32f4.a(vector.o)
can2_rx0_isr                                      ../libopencm3/lib\libopencm3_stm32f4.a(vector.o)
can2_rx1_isr                                      ../libopencm3/lib\libopencm3_stm32f4.a(vector.o)
can2_sce_isr                                      ../libopencm3/lib\libopencm3_stm32f4.a(vector.o)
can2_tx_isr                                       ../libopencm3/lib\libopencm3_stm32f4.a(vector.o)
cryp_isr                                          ../libopencm3/lib\libopencm3_stm32f4.a(vector.o)
data                                              src/firmware.o
dcmi_isr                                          ../libopencm3/lib\libopencm3_stm32f4.a(vector.o)
debug_monitor_handler                             ../libopencm3/lib\libopencm3_stm32f4.a(vector.o)
dma1_stream0_isr                                  ../libopencm3/lib\libopencm3_stm32f4.a(vector.o)
dma1_stream1_isr                                  ../libopencm3/lib\libopencm3_stm32f4.a(vector.o)
dma1_stream2_isr                                  ../libopencm3/lib\libopencm3_stm32f4.a(vector.o)
dma1_stream3_isr                                  ../libopencm3/lib\libopencm3_stm32f4.a(vector.o)
dma1_stream4_isr                                  ../libopencm3/lib\libopencm3_stm32f4.a(vector.o)
dma1_stream5_isr                                  ../libopencm3/lib\libopencm3_stm32f4.a(vector.o)
dma1_stream6_isr                                  ../libopencm3/lib\libopencm3_stm32f4.a(vector.o)
dma1_stream7_isr                                  ../libopencm3/lib\libopencm3_stm32f4.a(vector.o)
dma2_stream0_isr                                  ../libopencm3/lib\libopencm3_stm32f4.a(vector.o)
dma2_stream1_isr                                  ../libopencm3/lib\libopencm3_stm32f4.a(vector.o)
dma2_stream2_isr                                  ../libopencm3/lib\libopencm3_stm32f4.a(vector.o)
dma2_stream3_isr                                  ../libopencm3/lib\libopencm3_stm32f4.a(vector.o)
dma2_stream4_isr                                  ../libopencm3/lib\libopencm3_stm32f4.a(vector.o)
dma2_stream5_isr                                  ../libopencm3/lib\libopencm3_stm32f4.a(vector.o)
dma2_stream6_isr                                  ../libopencm3/lib\libopencm3_stm32f4.a(vector.o)
dma2_stream7_isr                                  ../libopencm3/lib\libopencm3_stm32f4.a(vector.o)
dma2d_isr                                         ../libopencm3/lib\libopencm3_stm32f4.a(vector.o)
eth_isr                                           ../libopencm3/lib\libopencm3_stm32f4.a(vector.o)
eth_wkup_isr                                      ../libopencm3/lib\libopencm3_stm32f4.a(vector.o)
exti0_isr                                         ../libopencm3/lib\libopencm3_stm32f4.a(vector.o)
exti15_10_isr                                     ../libopencm3/lib\libopencm3_stm32f4.a(vector.o)
exti1_isr                                         ../libopencm3/lib\libopencm3_stm32f4.a(vector.o)
exti2_isr                                         ../libopencm3/lib\libopencm3_stm32f4.a(vector.o)
exti3_isr                                         ../libopencm3/lib\libopencm3_stm32f4.a(vector.o)
exti4_isr                                         ../libopencm3/lib\libopencm3_stm32f4.a(vector.o)
exti9_5_isr                                       ../libopencm3/lib\libopencm3_stm32f4.a(vector.o)
flash_dcache_disable                              ../libopencm3/lib\libopencm3_stm32f4.a(flash_common_idcache.o)
                                                  ../libopencm3/lib\libopencm3_stm32f4.a(rcc.o)
flash_dcache_enable                               ../libopencm3/lib\libopencm3_stm32f4.a(flash_common_idcache.o)
                                                  ../libopencm3/lib\libopencm3_stm32f4.a(rcc.o)
flash_dcache_reset                                ../libopencm3/lib\libopencm3_stm32f4.a(flash_common_idcache.o)
flash_icache_disable                              ../libopencm3/lib\libopencm3_stm32f4.a(flash_common_idcache.o)
                                                  ../libopencm3/lib\libopencm3_stm32f4.a(rcc.o)
flash_icache_enable                               ../libopencm3/lib\libopencm3_stm32f4.a(flash_common_idcache.o)
                                                  ../libopencm3/lib\libopencm3_stm32f4.a(rcc.o)
flash_icache_reset                                ../libopencm3/lib\libopencm3_stm32f4.a(flash_common_idcache.o)
flash_isr                                         ../libopencm3/lib\libopencm3_stm32f4.a(vector.o)
flash_prefetch_disable                            ../libopencm3/lib\libopencm3_stm32f4.a(flash_common_all.o)
flash_prefetch_enable                             ../libopencm3/lib\libopencm3_stm32f4.a(flash_common_all.o)
flash_set_ws                                      ../libopencm3/lib\libopencm3_stm32f4.a(flash_common_all.o)
                                                  ../libopencm3/lib\libopencm3_stm32f4.a(rcc.o)
flash_unlock_option_bytes                         ../libopencm3/lib\libopencm3_stm32f4.a(flash_common_all.o)
fpu_isr                                           ../libopencm3/lib\libopencm3_stm32f4.a(vector.o)
fsmc_isr                                          ../libopencm3/lib\libopencm3_stm32f4.a(vector.o)
gpio_mode_setup                                   ../libopencm3/lib\libopencm3_stm32f4.a(gpio_common_f0234.o)
                                                  src/firmware.o
gpio_set_af                                       ../libopencm3/lib\libopencm3_stm32f4.a(gpio_common_f0234.o)
                                                  src/firmware.o
gpio_set_output_options                           ../libopencm3/lib\libopencm3_stm32f4.a(gpio_common_f0234.o)
hard_fault_handler                                ../libopencm3/lib\libopencm3_stm32f4.a(vector.o)
hash_rng_isr                                      ../libopencm3/lib\libopencm3_stm32f4.a(vector.o)
i                                                 src/firmware.o
i2c1_er_isr                                       ../libopencm3/lib\libopencm3_stm32f4.a(vector.o)
i2c1_ev_isr                                       ../libopencm3/lib\libopencm3_stm32f4.a(vector.o)
i2c2_er_isr                                       ../libopencm3/lib\libopencm3_stm32f4.a(vector.o)
i2c2_ev_isr                                       ../libopencm3/lib\libopencm3_stm32f4.a(vector.o)
i2c3_er_isr                                       ../libopencm3/lib\libopencm3_stm32f4.a(vector.o)
i2c3_ev_isr                                       ../libopencm3/lib\libopencm3_stm32f4.a(vector.o)
lcd_tft_err_isr                                   ../libopencm3/lib\libopencm3_stm32f4.a(vector.o)
lcd_tft_isr                                       ../libopencm3/lib\libopencm3_stm32f4.a(vector.o)
main                                              src/firmware.o
                                                  ../libopencm3/lib\libopencm3_stm32f4.a(vector.o)
mem_manage_handler                                ../libopencm3/lib\libopencm3_stm32f4.a(vector.o)
msg_buffer                                        src/firmware.o
nmi_handler                                       ../libopencm3/lib\libopencm3_stm32f4.a(vector.o)
null_handler                                      ../libopencm3/lib\libopencm3_stm32f4.a(vector.o)
nvic_clear_pending_irq                            ../libopencm3/lib\libopencm3_stm32f4.a(nvic.o)
nvic_disable_irq                                  ../libopencm3/lib\libopencm3_stm32f4.a(nvic.o)
nvic_enable_irq                                   ../libopencm3/lib\libopencm3_stm32f4.a(nvic.o)
                                                  ../shared/src/core/uart.o
nvic_generate_software_interrupt                  ../libopencm3/lib\libopencm3_stm32f4.a(nvic.o)
nvic_get_active_irq                               ../libopencm3/lib\libopencm3_stm32f4.a(nvic.o)
nvic_get_irq_enabled                              ../libopencm3/lib\libopencm3_stm32f4.a(nvic.o)
nvic_get_pending_irq                              ../libopencm3/lib\libopencm3_stm32f4.a(nvic.o)
nvic_set_pending_irq                              ../libopencm3/lib\libopencm3_stm32f4.a(nvic.o)
nvic_set_priority                                 ../libopencm3/lib\libopencm3_stm32f4.a(nvic.o)
nvic_wwdg_isr                                     ../libopencm3/lib\libopencm3_stm32f4.a(vector.o)
otg_fs_isr                                        ../libopencm3/lib\libopencm3_stm32f4.a(vector.o)
otg_hs_ep1_in_isr                                 ../libopencm3/lib\libopencm3_stm32f4.a(vector.o)
otg_hs_ep1_out_isr                                ../libopencm3/lib\libopencm3_stm32f4.a(vector.o)
otg_hs_isr                                        ../libopencm3/lib\libopencm3_stm32f4.a(vector.o)
otg_hs_wkup_isr                                   ../libopencm3/lib\libopencm3_stm32f4.a(vector.o)
pend_sv_handler                                   ../libopencm3/lib\libopencm3_stm32f4.a(vector.o)
pvd_isr                                           ../libopencm3/lib\libopencm3_stm32f4.a(vector.o)
pwr_set_vos_scale                                 ../libopencm3/lib\libopencm3_stm32f4.a(pwr.o)
                                                  ../libopencm3/lib\libopencm3_stm32f4.a(rcc.o)
rcc_ahb_frequency                                 ../libopencm3/lib\libopencm3_stm32f4.a(rcc.o)
rcc_apb1_frequency                                ../libopencm3/lib\libopencm3_stm32f4.a(rcc.o)
rcc_apb2_frequency                                ../libopencm3/lib\libopencm3_stm32f4.a(rcc.o)
rcc_clock_setup_hse_3v3                           ../libopencm3/lib\libopencm3_stm32f4.a(rcc.o)
rcc_clock_setup_pll                               ../libopencm3/lib\libopencm3_stm32f4.a(rcc.o)
                                                  ../shared/src/core/system.o
rcc_css_disable                                   ../libopencm3/lib\libopencm3_stm32f4.a(rcc.o)
rcc_css_enable                                    ../libopencm3/lib\libopencm3_stm32f4.a(rcc.o)
rcc_css_int_clear                                 ../libopencm3/lib\libopencm3_stm32f4.a(rcc.o)
rcc_css_int_flag                                  ../libopencm3/lib\libopencm3_stm32f4.a(rcc.o)
rcc_get_div_from_hpre                             ../libopencm3/lib\libopencm3_stm32f4.a(rcc_common_all.o)
rcc_get_i2c_clk_freq                              ../libopencm3/lib\libopencm3_stm32f4.a(rcc.o)
rcc_get_spi_clk_freq                              ../libopencm3/lib\libopencm3_stm32f4.a(rcc.o)
rcc_get_timer_clk_freq                            ../libopencm3/lib\libopencm3_stm32f4.a(rcc.o)
rcc_get_usart_clk_freq                            ../libopencm3/lib\libopencm3_stm32f4.a(rcc.o)
                                                  ../libopencm3/lib\libopencm3_stm32f4.a(usart_common_all.o)
rcc_hse_12mhz_3v3                                 ../libopencm3/lib\libopencm3_stm32f4.a(rcc.o)
rcc_hse_16mhz_3v3                                 ../libopencm3/lib\libopencm3_stm32f4.a(rcc.o)
rcc_hse_25mhz_3v3                                 ../libopencm3/lib\libopencm3_stm32f4.a(rcc.o)
rcc_hse_8mhz_3v3                                  ../libopencm3/lib\libopencm3_stm32f4.a(rcc.o)
rcc_hsi_configs                                   ../libopencm3/lib\libopencm3_stm32f4.a(rcc.o)
                                                  ../shared/src/core/system.o
rcc_is_osc_ready                                  ../libopencm3/lib\libopencm3_stm32f4.a(rcc.o)
rcc_isr                                           ../libopencm3/lib\libopencm3_stm32f4.a(vector.o)
rcc_osc_bypass_disable                            ../libopencm3/lib\libopencm3_stm32f4.a(rcc_common_all.o)
rcc_osc_bypass_enable                             ../libopencm3/lib\libopencm3_stm32f4.a(rcc_common_all.o)
rcc_osc_off                                       ../libopencm3/lib\libopencm3_stm32f4.a(rcc.o)
rcc_osc_on                                        ../libopencm3/lib\libopencm3_stm32f4.a(rcc.o)
rcc_osc_ready_int_clear                           ../libopencm3/lib\libopencm3_stm32f4.a(rcc.o)
rcc_osc_ready_int_disable                         ../libopencm3/lib\libopencm3_stm32f4.a(rcc.o)
rcc_osc_ready_int_enable                          ../libopencm3/lib\libopencm3_stm32f4.a(rcc.o)
rcc_osc_ready_int_flag                            ../libopencm3/lib\libopencm3_stm32f4.a(rcc.o)
rcc_periph_clock_disable                          ../libopencm3/lib\libopencm3_stm32f4.a(rcc_common_all.o)
rcc_periph_clock_enable                           ../libopencm3/lib\libopencm3_stm32f4.a(rcc_common_all.o)
                                                  ../libopencm3/lib\libopencm3_stm32f4.a(rcc.o)
                                                  ../shared/src/core/uart.o
                                                  src/timer.o
                                                  src/firmware.o
rcc_periph_reset_hold                             ../libopencm3/lib\libopencm3_stm32f4.a(rcc_common_all.o)
rcc_periph_reset_pulse                            ../libopencm3/lib\libopencm3_stm32f4.a(rcc_common_all.o)
rcc_periph_reset_release                          ../libopencm3/lib\libopencm3_stm32f4.a(rcc_common_all.o)
rcc_peripheral_clear_reset                        ../libopencm3/lib\libopencm3_stm32f4.a(rcc_common_all.o)
rcc_peripheral_disable_clock                      ../libopencm3/lib\libopencm3_stm32f4.a(rcc_common_all.o)
rcc_peripheral_enable_clock                       ../libopencm3/lib\libopencm3_stm32f4.a(rcc_common_all.o)
rcc_peripheral_reset                              ../libopencm3/lib\libopencm3_stm32f4.a(rcc_common_all.o)
rcc_plli2s_config                                 ../libopencm3/lib\libopencm3_stm32f4.a(rcc.o)
rcc_pllsai_config                                 ../libopencm3/lib\libopencm3_stm32f4.a(rcc.o)
rcc_pllsai_postscalers                            ../libopencm3/lib\libopencm3_stm32f4.a(rcc.o)
rcc_set_hpre                                      ../libopencm3/lib\libopencm3_stm32f4.a(rcc.o)
rcc_set_main_pll_hse                              ../libopencm3/lib\libopencm3_stm32f4.a(rcc.o)
rcc_set_main_pll_hsi                              ../libopencm3/lib\libopencm3_stm32f4.a(rcc.o)
rcc_set_mco                                       ../libopencm3/lib\libopencm3_stm32f4.a(rcc_common_all.o)
rcc_set_pll_source                                ../libopencm3/lib\libopencm3_stm32f4.a(rcc.o)
rcc_set_ppre1                                     ../libopencm3/lib\libopencm3_stm32f4.a(rcc.o)
rcc_set_ppre2                                     ../libopencm3/lib\libopencm3_stm32f4.a(rcc.o)
rcc_set_rtcpre                                    ../libopencm3/lib\libopencm3_stm32f4.a(rcc.o)
rcc_set_sysclk_source                             ../libopencm3/lib\libopencm3_stm32f4.a(rcc.o)
rcc_setup                                         ../shared/src/core/system.o
rcc_system_clock_source                           ../libopencm3/lib\libopencm3_stm32f4.a(rcc.o)
rcc_wait_for_osc_ready                            ../libopencm3/lib\libopencm3_stm32f4.a(rcc.o)
rcc_wait_for_sysclk_status                        ../libopencm3/lib\libopencm3_stm32f4.a(rcc.o)
reset_handler                                     ../libopencm3/lib\libopencm3_stm32f4.a(vector.o)
ring_buffer_empty                                 ../shared/src/core/ring-buffer.o
                                                  ../shared/src/core/uart.o
ring_buffer_read                                  ../shared/src/core/ring-buffer.o
                                                  ../shared/src/core/uart.o
ring_buffer_setup                                 ../shared/src/core/ring-buffer.o
                                                  ../shared/src/core/uart.o
ring_buffer_write                                 ../shared/src/core/ring-buffer.o
                                                  ../shared/src/core/uart.o
rtc_alarm_isr                                     ../libopencm3/lib\libopencm3_stm32f4.a(vector.o)
rtc_wkup_isr                                      ../libopencm3/lib\libopencm3_stm32f4.a(vector.o)
sai1_isr                                          ../libopencm3/lib\libopencm3_stm32f4.a(vector.o)
sdio_isr                                          ../libopencm3/lib\libopencm3_stm32f4.a(vector.o)
spi1_isr                                          ../libopencm3/lib\libopencm3_stm32f4.a(vector.o)
spi2_isr                                          ../libopencm3/lib\libopencm3_stm32f4.a(vector.o)
spi3_isr                                          ../libopencm3/lib\libopencm3_stm32f4.a(vector.o)
spi4_isr                                          ../libopencm3/lib\libopencm3_stm32f4.a(vector.o)
spi5_isr                                          ../libopencm3/lib\libopencm3_stm32f4.a(vector.o)
spi6_isr                                          ../libopencm3/lib\libopencm3_stm32f4.a(vector.o)
sv_call_handler                                   ../libopencm3/lib\libopencm3_stm32f4.a(vector.o)
sys_tick_handler                                  ../shared/src/core/system.o
system_delay                                      ../shared/src/core/system.o
system_get_ticks                                  ../shared/src/core/system.o
                                                  src/firmware.o
system_setup                                      ../shared/src/core/system.o
                                                  src/firmware.o
systick_clear                                     ../libopencm3/lib\libopencm3_stm32f4.a(systick.o)
systick_counter_disable                           ../libopencm3/lib\libopencm3_stm32f4.a(systick.o)
systick_counter_enable                            ../libopencm3/lib\libopencm3_stm32f4.a(systick.o)
                                                  ../shared/src/core/system.o
systick_get_calib                                 ../libopencm3/lib\libopencm3_stm32f4.a(systick.o)
systick_get_countflag                             ../libopencm3/lib\libopencm3_stm32f4.a(systick.o)
systick_get_reload                                ../libopencm3/lib\libopencm3_stm32f4.a(systick.o)
systick_get_value                                 ../libopencm3/lib\libopencm3_stm32f4.a(systick.o)
systick_interrupt_disable                         ../libopencm3/lib\libopencm3_stm32f4.a(systick.o)
systick_interrupt_enable                          ../libopencm3/lib\libopencm3_stm32f4.a(systick.o)
                                                  ../shared/src/core/system.o
systick_set_clocksource                           ../libopencm3/lib\libopencm3_stm32f4.a(systick.o)
systick_set_frequency                             ../libopencm3/lib\libopencm3_stm32f4.a(systick.o)
                                                  ../shared/src/core/system.o
systick_set_reload                                ../libopencm3/lib\libopencm3_stm32f4.a(systick.o)
systick_setup                                     ../shared/src/core/system.o
tamp_stamp_isr                                    ../libopencm3/lib\libopencm3_stm32f4.a(vector.o)
tim1_brk_tim9_isr                                 ../libopencm3/lib\libopencm3_stm32f4.a(vector.o)
tim1_cc_isr                                       ../libopencm3/lib\libopencm3_stm32f4.a(vector.o)
tim1_trg_com_tim11_isr                            ../libopencm3/lib\libopencm3_stm32f4.a(vector.o)
tim1_up_tim10_isr                                 ../libopencm3/lib\libopencm3_stm32f4.a(vector.o)
tim2_isr                                          ../libopencm3/lib\libopencm3_stm32f4.a(vector.o)
tim3_isr                                          ../libopencm3/lib\libopencm3_stm32f4.a(vector.o)
tim4_isr                                          ../libopencm3/lib\libopencm3_stm32f4.a(vector.o)
tim5_isr                                          ../libopencm3/lib\libopencm3_stm32f4.a(vector.o)
tim6_dac_isr                                      ../libopencm3/lib\libopencm3_stm32f4.a(vector.o)
tim7_isr                                          ../libopencm3/lib\libopencm3_stm32f4.a(vector.o)
tim8_brk_tim12_isr                                ../libopencm3/lib\libopencm3_stm32f4.a(vector.o)
tim8_cc_isr                                       ../libopencm3/lib\libopencm3_stm32f4.a(vector.o)
tim8_trg_com_tim14_isr                            ../libopencm3/lib\libopencm3_stm32f4.a(vector.o)
tim8_up_tim13_isr                                 ../libopencm3/lib\libopencm3_stm32f4.a(vector.o)
timer_clear_flag                                  ../libopencm3/lib\libopencm3_stm32f4.a(timer_common_all.o)
timer_continuous_mode                             ../libopencm3/lib\libopencm3_stm32f4.a(timer_common_all.o)
timer_direction_down                              ../libopencm3/lib\libopencm3_stm32f4.a(timer_common_all.o)
timer_direction_up                                ../libopencm3/lib\libopencm3_stm32f4.a(timer_common_all.o)
timer_disable_break                               ../libopencm3/lib\libopencm3_stm32f4.a(timer_common_all.o)
timer_disable_break_automatic_output              ../libopencm3/lib\libopencm3_stm32f4.a(timer_common_all.o)
timer_disable_break_main_output                   ../libopencm3/lib\libopencm3_stm32f4.a(timer_common_all.o)
timer_disable_compare_control_update_on_trigger   ../libopencm3/lib\libopencm3_stm32f4.a(timer_common_all.o)
timer_disable_counter                             ../libopencm3/lib\libopencm3_stm32f4.a(timer_common_all.o)
timer_disable_irq                                 ../libopencm3/lib\libopencm3_stm32f4.a(timer_common_all.o)
timer_disable_oc_clear                            ../libopencm3/lib\libopencm3_stm32f4.a(timer_common_all.o)
timer_disable_oc_output                           ../libopencm3/lib\libopencm3_stm32f4.a(timer_common_all.o)
timer_disable_oc_preload                          ../libopencm3/lib\libopencm3_stm32f4.a(timer_common_all.o)
timer_disable_preload                             ../libopencm3/lib\libopencm3_stm32f4.a(timer_common_all.o)
timer_disable_preload_complementry_enable_bits    ../libopencm3/lib\libopencm3_stm32f4.a(timer_common_all.o)
timer_disable_update_event                        ../libopencm3/lib\libopencm3_stm32f4.a(timer_common_all.o)
timer_enable_break                                ../libopencm3/lib\libopencm3_stm32f4.a(timer_common_all.o)
timer_enable_break_automatic_output               ../libopencm3/lib\libopencm3_stm32f4.a(timer_common_all.o)
timer_enable_break_main_output                    ../libopencm3/lib\libopencm3_stm32f4.a(timer_common_all.o)
timer_enable_compare_control_update_on_trigger    ../libopencm3/lib\libopencm3_stm32f4.a(timer_common_all.o)
timer_enable_counter                              ../libopencm3/lib\libopencm3_stm32f4.a(timer_common_all.o)
                                                  src/timer.o
timer_enable_irq                                  ../libopencm3/lib\libopencm3_stm32f4.a(timer_common_all.o)
timer_enable_oc_clear                             ../libopencm3/lib\libopencm3_stm32f4.a(timer_common_all.o)
timer_enable_oc_output                            ../libopencm3/lib\libopencm3_stm32f4.a(timer_common_all.o)
                                                  src/timer.o
timer_enable_oc_preload                           ../libopencm3/lib\libopencm3_stm32f4.a(timer_common_all.o)
timer_enable_preload                              ../libopencm3/lib\libopencm3_stm32f4.a(timer_common_all.o)
timer_enable_preload_complementry_enable_bits     ../libopencm3/lib\libopencm3_stm32f4.a(timer_common_all.o)
timer_enable_update_event                         ../libopencm3/lib\libopencm3_stm32f4.a(timer_common_all.o)
timer_generate_event                              ../libopencm3/lib\libopencm3_stm32f4.a(timer_common_all.o)
timer_get_counter                                 ../libopencm3/lib\libopencm3_stm32f4.a(timer_common_all.o)
timer_get_flag                                    ../libopencm3/lib\libopencm3_stm32f4.a(timer_common_all.o)
timer_ic_disable                                  ../libopencm3/lib\libopencm3_stm32f4.a(timer_common_all.o)
timer_ic_enable                                   ../libopencm3/lib\libopencm3_stm32f4.a(timer_common_all.o)
timer_ic_set_filter                               ../libopencm3/lib\libopencm3_stm32f4.a(timer_common_all.o)
timer_ic_set_input                                ../libopencm3/lib\libopencm3_stm32f4.a(timer_common_all.o)
timer_ic_set_prescaler                            ../libopencm3/lib\libopencm3_stm32f4.a(timer_common_all.o)
timer_interrupt_source                            ../libopencm3/lib\libopencm3_stm32f4.a(timer_common_all.o)
timer_one_shot_mode                               ../libopencm3/lib\libopencm3_stm32f4.a(timer_common_all.o)
timer_pwm_set_duty_cycle                          src/timer.o
                                                  src/firmware.o
timer_reset_output_idle_state                     ../libopencm3/lib\libopencm3_stm32f4.a(timer_common_all.o)
timer_set_alignment                               ../libopencm3/lib\libopencm3_stm32f4.a(timer_common_all.o)
timer_set_break_lock                              ../libopencm3/lib\libopencm3_stm32f4.a(timer_common_all.o)
timer_set_break_polarity_high                     ../libopencm3/lib\libopencm3_stm32f4.a(timer_common_all.o)
timer_set_break_polarity_low                      ../libopencm3/lib\libopencm3_stm32f4.a(timer_common_all.o)
timer_set_clock_division                          ../libopencm3/lib\libopencm3_stm32f4.a(timer_common_all.o)
timer_set_counter                                 ../libopencm3/lib\libopencm3_stm32f4.a(timer_common_all.o)
timer_set_deadtime                                ../libopencm3/lib\libopencm3_stm32f4.a(timer_common_all.o)
timer_set_disabled_off_state_in_idle_mode         ../libopencm3/lib\libopencm3_stm32f4.a(timer_common_all.o)
timer_set_disabled_off_state_in_run_mode          ../libopencm3/lib\libopencm3_stm32f4.a(timer_common_all.o)
timer_set_dma_on_compare_event                    ../libopencm3/lib\libopencm3_stm32f4.a(timer_common_all.o)
timer_set_dma_on_update_event                     ../libopencm3/lib\libopencm3_stm32f4.a(timer_common_all.o)
timer_set_enabled_off_state_in_idle_mode          ../libopencm3/lib\libopencm3_stm32f4.a(timer_common_all.o)
timer_set_enabled_off_state_in_run_mode           ../libopencm3/lib\libopencm3_stm32f4.a(timer_common_all.o)
timer_set_master_mode                             ../libopencm3/lib\libopencm3_stm32f4.a(timer_common_all.o)
timer_set_mode                                    ../libopencm3/lib\libopencm3_stm32f4.a(timer_common_all.o)
                                                  src/timer.o
timer_set_oc1_mode                                ../libopencm3/lib\libopencm3_stm32f4.a(timer_common_all.o)
timer_set_oc2_mode                                ../libopencm3/lib\libopencm3_stm32f4.a(timer_common_all.o)
timer_set_oc3_mode                                ../libopencm3/lib\libopencm3_stm32f4.a(timer_common_all.o)
timer_set_oc4_mode                                ../libopencm3/lib\libopencm3_stm32f4.a(timer_common_all.o)
timer_set_oc_fast_mode                            ../libopencm3/lib\libopencm3_stm32f4.a(timer_common_all.o)
timer_set_oc_idle_state_set                       ../libopencm3/lib\libopencm3_stm32f4.a(timer_common_all.o)
timer_set_oc_idle_state_unset                     ../libopencm3/lib\libopencm3_stm32f4.a(timer_common_all.o)
timer_set_oc_mode                                 ../libopencm3/lib\libopencm3_stm32f4.a(timer_common_all.o)
                                                  src/timer.o
timer_set_oc_polarity_high                        ../libopencm3/lib\libopencm3_stm32f4.a(timer_common_all.o)
timer_set_oc_polarity_low                         ../libopencm3/lib\libopencm3_stm32f4.a(timer_common_all.o)
timer_set_oc_slow_mode                            ../libopencm3/lib\libopencm3_stm32f4.a(timer_common_all.o)
timer_set_oc_value                                ../libopencm3/lib\libopencm3_stm32f4.a(timer_common_all.o)
                                                  src/timer.o
timer_set_output_idle_state                       ../libopencm3/lib\libopencm3_stm32f4.a(timer_common_all.o)
timer_set_period                                  ../libopencm3/lib\libopencm3_stm32f4.a(timer_common_all.o)
                                                  src/timer.o
timer_set_prescaler                               ../libopencm3/lib\libopencm3_stm32f4.a(timer_common_all.o)
                                                  src/timer.o
timer_set_repetition_counter                      ../libopencm3/lib\libopencm3_stm32f4.a(timer_common_all.o)
timer_set_ti1_ch1                                 ../libopencm3/lib\libopencm3_stm32f4.a(timer_common_all.o)
timer_set_ti1_ch123_xor                           ../libopencm3/lib\libopencm3_stm32f4.a(timer_common_all.o)
timer_setup                                       src/timer.o
                                                  src/firmware.o
timer_slave_set_extclockmode2                     ../libopencm3/lib\libopencm3_stm32f4.a(timer_common_all.o)
timer_slave_set_filter                            ../libopencm3/lib\libopencm3_stm32f4.a(timer_common_all.o)
timer_slave_set_mode                              ../libopencm3/lib\libopencm3_stm32f4.a(timer_common_all.o)
timer_slave_set_polarity                          ../libopencm3/lib\libopencm3_stm32f4.a(timer_common_all.o)
timer_slave_set_prescaler                         ../libopencm3/lib\libopencm3_stm32f4.a(timer_common_all.o)
timer_slave_set_trigger                           ../libopencm3/lib\libopencm3_stm32f4.a(timer_common_all.o)
timer_update_on_any                               ../libopencm3/lib\libopencm3_stm32f4.a(timer_common_all.o)
timer_update_on_overflow                          ../libopencm3/lib\libopencm3_stm32f4.a(timer_common_all.o)
uart4_isr                                         ../libopencm3/lib\libopencm3_stm32f4.a(vector.o)
uart5_isr                                         ../libopencm3/lib\libopencm3_stm32f4.a(vector.o)
uart7_isr                                         ../libopencm3/lib\libopencm3_stm32f4.a(vector.o)
uart8_isr                                         ../libopencm3/lib\libopencm3_stm32f4.a(vector.o)
uart_data_available                               ../shared/src/core/uart.o
                                                  src/firmware.o
uart_read                                         ../shared/src/core/uart.o
uart_read_byte                                    ../shared/src/core/uart.o
                                                  src/firmware.o
uart_setup                                        ../shared/src/core/uart.o
                                                  src/firmware.o
uart_write                                        ../shared/src/core/uart.o
uart_write_byte                                   ../shared/src/core/uart.o
                                                  src/firmware.o
usage_fault_handler                               ../libopencm3/lib\libopencm3_stm32f4.a(vector.o)
usart1_isr                                        ../libopencm3/lib\libopencm3_stm32f4.a(vector.o)
usart2_isr                                        ../shared/src/core/uart.o
usart3_isr                                        ../libopencm3/lib\libopencm3_stm32f4.a(vector.o)
usart6_isr                                        ../libopencm3/lib\libopencm3_stm32f4.a(vector.o)
usart_disable                                     ../libopencm3/lib\libopencm3_stm32f4.a(usart_common_all.o)
usart_disable_error_interrupt                     ../libopencm3/lib\libopencm3_stm32f4.a(usart_common_all.o)
usart_disable_idle_interrupt                      ../libopencm3/lib\libopencm3_stm32f4.a(usart_common_all.o)
usart_disable_rx_dma                              ../libopencm3/lib\libopencm3_stm32f4.a(usart_common_all.o)
usart_disable_rx_interrupt                        ../libopencm3/lib\libopencm3_stm32f4.a(usart_common_all.o)
usart_disable_tx_complete_interrupt               ../libopencm3/lib\libopencm3_stm32f4.a(usart_common_all.o)
usart_disable_tx_dma                              ../libopencm3/lib\libopencm3_stm32f4.a(usart_common_all.o)
usart_disable_tx_interrupt                        ../libopencm3/lib\libopencm3_stm32f4.a(usart_common_all.o)
usart_enable                                      ../libopencm3/lib\libopencm3_stm32f4.a(usart_common_all.o)
                                                  ../shared/src/core/uart.o
usart_enable_error_interrupt                      ../libopencm3/lib\libopencm3_stm32f4.a(usart_common_all.o)
usart_enable_idle_interrupt                       ../libopencm3/lib\libopencm3_stm32f4.a(usart_common_all.o)
usart_enable_rx_dma                               ../libopencm3/lib\libopencm3_stm32f4.a(usart_common_all.o)
usart_enable_rx_interrupt                         ../libopencm3/lib\libopencm3_stm32f4.a(usart_common_all.o)
                                                  ../shared/src/core/uart.o
usart_enable_tx_complete_interrupt                ../libopencm3/lib\libopencm3_stm32f4.a(usart_common_all.o)
usart_enable_tx_dma                               ../libopencm3/lib\libopencm3_stm32f4.a(usart_common_all.o)
usart_enable_tx_interrupt                         ../libopencm3/lib\libopencm3_stm32f4.a(usart_common_all.o)
usart_get_baudrate                                ../libopencm3/lib\libopencm3_stm32f4.a(usart_common_all.o)
usart_get_databits                                ../libopencm3/lib\libopencm3_stm32f4.a(usart_common_all.o)
usart_get_flag                                    ../libopencm3/lib\libopencm3_stm32f4.a(usart_common_f124.o)
                                                  ../shared/src/core/uart.o
usart_get_parity                                  ../libopencm3/lib\libopencm3_stm32f4.a(usart_common_all.o)
usart_get_stopbits                                ../libopencm3/lib\libopencm3_stm32f4.a(usart_common_all.o)
usart_recv                                        ../libopencm3/lib\libopencm3_stm32f4.a(usart_common_f124.o)
                                                  ../libopencm3/lib\libopencm3_stm32f4.a(usart_common_all.o)
                                                  ../shared/src/core/uart.o
usart_recv_blocking                               ../libopencm3/lib\libopencm3_stm32f4.a(usart_common_all.o)
usart_send                                        ../libopencm3/lib\libopencm3_stm32f4.a(usart_common_f124.o)
                                                  ../libopencm3/lib\libopencm3_stm32f4.a(usart_common_all.o)
usart_send_blocking                               ../libopencm3/lib\libopencm3_stm32f4.a(usart_common_all.o)
                                                  ../shared/src/core/uart.o
usart_set_baudrate                                ../libopencm3/lib\libopencm3_stm32f4.a(usart_common_all.o)
                                                  ../shared/src/core/uart.o
usart_set_databits                                ../libopencm3/lib\libopencm3_stm32f4.a(usart_common_all.o)
                                                  ../shared/src/core/uart.o
usart_set_flow_control                            ../libopencm3/lib\libopencm3_stm32f4.a(usart_common_all.o)
                                                  ../shared/src/core/uart.o
usart_set_mode                                    ../libopencm3/lib\libopencm3_stm32f4.a(usart_common_all.o)
                                                  ../shared/src/core/uart.o
usart_set_oversampling                            ../libopencm3/lib\libopencm3_stm32f4.a(usart_common_f124.o)
usart_set_parity                                  ../libopencm3/lib\libopencm3_stm32f4.a(usart_common_all.o)
                                                  ../shared/src/core/uart.o
usart_set_stopbits                                ../libopencm3/lib\libopencm3_stm32f4.a(usart_common_all.o)
                                                  ../shared/src/core/uart.o
usart_wait_recv_ready                             ../libopencm3/lib\libopencm3_stm32f4.a(usart_common_f124.o)
                                                  ../libopencm3/lib\libopencm3_stm32f4.a(usart_common_all.o)
usart_wait_send_ready                             ../libopencm3/lib\libopencm3_stm32f4.a(usart_common_f124.o)
                                                  ../libopencm3/lib\libopencm3_stm32f4.a(usart_common_all.o)
usb_fs_wkup_isr                                   ../libopencm3/lib\libopencm3_stm32f4.a(vector.o)
vector_table                                      ../libopencm3/lib\libopencm3_stm32f4.a(vector.o)
