Archive member included to satisfy reference by file (symbol)

../libopencm3/lib\libopencm3_stm32f4.a(gpio_common_f0234.o)
                              src/firmware.o (gpio_mode_setup)
../libopencm3/lib\libopencm3_stm32f4.a(rcc_common_all.o)
                              src/firmware.o (rcc_periph_clock_enable)
../libopencm3/lib\libopencm3_stm32f4.a(rcc.o)
                              ../shared/src/core/system.o (rcc_clock_setup_pll)
../libopencm3/lib\libopencm3_stm32f4.a(timer_common_all.o)
                              src/timer.o (timer_set_mode)
../libopencm3/lib\libopencm3_stm32f4.a(usart_common_all.o)
                              ../shared/src/core/uart.o (usart_set_baudrate)
../libopencm3/lib\libopencm3_stm32f4.a(usart_common_f124.o)
                              ../libopencm3/lib\libopencm3_stm32f4.a(usart_common_all.o) (usart_send)
../libopencm3/lib\libopencm3_stm32f4.a(vector.o)
                              (reset_handler)
../libopencm3/lib\libopencm3_stm32f4.a(systick.o)
                              ../shared/src/core/system.o (systick_set_frequency)
../libopencm3/lib\libopencm3_stm32f4.a(nvic.o)
                              ../shared/src/core/uart.o (nvic_enable_irq)
../libopencm3/lib\libopencm3_stm32f4.a(flash_common_all.o)
                              ../libopencm3/lib\libopencm3_stm32f4.a(rcc.o) (flash_set_ws)
../libopencm3/lib\libopencm3_stm32f4.a(flash_common_idcache.o)
                              ../libopencm3/lib\libopencm3_stm32f4.a(rcc.o) (flash_dcache_enable)
../libopencm3/lib\libopencm3_stm32f4.a(pwr.o)
                              ../libopencm3/lib\libopencm3_stm32f4.a(rcc.o) (pwr_set_vos_scale)
C:/Program Files/Arm/GNU Toolchain mingw-w64-x86_64-arm-none-eabi/bin/../lib/gcc/arm-none-eabi/15.2.1/../../../../arm-none-eabi/lib/thumb/v7e-m+fp/hard\libc.a(libc_a-sprintf.o)
                              src/firmware.o (sprintf)
C:/Program Files/Arm/GNU Toolchain mingw-w64-x86_64-arm-none-eabi/bin/../lib/gcc/arm-none-eabi/15.2.1/../../../../arm-none-eabi/lib/thumb/v7e-m+fp/hard\libc.a(libc_a-impure.o)
                              C:/Program Files/Arm/GNU Toolchain mingw-w64-x86_64-arm-none-eabi/bin/../lib/gcc/arm-none-eabi/15.2.1/../../../../arm-none-eabi/lib/thumb/v7e-m+fp/hard\libc.a(libc_a-sprintf.o) (_impure_ptr)
C:/Program Files/Arm/GNU Toolchain mingw-w64-x86_64-arm-none-eabi/bin/../lib/gcc/arm-none-eabi/15.2.1/../../../../arm-none-eabi/lib/thumb/v7e-m+fp/hard\libc.a(libc_a-svfprintf.o)
                              C:/Program Files/Arm/GNU Toolchain mingw-w64-x86_64-arm-none-eabi/bin/../lib/gcc/arm-none-eabi/15.2.1/../../../../arm-none-eabi/lib/thumb/v7e-m+fp/hard\libc.a(libc_a-sprintf.o) (_svfprintf_r)
C:/Program Files/Arm/GNU Toolchain mingw-w64-x86_64-arm-none-eabi/bin/../lib/gcc/arm-none-eabi/15.2.1/../../../../arm-none-eabi/lib/thumb/v7e-m+fp/hard\libc.a(libc_a-ssprint_r.o)
                              C:/Program Files/Arm/GNU Toolchain mingw-w64-x86_64-arm-none-eabi/bin/../lib/gcc/arm-none-eabi/15.2.1/../../../../arm-none-eabi/lib/thumb/v7e-m+fp/hard\libc.a(libc_a-svfprintf.o) (__ssprint_r)
C:/Program Files/Arm/GNU Toolchain mingw-w64-x86_64-arm-none-eabi/bin/../lib/gcc/arm-none-eabi/15.2.1/../../../../arm-none-eabi/lib/thumb/v7e-m+fp/hard\libc.a(libc_a-findfp.o)
                              C:/Program Files/Arm/GNU Toolchain mingw-w64-x86_64-arm-none-eabi/bin/../lib/gcc/arm-none-eabi/15.2.1/../../../../arm-none-eabi/lib/thumb/v7e-m+fp/hard\libc.a(libc_a-impure.o) (__sf)
C:/Program Files/Arm/GNU Toolchain mingw-w64-x86_64-arm-none-eabi/bin/../lib/gcc/arm-none-eabi/15.2.1/../../../../arm-none-eabi/lib/thumb/v7e-m+fp/hard\libc.a(libc_a-fwalk.o)
                              C:/Program Files/Arm/GNU Toolchain mingw-w64-x86_64-arm-none-eabi/bin/../lib/gcc/arm-none-eabi/15.2.1/../../../../arm-none-eabi/lib/thumb/v7e-m+fp/hard\libc.a(libc_a-findfp.o) (_fwalk_sglue)
C:/Program Files/Arm/GNU Toolchain mingw-w64-x86_64-arm-none-eabi/bin/../lib/gcc/arm-none-eabi/15.2.1/../../../../arm-none-eabi/lib/thumb/v7e-m+fp/hard\libc.a(libc_a-stdio.o)
                              C:/Program Files/Arm/GNU Toolchain mingw-w64-x86_64-arm-none-eabi/bin/../lib/gcc/arm-none-eabi/15.2.1/../../../../arm-none-eabi/lib/thumb/v7e-m+fp/hard\libc.a(libc_a-findfp.o) (__sread)
C:/Program Files/Arm/GNU Toolchain mingw-w64-x86_64-arm-none-eabi/bin/../lib/gcc/arm-none-eabi/15.2.1/../../../../arm-none-eabi/lib/thumb/v7e-m+fp/hard\libc.a(libc_a-memset.o)
                              C:/Program Files/Arm/GNU Toolchain mingw-w64-x86_64-arm-none-eabi/bin/../lib/gcc/arm-none-eabi/15.2.1/../../../../arm-none-eabi/lib/thumb/v7e-m+fp/hard\libc.a(libc_a-svfprintf.o) (memset)
C:/Program Files/Arm/GNU Toolchain mingw-w64-x86_64-arm-none-eabi/bin/../lib/gcc/arm-none-eabi/15.2.1/../../../../arm-none-eabi/lib/thumb/v7e-m+fp/hard\libc.a(libc_a-strncpy.o)
[...]
Memory Configuration

Name             Origin             Length             Attributes
rom              0x08008000         0x00018000         xr
ram              0x20000000         0x00008000         xrw
*default*        0x00000000         0xffffffff

Linker script and memory map

LOAD src/firmware.o
LOAD src/timer.o
LOAD ../shared/src/core/system.o
LOAD ../shared/src/core/uart.o
LOAD ../libopencm3/lib\libopencm3_stm32f4.a
START GROUP
LOAD C:/Program Files/Arm/GNU Toolchain mingw-w64-x86_64-arm-none-eabi/bin/../lib/gcc/arm-none-eabi/15.2.1/../../../../arm-none-eabi/lib/thumb/v7e-m+fp/hard\libc.a
LOAD C:/Program Files/Arm/GNU Toolchain mingw-w64-x86_64-arm-none-eabi/bin/../lib/gcc/arm-none-eabi/15.2.1/thumb/v7e-m+fp/hard\libgcc.a
LOAD C:/Program Files/Arm/GNU Toolchain mingw-w64-x86_64-arm-none-eabi/bin/../lib/gcc/arm-none-eabi/15.2.1/../../../../arm-none-eabi/lib/thumb/v7e-m+fp/hard\libnosys.a
END GROUP
START GROUP
LOAD C:/Program Files/Arm/GNU Toolchain mingw-w64-x86_64-arm-none-eabi/bin/../lib/gcc/arm-none-eabi/15.2.1/thumb/v7e-m+fp/hard\libgcc.a
LOAD C:/Program Files/Arm/GNU Toolchain mingw-w64-x86_64-arm-none-eabi/bin/../lib/gcc/arm-none-eabi/15.2.1/../../../../arm-none-eabi/lib/thumb/v7e-m+fp/hard\libg.a
LOAD C:/Program Files/Arm/GNU Toolchain mingw-w64-x86_64-arm-none-eabi/bin/../lib/gcc/arm-none-eabi/15.2.1/../../../../arm-none-eabi/lib/thumb/v7e-m+fp/hard\libc.a
END GROUP

.text           0x08008000     0x8a24
 *(.bootloader_section)
 *(.vectors)
 .vectors       0x08008000      0x1ac ../libopencm3/lib\libopencm3_stm32f4.a(vector.o)
                0x08008000                vector_table
                0x080081b0                        . = ALIGN (0x10)
 *fill*         0x080081ac        0x4 
 *(.firmware_info)
 *(.firmware_signature)
 *(.text*)
 .text.gpio_setup
                0x080081b0       0x4c src/firmware.o
 .text.main     0x080081fc       0xb8 src/firmware.o
                0x080081fc                main
 .text.timer_setup
                0x080082b4       0x4c src/timer.o
                0x080082b4                timer_setup
 .text.timer_pwm_set_duty_cycle
                0x08008300       0x4c src/timer.o
                0x08008300                timer_pwm_set_duty_cycle
 .text.sys_tick_handler
                0x0800834c       0x24 ../shared/src/core/system.o
                0x0800834c                sys_tick_handler
 .text.system_get_ticks
                0x08008370       0x18 ../shared/src/core/system.o
                0x08008370                system_get_ticks
 .text.systick_setup
                0x08008388       0x20 ../shared/src/core/system.o
                0x08008388                systick_setup
 .text.system_setup
                0x080083a8       0x10 ../shared/src/core/system.o
                0x080083a8                system_setup
 .text.rcc_setup
                0x080083b8       0x14 ../shared/src/core/system.o
                0x080083b8                rcc_setup
 .text.usart2_isr
                0x080083cc       0x54 ../shared/src/core/uart.o
                0x080083cc                usart2_isr
 .text.uart_setup
                0x08008420       0x58 ../shared/src/core/uart.o
                0x08008420                uart_setup
 .text.uart_write
                0x08008478       0x34 ../shared/src/core/uart.o
                0x08008478                uart_write
 .text.gpio_mode_setup
                0x080084ac       0x40 ../libopencm3/lib\libopencm3_stm32f4.a(gpio_common_f0234.o)
                0x080084ac                gpio_mode_setup
 .text.gpio_set_af
                0x080084ec       0x68 ../libopencm3/lib\libopencm3_stm32f4.a(gpio_common_f0234.o)
                0x080084ec                gpio_set_af
 .text.rcc_periph_clock_enable
                0x08008554       0x1a ../libopencm3/lib\libopencm3_stm32f4.a(rcc_common_all.o)
                0x08008554                rcc_periph_clock_enable
 *fill*         0x0800856e        0x2 
 .text.rcc_is_osc_ready
                0x08008570       0x64 ../libopencm3/lib\libopencm3_stm32f4.a(rcc.o)
                0x08008570                rcc_is_osc_ready
 .text.rcc_wait_for_osc_ready
                0x080085d4       0x10 ../libopencm3/lib\libopencm3_stm32f4.a(rcc.o)
                0x080085d4                rcc_wait_for_osc_ready
 .text.rcc_osc_on
                0x080085e4       0x74 ../libopencm3/lib\libopencm3_stm32f4.a(rcc.o)
                0x080085e4                rcc_osc_on
 .text.rcc_osc_off
                0x08008658       0x74 ../libopencm3/lib\libopencm3_stm32f4.a(rcc.o)
                0x08008658                rcc_osc_off
 .text.rcc_set_sysclk_source
                0x080086cc       0x18 ../libopencm3/lib\libopencm3_stm32f4.a(rcc.o)
                0x080086cc                rcc_set_sysclk_source
 .text.rcc_set_ppre2
                0x080086e4       0x18 ../libopencm3/lib\libopencm3_stm32f4.a(rcc.o)
                0x080086e4                rcc_set_ppre2
 .text.rcc_set_ppre1
                0x080086fc       0x18 ../libopencm3/lib\libopencm3_stm32f4.a(rcc.o)
                0x080086fc                rcc_set_ppre1
 .text.rcc_set_hpre
                0x08008714       0x18 ../libopencm3/lib\libopencm3_stm32f4.a(rcc.o)
                0x08008714                rcc_set_hpre
 .text.rcc_set_main_pll_hsi
                0x0800872c       0x44 ../libopencm3/lib\libopencm3_stm32f4.a(rcc.o)
                0x0800872c                rcc_set_main_pll_hsi
 .text.rcc_set_main_pll_hse
                0x08008770       0x44 ../libopencm3/lib\libopencm3_stm32f4.a(rcc.o)
                0x08008770                rcc_set_main_pll_hse
 .text.rcc_clock_setup_pll
                0x080087b4       0xe4 ../libopencm3/lib\libopencm3_stm32f4.a(rcc.o)
                0x080087b4                rcc_clock_setup_pll
 .text.rcc_get_usart_clk_freq
                0x08008898       0x20 ../libopencm3/lib\libopencm3_stm32f4.a(rcc.o)
                0x08008898                rcc_get_usart_clk_freq
 .text.timer_set_mode
                0x080088b8       0x12 ../libopencm3/lib\libopencm3_stm32f4.a(timer_common_all.o)
                0x080088b8                timer_set_mode
 .text.timer_enable_counter
                0x080088ca        0xa ../libopencm3/lib\libopencm3_stm32f4.a(timer_common_all.o)
                0x080088ca                timer_enable_counter
 .text.timer_set_prescaler
                0x080088d4        0x4 ../libopencm3/lib\libopencm3_stm32f4.a(timer_common_all.o)
                0x080088d4                timer_set_prescaler
 .text.timer_set_period
                0x080088d8        0x4 ../libopencm3/lib\libopencm3_stm32f4.a(timer_common_all.o)
                0x080088d8                timer_set_period
 .text.timer_set_oc1_mode
                0x080088dc       0x62 ../libopencm3/lib\libopencm3_stm32f4.a(timer_common_all.o)
                0x080088dc                timer_set_oc1_mode
 .text.timer_set_oc2_mode
                0x0800893e       0x62 ../libopencm3/lib\libopencm3_stm32f4.a(timer_common_all.o)
                0x0800893e                timer_set_oc2_mode
 .text.timer_set_oc3_mode
                0x080089a0       0x62 ../libopencm3/lib\libopencm3_stm32f4.a(timer_common_all.o)
                0x080089a0                timer_set_oc3_mode
 .text.timer_set_oc4_mode
                0x08008a02       0x62 ../libopencm3/lib\libopencm3_stm32f4.a(timer_common_all.o)
                0x08008a02                timer_set_oc4_mode
 .text.timer_set_oc_mode
                0x08008a64       0x26 ../libopencm3/lib\libopencm3_stm32f4.a(timer_common_all.o)
                0x08008a64                timer_set_oc_mode
 .text.timer_enable_oc_output
                0x08008a8a       0x4a ../libopencm3/lib\libopencm3_stm32f4.a(timer_common_all.o)
                0x08008a8a                timer_enable_oc_output
 .text.timer_set_oc_value
                0x08008ad4       0x20 ../libopencm3/lib\libopencm3_stm32f4.a(timer_common_all.o)
                0x08008ad4                timer_set_oc_value
 .text.usart_set_baudrate
                0x08008af4       0x38 ../libopencm3/lib\libopencm3_stm32f4.a(usart_common_all.o)
                0x08008af4                usart_set_baudrate
 .text.usart_set_databits
                0x08008b2c       0x12 ../libopencm3/lib\libopencm3_stm32f4.a(usart_common_all.o)
                0x08008b2c                usart_set_databits
 .text.usart_set_stopbits
                0x08008b3e        0xc ../libopencm3/lib\libopencm3_stm32f4.a(usart_common_all.o)
                0x08008b3e                usart_set_stopbits
 .text.usart_set_parity
                0x08008b4a        0xc ../libopencm3/lib\libopencm3_stm32f4.a(usart_common_all.o)
                0x08008b4a                usart_set_parity
 .text.usart_set_mode
                0x08008b56        0xc ../libopencm3/lib\libopencm3_stm32f4.a(usart_common_all.o)
                0x08008b56                usart_set_mode
 .text.usart_set_flow_control
                0x08008b62        0xc ../libopencm3/lib\libopencm3_stm32f4.a(usart_common_all.o)
                0x08008b62                usart_set_flow_control
 .text.usart_enable
                0x08008b6e        0xa ../libopencm3/lib\libopencm3_stm32f4.a(usart_common_all.o)
                0x08008b6e                usart_enable
 .text.usart_send_blocking
                0x08008b78       0x16 ../libopencm3/lib\libopencm3_stm32f4.a(usart_common_all.o)
                0x08008b78                usart_send_blocking
 .text.usart_enable_rx_interrupt
                0x08008b8e        0xa ../libopencm3/lib\libopencm3_stm32f4.a(usart_common_all.o)
                0x08008b8e                usart_enable_rx_interrupt
 .text.usart_send
                0x08008b98        0x8 ../libopencm3/lib\libopencm3_stm32f4.a(usart_common_f124.o)
                0x08008b98                usart_send
 .text.usart_recv
                0x08008ba0        0x8 ../libopencm3/lib\libopencm3_stm32f4.a(usart_common_f124.o)
                0x08008ba0                usart_recv
 .text.usart_wait_send_ready
                0x08008ba8        0x8 ../libopencm3/lib\libopencm3_stm32f4.a(usart_common_f124.o)
                0x08008ba8                usart_wait_send_ready
 .text.usart_get_flag
                0x08008bb0        0xc ../libopencm3/lib\libopencm3_stm32f4.a(usart_common_f124.o)
                0x08008bb0                usart_get_flag
 .text.blocking_handler
                0x08008bbc        0x2 ../libopencm3/lib\libopencm3_stm32f4.a(vector.o)
                0x08008bbc                dma2_stream1_isr
                0x08008bbc                tim8_brk_tim12_isr
                0x08008bbc                dma1_stream7_isr
                0x08008bbc                usart3_isr
                0x08008bbc                tim7_isr
                0x08008bbc                dma2d_isr
                0x08008bbc                uart8_isr
                0x08008bbc                dma1_stream2_isr
                0x08008bbc                otg_hs_isr
                0x08008bbc                blocking_handler
                0x08008bbc                tim5_isr
                0x08008bbc                rtc_wkup_isr
                0x08008bbc                otg_fs_isr
                0x08008bbc                spi1_isr
                0x08008bbc                i2c3_er_isr
                0x08008bbc                exti2_isr
                0x08008bbc                spi5_isr
                0x08008bbc                usb_fs_wkup_isr
                0x08008bbc                tamp_stamp_isr
                0x08008bbc                can1_rx1_isr
                0x08008bbc                dma2_stream0_isr
                0x08008bbc                usart1_isr
                0x08008bbc                i2c3_ev_isr
                0x08008bbc                usage_fault_handler
                0x08008bbc                can2_rx0_isr
                0x08008bbc                dma1_stream6_isr
                0x08008bbc                can2_rx1_isr
                0x08008bbc                can1_sce_isr
                0x08008bbc                tim1_cc_isr
                0x08008bbc                can1_tx_isr
                0x08008bbc                tim1_up_tim10_isr
                0x08008bbc                sdio_isr
                0x08008bbc                eth_isr
                0x08008bbc                spi6_isr
                0x08008bbc                dma2_stream5_isr
                0x08008bbc                pvd_isr
                0x08008bbc                can1_rx0_isr
                0x08008bbc                rcc_isr
                0x08008bbc                dma2_stream3_isr
                0x08008bbc                flash_isr
                0x08008bbc                uart4_isr
                0x08008bbc                lcd_tft_isr
                0x08008bbc                rtc_alarm_isr
                0x08008bbc                exti15_10_isr
                0x08008bbc                hash_rng_isr
                0x08008bbc                tim1_trg_com_tim11_isr
                0x08008bbc                hard_fault_handler
                0x08008bbc                exti1_isr
                0x08008bbc                i2c1_ev_isr
                0x08008bbc                usart6_isr
                0x08008bbc                spi2_isr
                0x08008bbc                cryp_isr
                0x08008bbc                nvic_wwdg_isr
                0x08008bbc                dma1_stream1_isr
                0x08008bbc                dma2_stream4_isr
                0x08008bbc                exti3_isr
                0x08008bbc                tim3_isr
                0x08008bbc                sai1_isr
                0x08008bbc                fpu_isr
                0x08008bbc                dma1_stream4_isr
                0x08008bbc                i2c2_er_isr
                0x08008bbc                i2c2_ev_isr
                0x08008bbc                uart5_isr
                0x08008bbc                dma2_stream6_isr
                0x08008bbc                spi4_isr
                0x08008bbc                adc_isr
                0x08008bbc                dma2_stream7_isr
                0x08008bbc                tim8_up_tim13_isr
                0x08008bbc                fsmc_isr
                0x08008bbc                exti4_isr
                0x08008bbc                tim6_dac_isr
                0x08008bbc                dma1_stream3_isr
                0x08008bbc                tim8_trg_com_tim14_isr
                0x08008bbc                mem_manage_handler
                0x08008bbc                lcd_tft_err_isr
                0x08008bbc                can2_tx_isr
                0x08008bbc                exti9_5_isr
                0x08008bbc                tim1_brk_tim9_isr
                0x08008bbc                uart7_isr
                0x08008bbc                can2_sce_isr
                0x08008bbc                tim4_isr
                0x08008bbc                otg_hs_wkup_isr
                0x08008bbc                i2c1_er_isr
                0x08008bbc                dma1_stream0_isr
                0x08008bbc                tim8_cc_isr
                0x08008bbc                dcmi_isr
                0x08008bbc                dma2_stream2_isr
                0x08008bbc                eth_wkup_isr
                0x08008bbc                bus_fault_handler
                0x08008bbc                otg_hs_ep1_out_isr
                0x08008bbc                spi3_isr
                0x08008bbc                dma1_stream5_isr
                0x08008bbc                otg_hs_ep1_in_isr
                0x08008bbc                tim2_isr
                0x08008bbc                exti0_isr
 .text.null_handler
                0x08008bbe        0x2 ../libopencm3/lib\libopencm3_stm32f4.a(vector.o)
                0x08008bbe                sv_call_handler
                0x08008bbe                pend_sv_handler
                0x08008bbe                debug_monitor_handler
                0x08008bbe                nmi_handler
                0x08008bbe                null_handler
 .text.reset_handler
                0x08008bc0       0xa0 ../libopencm3/lib\libopencm3_stm32f4.a(vector.o)
                0x08008bc0                reset_handler
 .text.systick_set_clocksource
                0x08008c60       0x14 ../libopencm3/lib\libopencm3_stm32f4.a(systick.o)
                0x08008c60                systick_set_clocksource
 .text.systick_set_frequency
                0x08008c74       0x38 ../libopencm3/lib\libopencm3_stm32f4.a(systick.o)
                0x08008c74                systick_set_frequency
 .text.systick_interrupt_enable
                0x08008cac        0xe ../libopencm3/lib\libopencm3_stm32f4.a(systick.o)
                0x08008cac                systick_interrupt_enable
 .text.systick_counter_enable
                0x08008cba        0xe ../libopencm3/lib\libopencm3_stm32f4.a(systick.o)
                0x08008cba                systick_counter_enable
 .text.nvic_enable_irq
                0x08008cc8       0x18 ../libopencm3/lib\libopencm3_stm32f4.a(nvic.o)
                0x08008cc8                nvic_enable_irq
 .text.flash_set_ws
                0x08008ce0       0x18 ../libopencm3/lib\libopencm3_stm32f4.a(flash_common_all.o)
                0x08008ce0                flash_set_ws
 .text.flash_dcache_enable
                0x08008cf8       0x14 ../libopencm3/lib\libopencm3_stm32f4.a(flash_common_idcache.o)
                0x08008cf8                flash_dcache_enable
 .text.flash_dcache_disable
                0x08008d0c       0x14 ../libopencm3/lib\libopencm3_stm32f4.a(flash_common_idcache.o)
                0x08008d0c                flash_dcache_disable
 .text.flash_icache_enable
                0x08008d20       0x14 ../libopencm3/lib\libopencm3_stm32f4.a(flash_common_idcache.o)
                0x08008d20                flash_icache_enable
 .text.flash_icache_disable
                0x08008d34       0x14 ../libopencm3/lib\libopencm3_stm32f4.a(flash_common_idcache.o)
                0x08008d34                flash_icache_disable
 .text.pwr_set_vos_scale
                0x08008d48       0x10 ../libopencm3/lib\libopencm3_stm32f4.a(pwr.o)
                0x08008d48                pwr_set_vos_scale
 .text.sprintf  0x08008d58       0x48 C:/Program Files/Arm/GNU Toolchain mingw-w64-x86_64-arm-none-eabi/bin/../lib/gcc/arm-none-eabi/15.2.1/../../../../arm-none-eabi/lib/thumb/v7e-m+fp/hard\libc.a(libc_a-sprintf.o)
                0x08008d58                sprintf
 .text._svfprintf_r
                0x08008da0     0x21a8 C:/Program Files/Arm/GNU Toolchain mingw-w64-x86_64-arm-none-eabi/bin/../lib/gcc/arm-none-eabi/15.2.1/../../../../arm-none-eabi/lib/thumb/v7e-m+fp/hard\libc.a(libc_a-svfprintf.o)
                0x08008da0                _svfprintf_r
 .text.__ssprint_r
                0x0800af48       0x58 C:/Program Files/Arm/GNU Toolchain mingw-w64-x86_64-arm-none-eabi/bin/../lib/gcc/arm-none-eabi/15.2.1/../../../../arm-none-eabi/lib/thumb/v7e-m+fp/hard\libc.a(libc_a-ssprint_r.o)
                0x0800af48                __ssprint_r
 .text.stdio_exit_handler
                0x0800afa0       0x18 C:/Program Files/Arm/GNU Toolchain mingw-w64-x86_64-arm-none-eabi/bin/../lib/gcc/arm-none-eabi/15.2.1/../../../../arm-none-eabi/lib/thumb/v7e-m+fp/hard\libc.a(libc_a-findfp.o)
 .text.cleanup_stdio
                0x0800afb8       0x40 C:/Program Files/Arm/GNU Toolchain mingw-w64-x86_64-arm-none-eabi/bin/../lib/gcc/arm-none-eabi/15.2.1/../../../../arm-none-eabi/lib/thumb/v7e-m+fp/hard\libc.a(libc_a-findfp.o)
 .text.global_stdio_init.part.0
                0x0800aff8       0xf0 C:/Program Files/Arm/GNU Toolchain mingw-w64-x86_64-arm-none-eabi/bin/../lib/gcc/arm-none-eabi/15.2.1/../../../../arm-none-eabi/lib/thumb/v7e-m+fp/hard\libc.a(libc_a-findfp.o)
 .text.__sinit  0x0800b0e8       0x3c C:/Program Files/Arm/GNU Toolchain mingw-w64-x86_64-arm-none-eabi/bin/../lib/gcc/arm-none-eabi/15.2.1/../../../../arm-none-eabi/lib/thumb/v7e-m+fp/hard\libc.a(libc_a-findfp.o)
                0x0800b0e8                __sinit
 .text.__sfp_lock_acquire
                0x0800b124        0xc C:/Program Files/Arm/GNU Toolchain mingw-w64-x86_64-arm-none-eabi/bin/../lib/gcc/arm-none-eabi/15.2.1/../../../../arm-none-eabi/lib/thumb/v7e-m+fp/hard\libc.a(libc_a-findfp.o)
                0x0800b124                __sfp_lock_acquire
 .text.__sfp_lock_release
                0x0800b130        0xc C:/Program Files/Arm/GNU Toolchain mingw-w64-x86_64-arm-none-eabi/bin/../lib/gcc/arm-none-eabi/15.2.1/../../../../arm-none-eabi/lib/thumb/v7e-m+fp/hard\libc.a(libc_a-findfp.o)
                0x0800b130                __sfp_lock_release
 .text._fwalk_sglue
                0x0800b13c       0x44 C:/Program Files/Arm/GNU Toolchain mingw-w64-x86_64-arm-none-eabi/bin/../lib/gcc/arm-none-eabi/15.2.1/../../../../arm-none-eabi/lib/thumb/v7e-m+fp/hard\libc.a(libc_a-fwalk.o)
                0x0800b13c                _fwalk_sglue
 .text.__sread  0x0800b180       0x24 C:/Program Files/Arm/GNU Toolchain mingw-w64-x86_64-arm-none-eabi/bin/../lib/gcc/arm-none-eabi/15.2.1/../../../../arm-none-eabi/lib/thumb/v7e-m+fp/hard\libc.a(libc_a-stdio.o)
                0x0800b180                __sread
 .text.__swrite
                0x0800b1a4       0x40 C:/Program Files/Arm/GNU Toolchain mingw-w64-x86_64-arm-none-eabi/bin/../lib/gcc/arm-none-eabi/15.2.1/../../../../arm-none-eabi/lib/thumb/v7e-m+fp/hard\libc.a(libc_a-stdio.o)
                0x0800b1a4                __swrite
 .text.__sseek  0x0800b1e4       0x24 C:/Program Files/Arm/GNU Toolchain mingw-w64-x86_64-arm-none-eabi/bin/../lib/gcc/arm-none-eabi/15.2.1/../../../../arm-none-eabi/lib/thumb/v7e-m+fp/hard\libc.a(libc_a-stdio.o)
                0x0800b1e4                __sseek
 .text.__sclose
                0x0800b208        0x8 C:/Program Files/Arm/GNU Toolchain mingw-w64-x86_64-arm-none-eabi/bin/../lib/gcc/arm-none-eabi/15.2.1/../../../../arm-none-eabi/lib/thumb/v7e-m+fp/hard\libc.a(libc_a-stdio.o)
                0x0800b208                __sclose
 .text.memset   0x0800b210       0x88 C:/Program Files/Arm/GNU Toolchain mingw-w64-x86_64-arm-none-eabi/bin/../lib/gcc/arm-none-eabi/15.2.1/../../../../arm-none-eabi/lib/thumb/v7e-m+fp/hard\libc.a(libc_a-memset.o)
                0x0800b210                memset
 .text.strncpy  0x0800b298       0x6c C:/Program Files/Arm/GNU Toolchain mingw-w64-x86_64-arm-none-eabi/bin/../lib/gcc/arm-none-eabi/15.2.1/../../../../arm-none-eabi/lib/thumb/v7e-m+fp/hard\libc.a(libc_a-strncpy.o)
                0x0800b298                strncpy
 .text.__locale_mb_cur_max
                0x0800b304        0xc C:/Program Files/Arm/GNU Toolchain mingw-w64-x86_64-arm-none-eabi/bin/../lib/gcc/arm-none-eabi/15.2.1/../../../../arm-none-eabi/lib/thumb/v7e-m+fp/hard\libc.a(libc_a-locale.o)
                0x0800b304                __locale_mb_cur_max
 .text._localeconv_r
                0x0800b310        0x8 C:/Program Files/Arm/GNU Toolchain mingw-w64-x86_64-arm-none-eabi/bin/../lib/gcc/arm-none-eabi/15.2.1/../../../../arm-none-eabi/lib/thumb/v7e-m+fp/hard\libc.a(libc_a-localeconv.o)
                0x0800b310                _localeconv_r
 .text._close_r
                0x0800b318       0x24 C:/Program Files/Arm/GNU Toolchain mingw-w64-x86_64-arm-none-eabi/bin/../lib/gcc/arm-none-eabi/15.2.1/../../../../arm-none-eabi/lib/thumb/v7e-m+fp/hard\libc.a(libc_a-closer.o)
                0x0800b318                _close_r
 .text._lseek_r
                0x0800b33c       0x2c C:/Program Files/Arm/GNU Toolchain mingw-w64-x86_64-arm-none-eabi/bin/../lib/gcc/arm-none-eabi/15.2.1/../../../../arm-none-eabi/lib/thumb/v7e-m+fp/hard\libc.a(libc_a-lseekr.o)
                0x0800b33c                _lseek_r
 .text._read_r  0x0800b368       0x2c C:/Program Files/Arm/GNU Toolchain mingw-w64-x86_64-arm-none-eabi/bin/../lib/gcc/arm-none-eabi/15.2.1/../../../../arm-none-eabi/lib/thumb/v7e-m+fp/hard\libc.a(libc_a-readr.o)
                0x0800b368                _read_r
 .text._write_r
                0x0800b394       0x2c C:/Program Files/Arm/GNU Toolchain mingw-w64-x86_64-arm-none-eabi/bin/../lib/gcc/arm-none-eabi/15.2.1/../../../../arm-none-eabi/lib/thumb/v7e-m+fp/hard\libc.a(libc_a-writer.o)
                0x0800b394                _write_r
 .text.__retarget_lock_init_recursive
                0x0800b3c0        0x4 C:/Program Files/Arm/GNU Toolchain mingw-w64-x86_64-arm-none-eabi/bin/../lib/gcc/arm-none-eabi/15.2.1/../../../../arm-none-eabi/lib/thumb/v7e-m+fp/hard\libc.a(libc_a-lock.o)
                0x0800b3c0                __retarget_lock_init_recursive
 .text.__retarget_lock_close_recursive
                0x0800b3c4        0x4 C:/Program Files/Arm/GNU Toolchain mingw-w64-x86_64-arm-none-eabi/bin/../lib/gcc/arm-none-eabi/15.2.1/../../../../arm-none-eabi/lib/thumb/v7e-m+fp/hard\libc.a(libc_a-lock.o)
                0x0800b3c4                __retarget_lock_close_recursive
 .text.__retarget_lock_acquire_recursive
                0x0800b3c8        0x4 C:/Program Files/Arm/GNU Toolchain mingw-w64-x86_64-arm-none-eabi/bin/../lib/gcc/arm-none-eabi/15.2.1/../../../../arm-none-eabi/lib/thumb/v7e-m+fp/hard\libc.a(libc_a-lock.o)
                0x0800b3c8                __retarget_lock_acquire_recursive
 .text.__retarget_lock_release_recursive
                0x0800b3cc        0x4 C:/Program Files/Arm/GNU Toolchain mingw-w64-x86_64-arm-none-eabi/bin/../lib/gcc/arm-none-eabi/15.2.1/../../../../arm-none-eabi/lib/thumb/v7e-m+fp/hard\libc.a(libc_a-lock.o)
                0x0800b3cc                __retarget_lock_release_recursive
 .text          0x0800b3d0       0xa0 C:/Program Files/Arm/GNU Toolchain mingw-w64-x86_64-arm-none-eabi/bin/../lib/gcc/arm-none-eabi/15.2.1/../../../../arm-none-eabi/lib/thumb/v7e-m+fp/hard\libc.a(libc_a-memchr.o)
                0x0800b3d0                memchr
 *fill*         0x0800b470       0x10 
 .text          0x0800b480       0xd8 C:/Program Files/Arm/GNU Toolchain mingw-w64-x86_64-arm-none-eabi/bin/../lib/gcc/arm-none-eabi/15.2.1/../../../../arm-none-eabi/lib/thumb/v7e-m+fp/hard\libc.a(libc_a-strlen.o)
                0x0800b480                strlen
 .text.frexp    0x0800b558       0x64 C:/Program Files/Arm/GNU Toolchain mingw-w64-x86_64-arm-none-eabi/bin/../lib/gcc/arm-none-eabi/15.2.1/../../../../arm-none-eabi/lib/thumb/v7e-m+fp/hard\libc.a(libm_a-s_frexp.o)
                0x0800b558                frexp
 .text.quorem   0x0800b5bc      0x128 C:/Program Files/Arm/GNU Toolchain mingw-w64-x86_64-arm-none-eabi/bin/../lib/gcc/arm-none-eabi/15.2.1/../../../../arm-none-eabi/lib/thumb/v7e-m+fp/hard\libc.a(libc_a-dtoa.o)
 *fill*         0x0800b6e4        0x4 
 .text._dtoa_r  0x0800b6e8     0x1060 C:/Program Files/Arm/GNU Toolchain mingw-w64-x86_64-arm-none-eabi/bin/../lib/gcc/arm-none-eabi/15.2.1/../../../../arm-none-eabi/lib/thumb/v7e-m+fp/hard\libc.a(libc_a-dtoa.o)
                0x0800b6e8                _dtoa_r
 .text._malloc_trim_r
                0x0800c748       0xac C:/Program Files/Arm/GNU Toolchain mingw-w64-x86_64-arm-none-eabi/bin/../lib/gcc/arm-none-eabi/15.2.1/../../../../arm-none-eabi/lib/thumb/v7e-m+fp/hard\libc.a(libc_a-freer.o)
                0x0800c748                _malloc_trim_r
 .text._free_r  0x0800c7f4      0x218 C:/Program Files/Arm/GNU Toolchain mingw-w64-x86_64-arm-none-eabi/bin/../lib/gcc/arm-none-eabi/15.2.1/../../../../arm-none-eabi/lib/thumb/v7e-m+fp/hard\libc.a(libc_a-freer.o)
                0x0800c7f4                _free_r
 .text._malloc_r
                0x0800ca0c      0x5ac C:/Program Files/Arm/GNU Toolchain mingw-w64-x86_64-arm-none-eabi/bin/../lib/gcc/arm-none-eabi/15.2.1/../../../../arm-none-eabi/lib/thumb/v7e-m+fp/hard\libc.a(libc_a-mallocr.o)
                0x0800ca0c                _malloc_r
 .text.__ascii_mbtowc
                0x0800cfb8       0x2c C:/Program Files/Arm/GNU Toolchain mingw-w64-x86_64-arm-none-eabi/bin/../lib/gcc/arm-none-eabi/15.2.1/../../../../arm-none-eabi/lib/thumb/v7e-m+fp/hard\libc.a(libc_a-mbtowc_r.o)
                0x0800cfb8                __ascii_mbtowc
 .text.__malloc_lock
                0x0800cfe4        0xc C:/Program Files/Arm/GNU Toolchain mingw-w64-x86_64-arm-none-eabi/bin/../lib/gcc/arm-none-eabi/15.2.1/../../../../arm-none-eabi/lib/thumb/v7e-m+fp/hard\libc.a(libc_a-mlock.o)
                0x0800cfe4                __malloc_lock
 .text.__malloc_unlock
                0x0800cff0        0xc C:/Program Files/Arm/GNU Toolchain mingw-w64-x86_64-arm-none-eabi/bin/../lib/gcc/arm-none-eabi/15.2.1/../../../../arm-none-eabi/lib/thumb/v7e-m+fp/hard\libc.a(libc_a-mlock.o)
                0x0800cff0                __malloc_unlock
 .text._Balloc  0x0800cffc       0x54 C:/Program Files/Arm/GNU Toolchain mingw-w64-x86_64-arm-none-eabi/bin/../lib/gcc/arm-none-eabi/15.2.1/../../../../arm-none-eabi/lib/thumb/v7e-m+fp/hard\libc.a(libc_a-mprec.o)
                0x0800cffc                _Balloc
 .text._Bfree   0x0800d050       0x14 C:/Program Files/Arm/GNU Toolchain mingw-w64-x86_64-arm-none-eabi/bin/../lib/gcc/arm-none-eabi/15.2.1/../../../../arm-none-eabi/lib/thumb/v7e-m+fp/hard\libc.a(libc_a-mprec.o)
                0x0800d050                _Bfree
 .text.__multadd
                0x0800d064       0xa4 C:/Program Files/Arm/GNU Toolchain mingw-w64-x86_64-arm-none-eabi/bin/../lib/gcc/arm-none-eabi/15.2.1/../../../../arm-none-eabi/lib/thumb/v7e-m+fp/hard\libc.a(libc_a-mprec.o)
                0x0800d064                __multadd
 .text.__hi0bits
                0x0800d108       0x54 C:/Program Files/Arm/GNU Toolchain mingw-w64-x86_64-arm-none-eabi/bin/../lib/gcc/arm-none-eabi/15.2.1/../../../../arm-none-eabi/lib/thumb/v7e-m+fp/hard\libc.a(libc_a-mprec.o)
                0x0800d108                __hi0bits
 .text.__lo0bits
                0x0800d15c       0x80 C:/Program Files/Arm/GNU Toolchain mingw-w64-x86_64-arm-none-eabi/bin/../lib/gcc/arm-none-eabi/15.2.1/../../../../arm-none-eabi/lib/thumb/v7e-m+fp/hard\libc.a(libc_a-mprec.o)
                0x0800d15c                __lo0bits
 .text.__i2b    0x0800d1dc       0x5c C:/Program Files/Arm/GNU Toolchain mingw-w64-x86_64-arm-none-eabi/bin/../lib/gcc/arm-none-eabi/15.2.1/../../../../arm-none-eabi/lib/thumb/v7e-m+fp/hard\libc.a(libc_a-mprec.o)
                0x0800d1dc                __i2b
 .text.__multiply
                0x0800d238      0x188 C:/Program Files/Arm/GNU Toolchain mingw-w64-x86_64-arm-none-eabi/bin/../lib/gcc/arm-none-eabi/15.2.1/../../../../arm-none-eabi/lib/thumb/v7e-m+fp/hard\libc.a(libc_a-mprec.o)
                0x0800d238                __multiply
 .text.__pow5mult
                0x0800d3c0       0xb8 C:/Program Files/Arm/GNU Toolchain mingw-w64-x86_64-arm-none-eabi/bin/../lib/gcc/arm-none-eabi/15.2.1/../../../../arm-none-eabi/lib/thumb/v7e-m+fp/hard\libc.a(libc_a-mprec.o)
                0x0800d3c0                __pow5mult
 .text.__lshift
                0x0800d478       0xec C:/Program Files/Arm/GNU Toolchain mingw-w64-x86_64-arm-none-eabi/bin/../lib/gcc/arm-none-eabi/15.2.1/../../../../arm-none-eabi/lib/thumb/v7e-m+fp/hard\libc.a(libc_a-mprec.o)
                0x0800d478                __lshift
 .text.__mcmp   0x0800d564       0x40 C:/Program Files/Arm/GNU Toolchain mingw-w64-x86_64-arm-none-eabi/bin/../lib/gcc/arm-none-eabi/15.2.1/../../../../arm-none-eabi/lib/thumb/v7e-m+fp/hard\libc.a(libc_a-mprec.o)
                0x0800d564                __mcmp
 .text.__mdiff  0x0800d5a4      0x180 C:/Program Files/Arm/GNU Toolchain mingw-w64-x86_64-arm-none-eabi/bin/../lib/gcc/arm-none-eabi/15.2.1/../../../../arm-none-eabi/lib/thumb/v7e-m+fp/hard\libc.a(libc_a-mprec.o)
                0x0800d5a4                __mdiff
 .text.__d2b    0x0800d724       0xc0 C:/Program Files/Arm/GNU Toolchain mingw-w64-x86_64-arm-none-eabi/bin/../lib/gcc/arm-none-eabi/15.2.1/../../../../arm-none-eabi/lib/thumb/v7e-m+fp/hard\libc.a(libc_a-mprec.o)
                0x0800d724                __d2b
 .text.__ascii_wctomb
                0x0800d7e4       0x1c C:/Program Files/Arm/GNU Toolchain mingw-w64-x86_64-arm-none-eabi/bin/../lib/gcc/arm-none-eabi/15.2.1/../../../../arm-none-eabi/lib/thumb/v7e-m+fp/hard\libc.a(libc_a-wctomb_r.o)
                0x0800d7e4                __ascii_wctomb
 .text._wcrtomb_r
                0x0800d800       0x50 C:/Program Files/Arm/GNU Toolchain mingw-w64-x86_64-arm-none-eabi/bin/../lib/gcc/arm-none-eabi/15.2.1/../../../../arm-none-eabi/lib/thumb/v7e-m+fp/hard\libc.a(libc_a-wcrtomb.o)
                0x0800d800                _wcrtomb_r
 .text._wcsrtombs_r
                0x0800d850       0x18 C:/Program Files/Arm/GNU Toolchain mingw-w64-x86_64-arm-none-eabi/bin/../lib/gcc/arm-none-eabi/15.2.1/../../../../arm-none-eabi/lib/thumb/v7e-m+fp/hard\libc.a(libc_a-wcsrtombs.o)
                0x0800d850                _wcsrtombs_r
 .text.__ssputs_r
                0x0800d868       0xc4 C:/Program Files/Arm/GNU Toolchain mingw-w64-x86_64-arm-none-eabi/bin/../lib/gcc/arm-none-eabi/15.2.1/../../../../arm-none-eabi/lib/thumb/v7e-m+fp/hard\libc.a(libc_a-ssputs_r.o)
                0x0800d868                __ssputs_r
 .text._fclose_r
                0x0800d92c       0xc4 C:/Program Files/Arm/GNU Toolchain mingw-w64-x86_64-arm-none-eabi/bin/../lib/gcc/arm-none-eabi/15.2.1/../../../../arm-none-eabi/lib/thumb/v7e-m+fp/hard\libc.a(libc_a-fclose.o)
                0x0800d92c                _fclose_r
 .text.__sflush_r
                0x0800d9f0      0x134 C:/Program Files/Arm/GNU Toolchain mingw-w64-x86_64-arm-none-eabi/bin/../lib/gcc/arm-none-eabi/15.2.1/../../../../arm-none-eabi/lib/thumb/v7e-m+fp/hard\libc.a(libc_a-fflush.o)
                0x0800d9f0                __sflush_r
 .text._fflush_r
                0x0800db24       0x70 C:/Program Files/Arm/GNU Toolchain mingw-w64-x86_64-arm-none-eabi/bin/../lib/gcc/arm-none-eabi/15.2.1/../../../../arm-none-eabi/lib/thumb/v7e-m+fp/hard\libc.a(libc_a-fflush.o)
                0x0800db24                _fflush_r
 .text.memmove  0x0800db94      0x124 C:/Program Files/Arm/GNU Toolchain mingw-w64-x86_64-arm-none-eabi/bin/../lib/gcc/arm-none-eabi/15.2.1/../../../../arm-none-eabi/lib/thumb/v7e-m+fp/hard\libc.a(libc_a-memmove.o)
                0x0800db94                memmove
 .text._sbrk_r  0x0800dcb8       0x24 C:/Program Files/Arm/GNU Toolchain mingw-w64-x86_64-arm-none-eabi/bin/../lib/gcc/arm-none-eabi/15.2.1/../../../../arm-none-eabi/lib/thumb/v7e-m+fp/hard\libc.a(libc_a-sbrkr.o)
                0x0800dcb8                _sbrk_r
 .text.__errno  0x0800dcdc        0xc C:/Program Files/Arm/GNU Toolchain mingw-w64-x86_64-arm-none-eabi/bin/../lib/gcc/arm-none-eabi/15.2.1/../../../../arm-none-eabi/lib/thumb/v7e-m+fp/hard\libc.a(libc_a-errno.o)
                0x0800dcdc                __errno
 .text.sysconf  0x0800dce8       0x1c C:/Program Files/Arm/GNU Toolchain mingw-w64-x86_64-arm-none-eabi/bin/../lib/gcc/arm-none-eabi/15.2.1/../../../../arm-none-eabi/lib/thumb/v7e-m+fp/hard\libc.a(libc_a-sysconf.o)
                0x0800dce8                sysconf
 .text          0x0800dd04      0x134 C:/Program Files/Arm/GNU Toolchain mingw-w64-x86_64-arm-none-eabi/bin/../lib/gcc/arm-none-eabi/15.2.1/../../../../arm-none-eabi/lib/thumb/v7e-m+fp/hard\libc.a(libc_a-memcpy.o)
                0x0800dd04                memcpy
 .text.__assert_func
                0x0800de38       0x40 C:/Program Files/Arm/GNU Toolchain mingw-w64-x86_64-arm-none-eabi/bin/../lib/gcc/arm-none-eabi/15.2.1/../../../../arm-none-eabi/lib/thumb/v7e-m+fp/hard\libc.a(libc_a-assert.o)
                0x0800de38                __assert_func
 .text._calloc_r
                0x0800de78       0x78 C:/Program Files/Arm/GNU Toolchain mingw-w64-x86_64-arm-none-eabi/bin/../lib/gcc/arm-none-eabi/15.2.1/../../../../arm-none-eabi/lib/thumb/v7e-m+fp/hard\libc.a(libc_a-callocr.o)
                0x0800de78                _calloc_r
 .text._realloc_r
                0x0800def0      0x32c C:/Program Files/Arm/GNU Toolchain mingw-w64-x86_64-arm-none-eabi/bin/../lib/gcc/arm-none-eabi/15.2.1/../../../../arm-none-eabi/lib/thumb/v7e-m+fp/hard\libc.a(libc_a-reallocr.o)
                0x0800def0                _realloc_r
 .text._wcsnrtombs_l
                0x0800e21c       0xf8 C:/Program Files/Arm/GNU Toolchain mingw-w64-x86_64-arm-none-eabi/bin/../lib/gcc/arm-none-eabi/15.2.1/../../../../arm-none-eabi/lib/thumb/v7e-m+fp/hard\libc.a(libc_a-wcsnrtombs.o)
                0x0800e21c                _wcsnrtombs_l
 .text._wcsnrtombs_r
                0x0800e314       0x28 C:/Program Files/Arm/GNU Toolchain mingw-w64-x86_64-arm-none-eabi/bin/../lib/gcc/arm-none-eabi/15.2.1/../../../../arm-none-eabi/lib/thumb/v7e-m+fp/hard\libc.a(libc_a-wcsnrtombs.o)
                0x0800e314                _wcsnrtombs_r
 .text.fiprintf
                0x0800e33c       0x2c C:/Program Files/Arm/GNU Toolchain mingw-w64-x86_64-arm-none-eabi/bin/../lib/gcc/arm-none-eabi/15.2.1/../../../../arm-none-eabi/lib/thumb/v7e-m+fp/hard\libc.a(libc_a-fiprintf.o)
                0x0800e33c                fiprintf
 .text._vfiprintf_r
                0x0800e368     0x1248 C:/Program Files/Arm/GNU Toolchain mingw-w64-x86_64-arm-none-eabi/bin/../lib/gcc/arm-none-eabi/15.2.1/../../../../arm-none-eabi/lib/thumb/v7e-m+fp/hard\libc.a(libc_a-vfiprintf.o)
                0x0800e368                _vfiprintf_r
 .text.__sbprintf
                0x0800f5b0       0x80 C:/Program Files/Arm/GNU Toolchain mingw-w64-x86_64-arm-none-eabi/bin/../lib/gcc/arm-none-eabi/15.2.1/../../../../arm-none-eabi/lib/thumb/v7e-m+fp/hard\libc.a(libc_a-vfiprintf.o)
 .text.__sprint_r
                0x0800f630       0x20 C:/Program Files/Arm/GNU Toolchain mingw-w64-x86_64-arm-none-eabi/bin/../lib/gcc/arm-none-eabi/15.2.1/../../../../arm-none-eabi/lib/thumb/v7e-m+fp/hard\libc.a(libc_a-sprint_r.o)
                0x0800f630                __sprint_r
 .text.__sfvwrite_r
                0x0800f650      0x2f8 C:/Program Files/Arm/GNU Toolchain mingw-w64-x86_64-arm-none-eabi/bin/../lib/gcc/arm-none-eabi/15.2.1/../../../../arm-none-eabi/lib/thumb/v7e-m+fp/hard\libc.a(libc_a-fvwrite.o)
                0x0800f650                __sfvwrite_r
 .text.__swsetup_r
                0x0800f948       0xdc C:/Program Files/Arm/GNU Toolchain mingw-w64-x86_64-arm-none-eabi/bin/../lib/gcc/arm-none-eabi/15.2.1/../../../../arm-none-eabi/lib/thumb/v7e-m+fp/hard\libc.a(libc_a-wsetup.o)
                0x0800f948                __swsetup_r
 .text.abort    0x0800fa24       0x10 C:/Program Files/Arm/GNU Toolchain mingw-w64-x86_64-arm-none-eabi/bin/../lib/gcc/arm-none-eabi/15.2.1/../../../../arm-none-eabi/lib/thumb/v7e-m+fp/hard\libc.a(libc_a-abort.o)
                0x0800fa24                abort
 .text.__smakebuf_r
                0x0800fa34       0xe4 C:/Program Files/Arm/GNU Toolchain mingw-w64-x86_64-arm-none-eabi/bin/../lib/gcc/arm-none-eabi/15.2.1/../../../../arm-none-eabi/lib/thumb/v7e-m+fp/hard\libc.a(libc_a-makebuf.o)
                0x0800fa34                __smakebuf_r
 .text.raise    0x0800fb18       0x64 C:/Program Files/Arm/GNU Toolchain mingw-w64-x86_64-arm-none-eabi/bin/../lib/gcc/arm-none-eabi/15.2.1/../../../../arm-none-eabi/lib/thumb/v7e-m+fp/hard\libc.a(libc_a-signal.o)
                0x0800fb18                raise
 .text._fstat_r
                0x0800fb7c       0x28 C:/Program Files/Arm/GNU Toolchain mingw-w64-x86_64-arm-none-eabi/bin/../lib/gcc/arm-none-eabi/15.2.1/../../../../arm-none-eabi/lib/thumb/v7e-m+fp/hard\libc.a(libc_a-fstatr.o)
                0x0800fb7c                _fstat_r
 .text._isatty_r
                0x0800fba4       0x24 C:/Program Files/Arm/GNU Toolchain mingw-w64-x86_64-arm-none-eabi/bin/../lib/gcc/arm-none-eabi/15.2.1/../../../../arm-none-eabi/lib/thumb/v7e-m+fp/hard\libc.a(libc_a-isattyr.o)
                0x0800fba4                _isatty_r
 .text._kill_r  0x0800fbc8       0x28 C:/Program Files/Arm/GNU Toolchain mingw-w64-x86_64-arm-none-eabi/bin/../lib/gcc/arm-none-eabi/15.2.1/../../../../arm-none-eabi/lib/thumb/v7e-m+fp/hard\libc.a(libc_a-signalr.o)
                0x0800fbc8                _kill_r
 .text._getpid_r
                0x0800fbf0        0x4 C:/Program Files/Arm/GNU Toolchain mingw-w64-x86_64-arm-none-eabi/bin/../lib/gcc/arm-none-eabi/15.2.1/../../../../arm-none-eabi/lib/thumb/v7e-m+fp/hard\libc.a(libc_a-signalr.o)
                0x0800fbf0                _getpid_r
 .text          0x0800fbf4      0x378 C:/Program Files/Arm/GNU Toolchain mingw-w64-x86_64-arm-none-eabi/bin/../lib/gcc/arm-none-eabi/15.2.1/thumb/v7e-m+fp/hard\libgcc.a(_arm_addsubdf3.o)
                0x0800fbf4                __aeabi_drsub
                0x0800fbfc                __aeabi_dsub
                0x0800fbfc                __subdf3
                0x0800fc00                __aeabi_dadd
                0x0800fc00                __adddf3
                0x0800fe78                __floatunsidf
                0x0800fe78                __aeabi_ui2d
                0x0800fe98                __floatsidf
                0x0800fe98                __aeabi_i2d
                0x0800febc                __aeabi_f2d
                0x0800febc                __extendsfdf2
                0x0800ff00                __floatundidf
                0x0800ff00                __aeabi_ul2d
                0x0800ff10                __floatdidf
                0x0800ff10                __aeabi_l2d
 .text          0x0800ff6c      0x424 C:/Program Files/Arm/GNU Toolchain mingw-w64-x86_64-arm-none-eabi/bin/../lib/gcc/arm-none-eabi/15.2.1/thumb/v7e-m+fp/hard\libgcc.a(_arm_muldivdf3.o)
                0x0800ff6c                __aeabi_dmul
                0x0800ff6c                __muldf3
                0x080101c0                __divdf3
                0x080101c0                __aeabi_ddiv
 .text          0x08010390      0x110 C:/Program Files/Arm/GNU Toolchain mingw-w64-x86_64-arm-none-eabi/bin/../lib/gcc/arm-none-eabi/15.2.1/thumb/v7e-m+fp/hard\libgcc.a(_arm_cmpdf2.o)
                0x08010390                __gtdf2
                0x08010390                __gedf2
                0x08010398                __ltdf2
                0x08010398                __ledf2
                0x080103a0                __nedf2
                0x080103a0                __eqdf2
                0x080103a0                __cmpdf2
                0x0801041c                __aeabi_cdrcmple
                0x0801042c                __aeabi_cdcmpeq
                0x0801042c                __aeabi_cdcmple
                0x0801043c                __aeabi_dcmpeq
                0x08010450                __aeabi_dcmplt
                0x08010464                __aeabi_dcmple
                0x08010478                __aeabi_dcmpge
                0x0801048c                __aeabi_dcmpgt
 .text          0x080104a0       0x2c C:/Program Files/Arm/GNU Toolchain mingw-w64-x86_64-arm-none-eabi/bin/../lib/gcc/arm-none-eabi/15.2.1/thumb/v7e-m+fp/hard\libgcc.a(_arm_unorddf2.o)
                0x080104a0                __unorddf2
                0x080104a0                __aeabi_dcmpun
 .text          0x080104cc       0x50 C:/Program Files/Arm/GNU Toolchain mingw-w64-x86_64-arm-none-eabi/bin/../lib/gcc/arm-none-eabi/15.2.1/thumb/v7e-m+fp/hard\libgcc.a(_arm_fixdfsi.o)
                0x080104cc                __aeabi_d2iz
                0x080104cc                __fixdfsi
 .text._close   0x0801051c       0x10 C:/Program Files/Arm/GNU Toolchain mingw-w64-x86_64-arm-none-eabi/bin/../lib/gcc/arm-none-eabi/15.2.1/../../../../arm-none-eabi/lib/thumb/v7e-m+fp/hard\libnosys.a(close.o)
                0x0801051c                _close
 .text._fstat   0x0801052c       0x10 C:/Program Files/Arm/GNU Toolchain mingw-w64-x86_64-arm-none-eabi/bin/../lib/gcc/arm-none-eabi/15.2.1/../../../../arm-none-eabi/lib/thumb/v7e-m+fp/hard\libnosys.a(fstat.o)
                0x0801052c                _fstat
 .text._getpid  0x0801053c       0x10 C:/Program Files/Arm/GNU Toolchain mingw-w64-x86_64-arm-none-eabi/bin/../lib/gcc/arm-none-eabi/15.2.1/../../../../arm-none-eabi/lib/thumb/v7e-m+fp/hard\libnosys.a(getpid.o)
                0x0801053c                _getpid
 .text._isatty  0x0801054c       0x10 C:/Program Files/Arm/GNU Toolchain mingw-w64-x86_64-arm-none-eabi/bin/../lib/gcc/arm-none-eabi/15.2.1/../../../../arm-none-eabi/lib/thumb/v7e-m+fp/hard\libnosys.a(isatty.o)
                0x0801054c                _isatty
 .text._kill    0x0801055c       0x10 C:/Program Files/Arm/GNU Toolchain mingw-w64-x86_64-arm-none-eabi/bin/../lib/gcc/arm-none-eabi/15.2.1/../../../../arm-none-eabi/lib/thumb/v7e-m+fp/hard\libnosys.a(kill.o)
                0x0801055c                _kill
 .text._lseek   0x0801056c       0x10 C:/Program Files/Arm/GNU Toolchain mingw-w64-x86_64-arm-none-eabi/bin/../lib/gcc/arm-none-eabi/15.2.1/../../../../arm-none-eabi/lib/thumb/v7e-m+fp/hard\libnosys.a(lseek.o)
                0x0801056c                _lseek
 .text._read    0x0801057c       0x10 C:/Program Files/Arm/GNU Toolchain mingw-w64-x86_64-arm-none-eabi/bin/../lib/gcc/arm-none-eabi/15.2.1/../../../../arm-none-eabi/lib/thumb/v7e-m+fp/hard\libnosys.a(read.o)
                0x0801057c                _read
 .text._sbrk    0x0801058c       0x1c C:/Program Files/Arm/GNU Toolchain mingw-w64-x86_64-arm-none-eabi/bin/../lib/gcc/arm-none-eabi/15.2.1/../../../../arm-none-eabi/lib/thumb/v7e-m+fp/hard\libnosys.a(sbrk.o)
                0x0801058c                _sbrk
 .text._write   0x080105a8       0x10 C:/Program Files/Arm/GNU Toolchain mingw-w64-x86_64-arm-none-eabi/bin/../lib/gcc/arm-none-eabi/15.2.1/../../../../arm-none-eabi/lib/thumb/v7e-m+fp/hard\libnosys.a(write.o)
                0x080105a8                _write
 .text._exit    0x080105b8        0x4 C:/Program Files/Arm/GNU Toolchain mingw-w64-x86_64-arm-none-eabi/bin/../lib/gcc/arm-none-eabi/15.2.1/../../../../arm-none-eabi/lib/thumb/v7e-m+fp/hard\libnosys.a(_exit.o)
                0x080105b8                _exit
                0x080105bc                        . = ALIGN (0x4)
 *(.rodata*)
 .rodata        0x080105bc        0xf src/firmware.o
 *fill*         0x080105cb        0x1 
 .rodata.rcc_hsi_configs
                0x080105cc       0x70 ../libopencm3/lib\libopencm3_stm32f4.a(rcc.o)
                0x080105cc                rcc_hsi_configs
 .rodata._svfprintf_r.str1.4
                0x0801063c      0x1a7 C:/Program Files/Arm/GNU Toolchain mingw-w64-x86_64-arm-none-eabi/bin/../lib/gcc/arm-none-eabi/15.2.1/../../../../arm-none-eabi/lib/thumb/v7e-m+fp/hard\libc.a(libc_a-svfprintf.o)
                                 0x42 (size before relaxing)
 *fill*         0x080107e3        0x1 
 .rodata.zeroes.0
                0x080107e4       0x10 C:/Program Files/Arm/GNU Toolchain mingw-w64-x86_64-arm-none-eabi/bin/../lib/gcc/arm-none-eabi/15.2.1/../../../../arm-none-eabi/lib/thumb/v7e-m+fp/hard\libc.a(libc_a-svfprintf.o)
 .rodata.blanks.1
                0x080107f4       0x10 C:/Program Files/Arm/GNU Toolchain mingw-w64-x86_64-arm-none-eabi/bin/../lib/gcc/arm-none-eabi/15.2.1/../../../../arm-none-eabi/lib/thumb/v7e-m+fp/hard\libc.a(libc_a-svfprintf.o)
 .rodata.str1.4
                0x08010804        0x0 C:/Program Files/Arm/GNU Toolchain mingw-w64-x86_64-arm-none-eabi/bin/../lib/gcc/arm-none-eabi/15.2.1/../../../../arm-none-eabi/lib/thumb/v7e-m+fp/hard\libc.a(libc_a-locale.o)
                                 0x4c (size before relaxing)
 .rodata._dtoa_r.str1.4
                0x08010804        0x0 C:/Program Files/Arm/GNU Toolchain mingw-w64-x86_64-arm-none-eabi/bin/../lib/gcc/arm-none-eabi/15.2.1/../../../../arm-none-eabi/lib/thumb/v7e-m+fp/hard\libc.a(libc_a-dtoa.o)
                                 0x83 (size before relaxing)
 .rodata.__multadd.str1.4
                0x08010804        0x0 C:/Program Files/Arm/GNU Toolchain mingw-w64-x86_64-arm-none-eabi/bin/../lib/gcc/arm-none-eabi/15.2.1/../../../../arm-none-eabi/lib/thumb/v7e-m+fp/hard\libc.a(libc_a-mprec.o)
                                 0x70 (size before relaxing)
 .rodata.p05.0  0x08010804        0xc C:/Program Files/Arm/GNU Toolchain mingw-w64-x86_64-arm-none-eabi/bin/../lib/gcc/arm-none-eabi/15.2.1/../../../../arm-none-eabi/lib/thumb/v7e-m+fp/hard\libc.a(libc_a-mprec.o)
 .rodata.__mprec_bigtens
                0x08010810       0x28 C:/Program Files/Arm/GNU Toolchain mingw-w64-x86_64-arm-none-eabi/bin/../lib/gcc/arm-none-eabi/15.2.1/../../../../arm-none-eabi/lib/thumb/v7e-m+fp/hard\libc.a(libc_a-mprec.o)
                0x08010810                __mprec_bigtens
 .rodata.__mprec_tens
                0x08010838       0xc8 C:/Program Files/Arm/GNU Toolchain mingw-w64-x86_64-arm-none-eabi/bin/../lib/gcc/arm-none-eabi/15.2.1/../../../../arm-none-eabi/lib/thumb/v7e-m+fp/hard\libc.a(libc_a-mprec.o)
                0x08010838                __mprec_tens
 .rodata._ctype_
                0x08010900      0x101 C:/Program Files/Arm/GNU Toolchain mingw-w64-x86_64-arm-none-eabi/bin/../lib/gcc/arm-none-eabi/15.2.1/../../../../arm-none-eabi/lib/thumb/v7e-m+fp/hard\libc.a(libc_a-ctype_.o)
                0x08010900                _ctype_
 .rodata.__assert_func.str1.4
                0x08010a01        0x0 C:/Program Files/Arm/GNU Toolchain mingw-w64-x86_64-arm-none-eabi/bin/../lib/gcc/arm-none-eabi/15.2.1/../../../../arm-none-eabi/lib/thumb/v7e-m+fp/hard\libc.a(libc_a-assert.o)
                                 0x43 (size before relaxing)
 .rodata._vfiprintf_r.str1.4
                0x08010a01        0x0 C:/Program Files/Arm/GNU Toolchain mingw-w64-x86_64-arm-none-eabi/bin/../lib/gcc/arm-none-eabi/15.2.1/../../../../arm-none-eabi/lib/thumb/v7e-m+fp/hard\libc.a(libc_a-vfiprintf.o)
                                 0x2f (size before relaxing)
 *fill*         0x08010a01        0x3 
 .rodata.zeroes.0
                0x08010a04       0x10 C:/Program Files/Arm/GNU Toolchain mingw-w64-x86_64-arm-none-eabi/bin/../lib/gcc/arm-none-eabi/15.2.1/../../../../arm-none-eabi/lib/thumb/v7e-m+fp/hard\libc.a(libc_a-vfiprintf.o)
 .rodata.blanks.1
                0x08010a14       0x10 C:/Program Files/Arm/GNU Toolchain mingw-w64-x86_64-arm-none-eabi/bin/../lib/gcc/arm-none-eabi/15.2.1/../../../../arm-none-eabi/lib/thumb/v7e-m+fp/hard\libc.a(libc_a-vfiprintf.o)
                0x08010a24                        . = ALIGN (0x4)

.glue_7         0x08010a24        0x0
 .glue_7        0x08010a24        0x0 linker stubs

.glue_7t        0x08010a24        0x0
 .glue_7t       0x08010a24        0x0 linker stubs

.vfp11_veneer   0x08010a24        0x0
 .vfp11_veneer  0x08010a24        0x0 linker stubs

.v4_bx          0x08010a24        0x0
 .v4_bx         0x08010a24        0x0 linker stubs

.iplt           0x08010a24        0x0
 .iplt          0x08010a24        0x0 src/firmware.o

.preinit_array  0x08010a24        0x0
                0x08010a24                        . = ALIGN (0x4)
                0x08010a24                        __preinit_array_start = .
 *(.preinit_array)
                0x08010a24                        __preinit_array_end = .

.init_array     0x08010a24        0x0
                0x08010a24                        . = ALIGN (0x4)
                0x08010a24                        __init_array_start = .
 *(SORT_BY_NAME(.init_array.*))
 *(.init_array)
                0x08010a24                        __init_array_end = .

.fini_array     0x08010a24        0x0
                0x08010a24                        . = ALIGN (0x4)
                0x08010a24                        __fini_array_start = .
 *(.fini_array)
 *(SORT_BY_NAME(.fini_array.*))
                0x08010a24                        __fini_array_end = .

.ARM.extab
 *(.ARM.extab*)

.ARM.exidx      0x08010a24        0x8
                0x08010a24                        __exidx_start = .
 *(.ARM.exidx*)
 .ARM.exidx     0x08010a24        0x8 C:/Program Files/Arm/GNU Toolchain mingw-w64-x86_64-arm-none-eabi/bin/../lib/gcc/arm-none-eabi/15.2.1/../../../../arm-none-eabi/lib/thumb/v7e-m+fp/hard\libc.a(libc_a-memchr.o)
 .ARM.exidx     0x08010a2c        0x0 C:/Program Files/Arm/GNU Toolchain mingw-w64-x86_64-arm-none-eabi/bin/../lib/gcc/arm-none-eabi/15.2.1/../../../../arm-none-eabi/lib/thumb/v7e-m+fp/hard\libc.a(libc_a-strlen.o)
                                  0x8 (size before relaxing)
 .ARM.exidx     0x08010a2c        0x0 C:/Program Files/Arm/GNU Toolchain mingw-w64-x86_64-arm-none-eabi/bin/../lib/gcc/arm-none-eabi/15.2.1/../../../../arm-none-eabi/lib/thumb/v7e-m+fp/hard\libc.a(libc_a-memcpy.o)
                                  0x8 (size before relaxing)
                0x08010a2c                        __exidx_end = .

.rel.dyn        0x08010a2c        0x0
 .rel.iplt      0x08010a2c        0x0 src/firmware.o
                0x08010a2c                        . = ALIGN (0x4)
                0x08010a2c                        _etext = .

.noinit
 *(.noinit*)
                0x08010a2c                        . = ALIGN (0x4)

.data           0x20000000      0x880 load address 0x08010a2c
                0x20000000                        _data = .
 *(.data*)
 .data.rcc_apb2_frequency
                0x20000000        0x4 ../libopencm3/lib\libopencm3_stm32f4.a(rcc.o)
                0x20000000                rcc_apb2_frequency
 .data.rcc_apb1_frequency
                0x20000004        0x4 ../libopencm3/lib\libopencm3_stm32f4.a(rcc.o)
                0x20000004                rcc_apb1_frequency
 .data.rcc_ahb_frequency
                0x20000008        0x4 ../libopencm3/lib\libopencm3_stm32f4.a(rcc.o)
                0x20000008                rcc_ahb_frequency
 .data._impure_ptr
                0x2000000c        0x4 C:/Program Files/Arm/GNU Toolchain mingw-w64-x86_64-arm-none-eabi/bin/../lib/gcc/arm-none-eabi/15.2.1/../../../../arm-none-eabi/lib/thumb/v7e-m+fp/hard\libc.a(libc_a-impure.o)
                0x2000000c                _impure_ptr
 .data._impure_data
                0x20000010      0x200 C:/Program Files/Arm/GNU Toolchain mingw-w64-x86_64-arm-none-eabi/bin/../lib/gcc/arm-none-eabi/15.2.1/../../../../arm-none-eabi/lib/thumb/v7e-m+fp/hard\libc.a(libc_a-impure.o)
                0x20000010                _impure_data
 .data.__sglue  0x20000210        0xc C:/Program Files/Arm/GNU Toolchain mingw-w64-x86_64-arm-none-eabi/bin/../lib/gcc/arm-none-eabi/15.2.1/../../../../arm-none-eabi/lib/thumb/v7e-m+fp/hard\libc.a(libc_a-findfp.o)
                0x20000210                __sglue
 .data.__global_locale
                0x2000021c      0x254 C:/Program Files/Arm/GNU Toolchain mingw-w64-x86_64-arm-none-eabi/bin/../lib/gcc/arm-none-eabi/15.2.1/../../../../arm-none-eabi/lib/thumb/v7e-m+fp/hard\libc.a(libc_a-locale.o)
                0x2000021c                __global_locale
 .data.__malloc_sbrk_base
                0x20000470        0x4 C:/Program Files/Arm/GNU Toolchain mingw-w64-x86_64-arm-none-eabi/bin/../lib/gcc/arm-none-eabi/15.2.1/../../../../arm-none-eabi/lib/thumb/v7e-m+fp/hard\libc.a(libc_a-mallocr.o)
                0x20000470                __malloc_sbrk_base
 .data.__malloc_trim_threshold
                0x20000474        0x4 C:/Program Files/Arm/GNU Toolchain mingw-w64-x86_64-arm-none-eabi/bin/../lib/gcc/arm-none-eabi/15.2.1/../../../../arm-none-eabi/lib/thumb/v7e-m+fp/hard\libc.a(libc_a-mallocr.o)
                0x20000474                __malloc_trim_threshold
 .data.__malloc_av_
                0x20000478      0x408 C:/Program Files/Arm/GNU Toolchain mingw-w64-x86_64-arm-none-eabi/bin/../lib/gcc/arm-none-eabi/15.2.1/../../../../arm-none-eabi/lib/thumb/v7e-m+fp/hard\libc.a(libc_a-mallocr.o)
                0x20000478                __malloc_av_
 *(.ramtext*)
                0x20000880                        . = ALIGN (0x4)
                0x20000880                        _edata = .
                0x08010a2c                        _data_loadaddr = LOADADDR (.data)

.igot.plt       0x20000880        0x0 load address 0x080112ac
 .igot.plt      0x20000880        0x0 src/firmware.o

.bss            0x20000880      0x1d4 load address 0x080112ac
 *(.bss*)
 .bss.msg_buffer
                0x20000880       0x40 src/firmware.o
                0x20000880                msg_buffer
 .bss.start_time
                0x200008c0        0x8 src/firmware.o
 .bss.ticks     0x200008c8        0x8 ../shared/src/core/system.o
 .bss.data_buffer
                0x200008d0        0x1 ../shared/src/core/uart.o
 .bss.data_available
                0x200008d1        0x1 ../shared/src/core/uart.o
 *fill*         0x200008d2        0x2 
 .bss.__sf      0x200008d4      0x138 C:/Program Files/Arm/GNU Toolchain mingw-w64-x86_64-arm-none-eabi/bin/../lib/gcc/arm-none-eabi/15.2.1/../../../../arm-none-eabi/lib/thumb/v7e-m+fp/hard\libc.a(libc_a-findfp.o)
                0x200008d4                __sf
 .bss.__stdio_exit_handler
                0x20000a0c        0x4 C:/Program Files/Arm/GNU Toolchain mingw-w64-x86_64-arm-none-eabi/bin/../lib/gcc/arm-none-eabi/15.2.1/../../../../arm-none-eabi/lib/thumb/v7e-m+fp/hard\libc.a(libc_a-findfp.o)
                0x20000a0c                __stdio_exit_handler
 .bss.errno     0x20000a10        0x4 C:/Program Files/Arm/GNU Toolchain mingw-w64-x86_64-arm-none-eabi/bin/../lib/gcc/arm-none-eabi/15.2.1/../../../../arm-none-eabi/lib/thumb/v7e-m+fp/hard\libc.a(libc_a-reent.o)
                0x20000a10                errno
 .bss.__lock___malloc_recursive_mutex
                0x20000a14        0x1 C:/Program Files/Arm/GNU Toolchain mingw-w64-x86_64-arm-none-eabi/bin/../lib/gcc/arm-none-eabi/15.2.1/../../../../arm-none-eabi/lib/thumb/v7e-m+fp/hard\libc.a(libc_a-lock.o)
                0x20000a14                __lock___malloc_recursive_mutex
 *fill*         0x20000a15        0x3 
 .bss.__lock___sfp_recursive_mutex
                0x20000a18        0x1 C:/Program Files/Arm/GNU Toolchain mingw-w64-x86_64-arm-none-eabi/bin/../lib/gcc/arm-none-eabi/15.2.1/../../../../arm-none-eabi/lib/thumb/v7e-m+fp/hard\libc.a(libc_a-lock.o)
                0x20000a18                __lock___sfp_recursive_mutex
 *fill*         0x20000a19        0x3 
 .bss.__malloc_current_mallinfo
                0x20000a1c       0x28 C:/Program Files/Arm/GNU Toolchain mingw-w64-x86_64-arm-none-eabi/bin/../lib/gcc/arm-none-eabi/15.2.1/../../../../arm-none-eabi/lib/thumb/v7e-m+fp/hard\libc.a(libc_a-mallocr.o)
                0x20000a1c                __malloc_current_mallinfo
 .bss.__malloc_max_total_mem
                0x20000a44        0x4 C:/Program Files/Arm/GNU Toolchain mingw-w64-x86_64-arm-none-eabi/bin/../lib/gcc/arm-none-eabi/15.2.1/../../../../arm-none-eabi/lib/thumb/v7e-m+fp/hard\libc.a(libc_a-mallocr.o)
                0x20000a44                __malloc_max_total_mem
 .bss.__malloc_max_sbrked_mem
                0x20000a48        0x4 C:/Program Files/Arm/GNU Toolchain mingw-w64-x86_64-arm-none-eabi/bin/../lib/gcc/arm-none-eabi/15.2.1/../../../../arm-none-eabi/lib/thumb/v7e-m+fp/hard\libc.a(libc_a-mallocr.o)
                0x20000a48                __malloc_max_sbrked_mem
 .bss.__malloc_top_pad
                0x20000a4c        0x4 C:/Program Files/Arm/GNU Toolchain mingw-w64-x86_64-arm-none-eabi/bin/../lib/gcc/arm-none-eabi/15.2.1/../../../../arm-none-eabi/lib/thumb/v7e-m+fp/hard\libc.a(libc_a-mallocr.o)
                0x20000a4c                __malloc_top_pad
 .bss.heap_end.0
                0x20000a50        0x4 C:/Program Files/Arm/GNU Toolchain mingw-w64-x86_64-arm-none-eabi/bin/../lib/gcc/arm-none-eabi/15.2.1/../../../../arm-none-eabi/lib/thumb/v7e-m+fp/hard\libnosys.a(sbrk.o)
 *(COMMON)
                0x20000a54                        . = ALIGN (0x4)
                0x20000a54                        _ebss = .

/DISCARD/
 *(.eh_frame)
                0x20000a54                        . = ALIGN (0x4)
                0x20000a54                        end = .
                0x20008000                        PROVIDE (_stack = (ORIGIN (ram) + LENGTH (ram)))
OUTPUT(firmware.elf elf32-littlearm)
LOAD linker stubs

.debug_info     0x00000000     0x564d
 .debug_info    0x00000000      0x68a src/firmware.o
 .debug_info    0x0000068a      0x65d src/timer.o
 .debug_info    0x00000ce7      0x2ca ../shared/src/core/system.o
 .debug_info    0x00000fb1      0x75d ../shared/src/core/uart.o
 .debug_info    0x0000170e      0x21b ../libopencm3/lib\libopencm3_stm32f4.a(gpio_common_f0234.o)
 .debug_info    0x00001929      0x932 ../libopencm3/lib\libopencm3_stm32f4.a(rcc_common_all.o)
 .debug_info    0x0000225b      0xfa1 ../libopencm3/lib\libopencm3_stm32f4.a(rcc.o)
 .debug_info    0x000031fc     0x10fc ../libopencm3/lib\libopencm3_stm32f4.a(timer_common_all.o)
 .debug_info    0x000042f8      0x736 ../libopencm3/lib\libopencm3_stm32f4.a(usart_common_all.o)
 .debug_info    0x00004a2e      0x1c1 ../libopencm3/lib\libopencm3_stm32f4.a(usart_common_f124.o)
 .debug_info    0x00004bef      0x2d9 ../libopencm3/lib\libopencm3_stm32f4.a(vector.o)
 .debug_info    0x00004ec8      0x28f ../libopencm3/lib\libopencm3_stm32f4.a(systick.o)
 .debug_info    0x00005157      0x239 ../libopencm3/lib\libopencm3_stm32f4.a(nvic.o)
 .debug_info    0x00005390       0xf1 ../libopencm3/lib\libopencm3_stm32f4.a(flash_common_all.o)
 .debug_info    0x00005481       0xe9 ../libopencm3/lib\libopencm3_stm32f4.a(flash_common_idcache.o)
 .debug_info    0x0000556a       0xe3 ../libopencm3/lib\libopencm3_stm32f4.a(pwr.o)

.debug_abbrev   0x00000000     0x135c
 .debug_abbrev  0x00000000      0x160 src/firmware.o
 .debug_abbrev  0x00000160       0xf4 src/timer.o
 .debug_abbrev  0x00000254      0x175 ../shared/src/core/system.o
 .debug_abbrev  0x000003c9      0x156 ../shared/src/core/uart.o
 .debug_abbrev  0x0000051f       0xc2 ../libopencm3/lib\libopencm3_stm32f4.a(gpio_common_f0234.o)
 .debug_abbrev  0x000005e1      0x185 ../libopencm3/lib\libopencm3_stm32f4.a(rcc_common_all.o)
 .debug_abbrev  0x00000766      0x2da ../libopencm3/lib\libopencm3_stm32f4.a(rcc.o)
 .debug_abbrev  0x00000a40      0x1b8 ../libopencm3/lib\libopencm3_stm32f4.a(timer_common_all.o)
 .debug_abbrev  0x00000bf8      0x1c8 ../libopencm3/lib\libopencm3_stm32f4.a(usart_common_all.o)
 .debug_abbrev  0x00000dc0       0xb6 ../libopencm3/lib\libopencm3_stm32f4.a(usart_common_f124.o)
 .debug_abbrev  0x00000e76      0x15f ../libopencm3/lib\libopencm3_stm32f4.a(vector.o)
 .debug_abbrev  0x00000fd5      0x14e ../libopencm3/lib\libopencm3_stm32f4.a(systick.o)
 .debug_abbrev  0x00001123       0xb6 ../libopencm3/lib\libopencm3_stm32f4.a(nvic.o)
 .debug_abbrev  0x000011d9       0x96 ../libopencm3/lib\libopencm3_stm32f4.a(flash_common_all.o)
 .debug_abbrev  0x0000126f       0x56 ../libopencm3/lib\libopencm3_stm32f4.a(flash_common_idcache.o)
 .debug_abbrev  0x000012c5       0x97 ../libopencm3/lib\libopencm3_stm32f4.a(pwr.o)

.debug_aranges  0x00000000      0x820
 .debug_aranges
                0x00000000       0x28 src/firmware.o
 .debug_aranges
                0x00000028       0x28 src/timer.o
 .debug_aranges
                0x00000050       0x40 ../shared/src/core/system.o
 .debug_aranges
                0x00000090       0x50 ../shared/src/core/uart.o
 .debug_aranges
                0x000000e0       0x30 ../libopencm3/lib\libopencm3_stm32f4.a(gpio_common_f0234.o)
 .debug_aranges
                0x00000110       0x80 ../libopencm3/lib\libopencm3_stm32f4.a(rcc_common_all.o)
 .debug_aranges
                0x00000190      0x110 ../libopencm3/lib\libopencm3_stm32f4.a(rcc.o)
 .debug_aranges
                0x000002a0      0x298 ../libopencm3/lib\libopencm3_stm32f4.a(timer_common_all.o)
 .debug_aranges
                0x00000538       0xf8 ../libopencm3/lib\libopencm3_stm32f4.a(usart_common_all.o)
 .debug_aranges
                0x00000630       0x48 ../libopencm3/lib\libopencm3_stm32f4.a(usart_common_f124.o)
 .debug_aranges
                0x00000678       0x30 ../libopencm3/lib\libopencm3_stm32f4.a(vector.o)
 .debug_aranges
                0x000006a8       0x78 ../libopencm3/lib\libopencm3_stm32f4.a(systick.o)
 .debug_aranges
                0x00000720       0x60 ../libopencm3/lib\libopencm3_stm32f4.a(nvic.o)
 .debug_aranges
                0x00000780       0x38 ../libopencm3/lib\libopencm3_stm32f4.a(flash_common_all.o)
 .debug_aranges
                0x000007b8       0x48 ../libopencm3/lib\libopencm3_stm32f4.a(flash_common_idcache.o)
 .debug_aranges
                0x00000800       0x20 ../libopencm3/lib\libopencm3_stm32f4.a(pwr.o)

.debug_rnglists
                0x00000000      0x607
 .debug_rnglists
                0x00000000       0x1a src/firmware.o
 .debug_rnglists
                0x0000001a       0x19 src/timer.o
 .debug_rnglists
                0x00000033       0x2b ../shared/src/core/system.o
 .debug_rnglists
                0x0000005e       0x37 ../shared/src/core/uart.o
 .debug_rnglists
                0x00000095       0x1f ../libopencm3/lib\libopencm3_stm32f4.a(gpio_common_f0234.o)
 .debug_rnglists
                0x000000b4       0x5b ../libopencm3/lib\libopencm3_stm32f4.a(rcc_common_all.o)
 .debug_rnglists
                0x0000010f       0xe0 ../libopencm3/lib\libopencm3_stm32f4.a(rcc.o)
 .debug_rnglists
                0x000001ef      0x1ed ../libopencm3/lib\libopencm3_stm32f4.a(timer_common_all.o)
 .debug_rnglists
                0x000003dc       0xcd ../libopencm3/lib\libopencm3_stm32f4.a(usart_common_all.o)
 .debug_rnglists
                0x000004a9       0x31 ../libopencm3/lib\libopencm3_stm32f4.a(usart_common_f124.o)
 .debug_rnglists
                0x000004da       0x20 ../libopencm3/lib\libopencm3_stm32f4.a(vector.o)
 .debug_rnglists
                0x000004fa       0x61 ../libopencm3/lib\libopencm3_stm32f4.a(systick.o)
 .debug_rnglists
                0x0000055b       0x43 ../libopencm3/lib\libopencm3_stm32f4.a(nvic.o)
 .debug_rnglists
                0x0000059e       0x25 ../libopencm3/lib\libopencm3_stm32f4.a(flash_common_all.o)
 .debug_rnglists
                0x000005c3       0x31 ../libopencm3/lib\libopencm3_stm32f4.a(flash_common_idcache.o)
 .debug_rnglists
                0x000005f4       0x13 ../libopencm3/lib\libopencm3_stm32f4.a(pwr.o)

.debug_macro    0x00000000     0x6fe5
 .debug_macro   0x00000000      0x209 src/firmware.o
 .debug_macro   0x00000209      0xad8 src/firmware.o
 .debug_macro   0x00000ce1       0x1c src/firmware.o
 .debug_macro   0x00000cfd       0x22 src/firmware.o
 .debug_macro   0x00000d1f       0x56 src/firmware.o
 .debug_macro   0x00000d75       0x51 src/firmware.o
 .debug_macro   0x00000dc6      0x103 src/firmware.o
 .debug_macro   0x00000ec9       0x6a src/firmware.o
 .debug_macro   0x00000f33      0x1df src/firmware.o
 .debug_macro   0x00001112       0x22 src/firmware.o
 .debug_macro   0x00001134       0xe8 src/firmware.o
 .debug_macro   0x0000121c       0x76 src/firmware.o
 .debug_macro   0x00001292      0x280 src/firmware.o
 .debug_macro   0x00001512       0x8e src/firmware.o
 .debug_macro   0x000015a0       0x46 src/firmware.o
 .debug_macro   0x000015e6      0xcea src/firmware.o
 .debug_macro   0x000022d0       0x76 src/firmware.o
 .debug_macro   0x00002346      0x37e src/firmware.o
 .debug_macro   0x000026c4       0xca src/firmware.o
 .debug_macro   0x0000278e       0x10 src/firmware.o
 .debug_macro   0x0000279e      0x458 src/firmware.o
 .debug_macro   0x00002bf6       0x7b src/firmware.o
 .debug_macro   0x00002c71       0x2a src/firmware.o
 .debug_macro   0x00002c9b       0x3c src/firmware.o
 .debug_macro   0x00002cd7       0x34 src/firmware.o
 .debug_macro   0x00002d0b       0x16 src/firmware.o
 .debug_macro   0x00002d21       0x9e src/firmware.o
 .debug_macro   0x00002dbf      0x372 src/firmware.o
 .debug_macro   0x00003131      0x10b src/firmware.o
 .debug_macro   0x0000323c       0x10 src/firmware.o
 .debug_macro   0x0000324c       0x16 src/firmware.o
 .debug_macro   0x00003262       0x4a src/firmware.o
 .debug_macro   0x000032ac       0x34 src/firmware.o
 .debug_macro   0x000032e0       0x10 src/firmware.o
 .debug_macro   0x000032f0       0x58 src/firmware.o
 .debug_macro   0x00003348      0x1e5 src/firmware.o
 .debug_macro   0x0000352d       0x16 src/firmware.o
 .debug_macro   0x00003543       0x16 src/firmware.o
 .debug_macro   0x00003559      0x12a src/firmware.o
 .debug_macro   0x00003683      0x106 src/timer.o
 .debug_macro   0x00003789      0xf7d src/timer.o
 .debug_macro   0x00004706       0x52 src/timer.o
 .debug_macro   0x00004758      0x11e ../shared/src/core/system.o
 .debug_macro   0x00004876      0x100 ../shared/src/core/system.o
 .debug_macro   0x00004976       0x69 ../shared/src/core/system.o
 .debug_macro   0x000049df       0x6e ../shared/src/core/system.o
 .debug_macro   0x00004a4d      0x22c ../shared/src/core/system.o
 .debug_macro   0x00004c79      0x286 ../shared/src/core/system.o
 .debug_macro   0x00004eff      0x176 ../shared/src/core/uart.o
 .debug_macro   0x00005075       0x94 ../shared/src/core/uart.o
 .debug_macro   0x00005109      0x29e ../shared/src/core/uart.o
 .debug_macro   0x000053a7       0xb8 ../shared/src/core/uart.o
 .debug_macro   0x0000545f       0xd1 ../libopencm3/lib\libopencm3_stm32f4.a(gpio_common_f0234.o)
 .debug_macro   0x00005530      0xade ../libopencm3/lib\libopencm3_stm32f4.a(gpio_common_f0234.o)
 .debug_macro   0x0000600e       0xf0 ../libopencm3/lib\libopencm3_stm32f4.a(rcc_common_all.o)
 .debug_macro   0x000060fe      0x124 ../libopencm3/lib\libopencm3_stm32f4.a(rcc.o)
 .debug_macro   0x00006222       0x16 ../libopencm3/lib\libopencm3_stm32f4.a(rcc.o)
 .debug_macro   0x00006238       0x1c ../libopencm3/lib\libopencm3_stm32f4.a(rcc.o)
 .debug_macro   0x00006254      0x143 ../libopencm3/lib\libopencm3_stm32f4.a(rcc.o)
 .debug_macro   0x00006397       0x10 ../libopencm3/lib\libopencm3_stm32f4.a(rcc.o)
 .debug_macro   0x000063a7       0xf0 ../libopencm3/lib\libopencm3_stm32f4.a(timer_common_all.o)
 .debug_macro   0x00006497      0x10b ../libopencm3/lib\libopencm3_stm32f4.a(usart_common_all.o)
 .debug_macro   0x000065a2      0x10b ../libopencm3/lib\libopencm3_stm32f4.a(usart_common_f124.o)
 .debug_macro   0x000066ad       0xd3 ../libopencm3/lib\libopencm3_stm32f4.a(vector.o)
 .debug_macro   0x00006780      0x452 ../libopencm3/lib\libopencm3_stm32f4.a(vector.o)
 .debug_macro   0x00006bd2       0x92 ../libopencm3/lib\libopencm3_stm32f4.a(systick.o)
 .debug_macro   0x00006c64       0xb3 ../libopencm3/lib\libopencm3_stm32f4.a(nvic.o)
 .debug_macro   0x00006d17       0x68 ../libopencm3/lib\libopencm3_stm32f4.a(nvic.o)
 .debug_macro   0x00006d7f       0xd7 ../libopencm3/lib\libopencm3_stm32f4.a(flash_common_all.o)
 .debug_macro   0x00006e56       0xd7 ../libopencm3/lib\libopencm3_stm32f4.a(flash_common_idcache.o)
 .debug_macro   0x00006f2d       0xb8 ../libopencm3/lib\libopencm3_stm32f4.a(pwr.o)

.debug_line     0x00000000     0x5df0
 .debug_line    0x00000000      0x503 src/firmware.o
 .debug_line    0x00000503      0x3d3 src/timer.o
 .debug_line    0x000008d6      0x457 ../shared/src/core/system.o
 .debug_line    0x00000d2d      0x57b ../shared/src/core/uart.o
 .debug_line    0x000012a8      0x502 ../libopencm3/lib\libopencm3_stm32f4.a(gpio_common_f0234.o)
 .debug_line    0x000017aa      0x4ef ../libopencm3/lib\libopencm3_stm32f4.a(rcc_common_all.o)
 .debug_line    0x00001c99      0xb5e ../libopencm3/lib\libopencm3_stm32f4.a(rcc.o)
 .debug_line    0x000027f7     0x11d6 ../libopencm3/lib\libopencm3_stm32f4.a(timer_common_all.o)
 .debug_line    0x000039cd      0x7ba ../libopencm3/lib\libopencm3_stm32f4.a(usart_common_all.o)
 .debug_line    0x00004187      0x47b ../libopencm3/lib\libopencm3_stm32f4.a(usart_common_f124.o)
 .debug_line    0x00004602      0x471 ../libopencm3/lib\libopencm3_stm32f4.a(vector.o)
 .debug_line    0x00004a73      0x41e ../libopencm3/lib\libopencm3_stm32f4.a(systick.o)
 .debug_line    0x00004e91      0x42d ../libopencm3/lib\libopencm3_stm32f4.a(nvic.o)
 .debug_line    0x000052be      0x3f4 ../libopencm3/lib\libopencm3_stm32f4.a(flash_common_all.o)
 .debug_line    0x000056b2      0x40d ../libopencm3/lib\libopencm3_stm32f4.a(flash_common_idcache.o)
 .debug_line    0x00005abf      0x331 ../libopencm3/lib\libopencm3_stm32f4.a(pwr.o)

.debug_str      0x00000000    0x1862e
 .debug_str     0x00000000    0x1862e src/firmware.o
                               0xf47d (size before relaxing)
 .debug_str     0x0001862e        0x0 src/timer.o
                               0xda61 (size before relaxing)
 .debug_str     0x0001862e        0x0 ../shared/src/core/system.o
                               0x9f68 (size before relaxing)
 .debug_str     0x0001862e        0x0 ../shared/src/core/uart.o
                               0xc96e (size before relaxing)
 .debug_str     0x0001862e        0x0 ../libopencm3/lib\libopencm3_stm32f4.a(gpio_common_f0234.o)
                               0x67f7 (size before relaxing)
 .debug_str     0x0001862e        0x0 ../libopencm3/lib\libopencm3_stm32f4.a(rcc_common_all.o)
                               0x9b94 (size before relaxing)
 .debug_str     0x0001862e        0x0 ../libopencm3/lib\libopencm3_stm32f4.a(rcc.o)
                               0xa42a (size before relaxing)
 .debug_str     0x0001862e        0x0 ../libopencm3/lib\libopencm3_stm32f4.a(timer_common_all.o)
                               0xde84 (size before relaxing)
 .debug_str     0x0001862e        0x0 ../libopencm3/lib\libopencm3_stm32f4.a(usart_common_all.o)
                               0xa723 (size before relaxing)
 .debug_str     0x0001862e        0x0 ../libopencm3/lib\libopencm3_stm32f4.a(usart_common_f124.o)
                               0xa462 (size before relaxing)
 .debug_str     0x0001862e        0x0 ../libopencm3/lib\libopencm3_stm32f4.a(vector.o)
                               0x708a (size before relaxing)
 .debug_str     0x0001862e        0x0 ../libopencm3/lib\libopencm3_stm32f4.a(systick.o)
                               0x46ed (size before relaxing)
 .debug_str     0x0001862e        0x0 ../libopencm3/lib\libopencm3_stm32f4.a(nvic.o)
                               0x630a (size before relaxing)
 .debug_str     0x0001862e        0x0 ../libopencm3/lib\libopencm3_stm32f4.a(flash_common_all.o)
                               0x5b4d (size before relaxing)
 .debug_str     0x0001862e        0x0 ../libopencm3/lib\libopencm3_stm32f4.a(flash_common_idcache.o)
                               0x5b6f (size before relaxing)
 .debug_str     0x0001862e        0x0 ../libopencm3/lib\libopencm3_stm32f4.a(pwr.o)
                               0x57a8 (size before relaxing)

.comment        0x00000000       0x45
 .comment       0x00000000       0x45 src/firmware.o
                                 0x46 (size before relaxing)
 .comment       0x00000045        0x0 src/timer.o
                                 0x46 (size before relaxing)
 .comment       0x00000045        0x0 ../shared/src/core/system.o
                                 0x46 (size before relaxing)
 .comment       0x00000045        0x0 ../shared/src/core/uart.o
                                 0x46 (size before relaxing)
 .comment       0x00000045        0x0 ../libopencm3/lib\libopencm3_stm32f4.a(gpio_common_f0234.o)
                                 0x46 (size before relaxing)
 .comment       0x00000045        0x0 ../libopencm3/lib\libopencm3_stm32f4.a(rcc_common_all.o)
                                 0x46 (size before relaxing)
 .comment       0x00000045        0x0 ../libopencm3/lib\libopencm3_stm32f4.a(rcc.o)
                                 0x46 (size before relaxing)
 .comment       0x00000045        0x0 ../libopencm3/lib\libopencm3_stm32f4.a(timer_common_all.o)
                                 0x46 (size before relaxing)
 .comment       0x00000045        0x0 ../libopencm3/lib\libopencm3_stm32f4.a(usart_common_all.o)
                                 0x46 (size before relaxing)
 .comment       0x00000045        0x0 ../libopencm3/lib\libopencm3_stm32f4.a(usart_common_f124.o)
                                 0x46 (size before relaxing)
 .comment       0x00000045        0x0 ../libopencm3/lib\libopencm3_stm32f4.a(vector.o)
                                 0x46 (size before relaxing)
 .comment       0x00000045        0x0 ../libopencm3/lib\libopencm3_stm32f4.a(systick.o)
                                 0x46 (size before relaxing)
 .comment       0x00000045        0x0 ../libopencm3/lib\libopencm3_stm32f4.a(nvic.o)
                                 0x46 (size before relaxing)
 .comment       0x00000045        0x0 ../libopencm3/lib\libopencm3_stm32f4.a(flash_common_all.o)
                                 0x46 (size before relaxing)
 .comment       0x00000045        0x0 ../libopencm3/lib\libopencm3_stm32f4.a(flash_common_idcache.o)
                                 0x46 (size before relaxing)
 .comment       0x00000045        0x0 ../libopencm3/lib\libopencm3_stm32f4.a(pwr.o)
                                 0x46 (size before relaxing)

.ARM.attributes
                0x00000000       0x32
 .ARM.attributes
                0x00000000       0x34 src/firmware.o
 .ARM.attributes
                0x00000034       0x34 src/timer.o
 .ARM.attributes
                0x00000068       0x34 ../shared/src/core/system.o
 .ARM.attributes
                0x0000009c       0x34 ../shared/src/core/uart.o
 .ARM.attributes
                0x000000d0       0x34 ../libopencm3/lib\libopencm3_stm32f4.a(gpio_common_f0234.o)
 .ARM.attributes
                0x00000104       0x34 ../libopencm3/lib\libopencm3_stm32f4.a(rcc_common_all.o)
 .ARM.attributes
                0x00000138       0x34 ../libopencm3/lib\libopencm3_stm32f4.a(rcc.o)
 .ARM.attributes
                0x0000016c       0x34 ../libopencm3/lib\libopencm3_stm32f4.a(timer_common_all.o)
 .ARM.attributes
                0x000001a0       0x34 ../libopencm3/lib\libopencm3_stm32f4.a(usart_common_all.o)
 .ARM.attributes
                0x000001d4       0x34 ../libopencm3/lib\libopencm3_stm32f4.a(usart_common_f124.o)
 .ARM.attributes
                0x00000208       0x34 ../libopencm3/lib\libopencm3_stm32f4.a(vector.o)
 .ARM.attributes
                0x0000023c       0x34 ../libopencm3/lib\libopencm3_stm32f4.a(systick.o)
 .ARM.attributes
                0x00000270       0x34 ../libopencm3/lib\libopencm3_stm32f4.a(nvic.o)
 .ARM.attributes
                0x000002a4       0x34 ../libopencm3/lib\libopencm3_stm32f4.a(flash_common_all.o)
 .ARM.attributes
                0x000002d8       0x34 ../libopencm3/lib\libopencm3_stm32f4.a(flash_common_idcache.o)
 .ARM.attributes
                0x0000030c       0x34 ../libopencm3/lib\libopencm3_stm32f4.a(pwr.o)
 .ARM.attributes
                0x00000340       0x34 C:/Program Files/Arm/GNU Toolchain mingw-w64-x86_64-arm-none-eabi/bin/../lib/gcc/arm-none-eabi/15.2.1/../../../../arm-none-eabi/lib/thumb/v7e-m+fp/hard\libc.a(libc_a-sprintf.o)
 .ARM.attributes
                0x00000374       0x34 C:/Program Files/Arm/GNU Toolchain mingw-w64-x86_64-arm-none-eabi/bin/../lib/gcc/arm-none-eabi/15.2.1/../../../../arm-none-eabi/lib/thumb/v7e-m+fp/hard\libc.a(libc_a-impure.o)
 .ARM.attributes
                0x000003a8       0x34 C:/Program Files/Arm/GNU Toolchain mingw-w64-x86_64-arm-none-eabi/bin/../lib/gcc/arm-none-eabi/15.2.1/../../../../arm-none-eabi/lib/thumb/v7e-m+fp/hard\libc.a(libc_a-svfprintf.o)
 .ARM.attributes
                0x000003dc       0x34 C:/Program Files/Arm/GNU Toolchain mingw-w64-x86_64-arm-none-eabi/bin/../lib/gcc/arm-none-eabi/15.2.1/../../../../arm-none-eabi/lib/thumb/v7e-m+fp/hard\libc.a(libc_a-ssprint_r.o)
 .ARM.attributes
                0x00000410       0x34 C:/Program Files/Arm/GNU Toolchain mingw-w64-x86_64-arm-none-eabi/bin/../lib/gcc/arm-none-eabi/15.2.1/../../../../arm-none-eabi/lib/thumb/v7e-m+fp/hard\libc.a(libc_a-findfp.o)
 .ARM.attributes
                0x00000444       0x34 C:/Program Files/Arm/GNU Toolchain mingw-w64-x86_64-arm-none-eabi/bin/../lib/gcc/arm-none-eabi/15.2.1/../../../../arm-none-eabi/lib/thumb/v7e-m+fp/hard\libc.a(libc_a-fwalk.o)
 .ARM.attributes
                0x00000478       0x34 C:/Program Files/Arm/GNU Toolchain mingw-w64-x86_64-arm-none-eabi/bin/../lib/gcc/arm-none-eabi/15.2.1/../../../../arm-none-eabi/lib/thumb/v7e-m+fp/hard\libc.a(libc_a-stdio.o)
 .ARM.attributes
                0x000004ac       0x34 C:/Program Files/Arm/GNU Toolchain mingw-w64-x86_64-arm-none-eabi/bin/../lib/gcc/arm-none-eabi/15.2.1/../../../../arm-none-eabi/lib/thumb/v7e-m+fp/hard\libc.a(libc_a-memset.o)
 .ARM.attributes
                0x000004e0       0x34 C:/Program Files/Arm/GNU Toolchain mingw-w64-x86_64-arm-none-eabi/bin/../lib/gcc/arm-none-eabi/15.2.1/../../../../arm-none-eabi/lib/thumb/v7e-m+fp/hard\libc.a(libc_a-strncpy.o)
 .ARM.attributes
                0x00000514       0x34 C:/Program Files/Arm/GNU Toolchain mingw-w64-x86_64-arm-none-eabi/bin/../lib/gcc/arm-none-eabi/15.2.1/../../../../arm-none-eabi/lib/thumb/v7e-m+fp/hard\libc.a(libc_a-locale.o)
 .ARM.attributes
                0x00000548       0x34 C:/Program Files/Arm/GNU Toolchain mingw-w64-x86_64-arm-none-eabi/bin/../lib/gcc/arm-none-eabi/15.2.1/../../../../arm-none-eabi/lib/thumb/v7e-m+fp/hard\libc.a(libc_a-localeconv.o)
 .ARM.attributes
                0x0000057c       0x34 C:/Program Files/Arm/GNU Toolchain mingw-w64-x86_64-arm-none-eabi/bin/../lib/gcc/arm-none-eabi/15.2.1/../../../../arm-none-eabi/lib/thumb/v7e-m+fp/hard\libc.a(libc_a-closer.o)
 .ARM.attributes
                0x000005b0       0x34 C:/Program Files/Arm/GNU Toolchain mingw-w64-x86_64-arm-none-eabi/bin/../lib/gcc/arm-none-eabi/15.2.1/../../../../arm-none-eabi/lib/thumb/v7e-m+fp/hard\libc.a(libc_a-reent.o)
 .ARM.attributes
                0x000005e4       0x34 C:/Program Files/Arm/GNU Toolchain mingw-w64-x86_64-arm-none-eabi/bin/../lib/gcc/arm-none-eabi/15.2.1/../../../../arm-none-eabi/lib/thumb/v7e-m+fp/hard\libc.a(libc_a-lseekr.o)
 .ARM.attributes
                0x00000618       0x34 C:/Program Files/Arm/GNU Toolchain mingw-w64-x86_64-arm-none-eabi/bin/../lib/gcc/arm-none-eabi/15.2.1/../../../../arm-none-eabi/lib/thumb/v7e-m+fp/hard\libc.a(libc_a-readr.o)
 .ARM.attributes
                0x0000064c       0x34 C:/Program Files/Arm/GNU Toolchain mingw-w64-x86_64-arm-none-eabi/bin/../lib/gcc/arm-none-eabi/15.2.1/../../../../arm-none-eabi/lib/thumb/v7e-m+fp/hard\libc.a(libc_a-writer.o)
 .ARM.attributes
                0x00000680       0x34 C:/Program Files/Arm/GNU Toolchain mingw-w64-x86_64-arm-none-eabi/bin/../lib/gcc/arm-none-eabi/15.2.1/../../../../arm-none-eabi/lib/thumb/v7e-m+fp/hard\libc.a(libc_a-lock.o)
 .ARM.attributes
                0x000006b4       0x1c C:/Program Files/Arm/GNU Toolchain mingw-w64-x86_64-arm-none-eabi/bin/../lib/gcc/arm-none-eabi/15.2.1/../../../../arm-none-eabi/lib/thumb/v7e-m+fp/hard\libc.a(libc_a-memchr.o)
 .ARM.attributes
                0x000006d0       0x1c C:/Program Files/Arm/GNU Toolchain mingw-w64-x86_64-arm-none-eabi/bin/../lib/gcc/arm-none-eabi/15.2.1/../../../../arm-none-eabi/lib/thumb/v7e-m+fp/hard\libc.a(libc_a-strlen.o)
 .ARM.attributes
                0x000006ec       0x34 C:/Program Files/Arm/GNU Toolchain mingw-w64-x86_64-arm-none-eabi/bin/../lib/gcc/arm-none-eabi/15.2.1/../../../../arm-none-eabi/lib/thumb/v7e-m+fp/hard\libc.a(libm_a-s_frexp.o)
 .ARM.attributes
                0x00000720       0x34 C:/Program Files/Arm/GNU Toolchain mingw-w64-x86_64-arm-none-eabi/bin/../lib/gcc/arm-none-eabi/15.2.1/../../../../arm-none-eabi/lib/thumb/v7e-m+fp/hard\libc.a(libc_a-dtoa.o)
 .ARM.attributes
                0x00000754       0x34 C:/Program Files/Arm/GNU Toolchain mingw-w64-x86_64-arm-none-eabi/bin/../lib/gcc/arm-none-eabi/15.2.1/../../../../arm-none-eabi/lib/thumb/v7e-m+fp/hard\libc.a(libc_a-freer.o)
 .ARM.attributes
                0x00000788       0x34 C:/Program Files/Arm/GNU Toolchain mingw-w64-x86_64-arm-none-eabi/bin/../lib/gcc/arm-none-eabi/15.2.1/../../../../arm-none-eabi/lib/thumb/v7e-m+fp/hard\libc.a(libc_a-mallocr.o)
 .ARM.attributes
                0x000007bc       0x34 C:/Program Files/Arm/GNU Toolchain mingw-w64-x86_64-arm-none-eabi/bin/../lib/gcc/arm-none-eabi/15.2.1/../../../../arm-none-eabi/lib/thumb/v7e-m+fp/hard\libc.a(libc_a-mbtowc_r.o)
 .ARM.attributes
                0x000007f0       0x34 C:/Program Files/Arm/GNU Toolchain mingw-w64-x86_64-arm-none-eabi/bin/../lib/gcc/arm-none-eabi/15.2.1/../../../../arm-none-eabi/lib/thumb/v7e-m+fp/hard\libc.a(libc_a-mlock.o)
 .ARM.attributes
                0x00000824       0x34 C:/Program Files/Arm/GNU Toolchain mingw-w64-x86_64-arm-none-eabi/bin/../lib/gcc/arm-none-eabi/15.2.1/../../../../arm-none-eabi/lib/thumb/v7e-m+fp/hard\libc.a(libc_a-mprec.o)
 .ARM.attributes
                0x00000858       0x34 C:/Program Files/Arm/GNU Toolchain mingw-w64-x86_64-arm-none-eabi/bin/../lib/gcc/arm-none-eabi/15.2.1/../../../../arm-none-eabi/lib/thumb/v7e-m+fp/hard\libc.a(libc_a-wctomb_r.o)
 .ARM.attributes
                0x0000088c       0x34 C:/Program Files/Arm/GNU Toolchain mingw-w64-x86_64-arm-none-eabi/bin/../lib/gcc/arm-none-eabi/15.2.1/../../../../arm-none-eabi/lib/thumb/v7e-m+fp/hard\libc.a(libc_a-wcrtomb.o)
 .ARM.attributes
                0x000008c0       0x34 C:/Program Files/Arm/GNU Toolchain mingw-w64-x86_64-arm-none-eabi/bin/../lib/gcc/arm-none-eabi/15.2.1/../../../../arm-none-eabi/lib/thumb/v7e-m+fp/hard\libc.a(libc_a-wcsrtombs.o)
 .ARM.attributes
                0x000008f4       0x34 C:/Program Files/Arm/GNU Toolchain mingw-w64-x86_64-arm-none-eabi/bin/../lib/gcc/arm-none-eabi/15.2.1/../../../../arm-none-eabi/lib/thumb/v7e-m+fp/hard\libc.a(libc_a-ctype_.o)
 .ARM.attributes
                0x00000928       0x34 C:/Program Files/Arm/GNU Toolchain mingw-w64-x86_64-arm-none-eabi/bin/../lib/gcc/arm-none-eabi/15.2.1/../../../../arm-none-eabi/lib/thumb/v7e-m+fp/hard\libc.a(libc_a-ssputs_r.o)
 .ARM.attributes
                0x0000095c       0x34 C:/Program Files/Arm/GNU Toolchain mingw-w64-x86_64-arm-none-eabi/bin/../lib/gcc/arm-none-eabi/15.2.1/../../../../arm-none-eabi/lib/thumb/v7e-m+fp/hard\libc.a(libc_a-fclose.o)
 .ARM.attributes
                0x00000990       0x34 C:/Program Files/Arm/GNU Toolchain mingw-w64-x86_64-arm-none-eabi/bin/../lib/gcc/arm-none-eabi/15.2.1/../../../../arm-none-eabi/lib/thumb/v7e-m+fp/hard\libc.a(libc_a-fflush.o)
 .ARM.attributes
                0x000009c4       0x34 C:/Program Files/Arm/GNU Toolchain mingw-w64-x86_64-arm-none-eabi/bin/../lib/gcc/arm-none-eabi/15.2.1/../../../../arm-none-eabi/lib/thumb/v7e-m+fp/hard\libc.a(libc_a-memmove.o)
 .ARM.attributes
                0x000009f8       0x34 C:/Program Files/Arm/GNU Toolchain mingw-w64-x86_64-arm-none-eabi/bin/../lib/gcc/arm-none-eabi/15.2.1/../../../../arm-none-eabi/lib/thumb/v7e-m+fp/hard\libc.a(libc_a-sbrkr.o)
 .ARM.attributes
                0x00000a2c       0x34 C:/Program Files/Arm/GNU Toolchain mingw-w64-x86_64-arm-none-eabi/bin/../lib/gcc/arm-none-eabi/15.2.1/../../../../arm-none-eabi/lib/thumb/v7e-m+fp/hard\libc.a(libc_a-errno.o)
 .ARM.attributes
                0x00000a60       0x34 C:/Program Files/Arm/GNU Toolchain mingw-w64-x86_64-arm-none-eabi/bin/../lib/gcc/arm-none-eabi/15.2.1/../../../../arm-none-eabi/lib/thumb/v7e-m+fp/hard\libc.a(libc_a-sysconf.o)
 .ARM.attributes
                0x00000a94       0x20 C:/Program Files/Arm/GNU Toolchain mingw-w64-x86_64-arm-none-eabi/bin/../lib/gcc/arm-none-eabi/15.2.1/../../../../arm-none-eabi/lib/thumb/v7e-m+fp/hard\libc.a(libc_a-memcpy.o)
 .ARM.attributes
                0x00000ab4       0x34 C:/Program Files/Arm/GNU Toolchain mingw-w64-x86_64-arm-none-eabi/bin/../lib/gcc/arm-none-eabi/15.2.1/../../../../arm-none-eabi/lib/thumb/v7e-m+fp/hard\libc.a(libc_a-assert.o)
 .ARM.attributes
                0x00000ae8       0x34 C:/Program Files/Arm/GNU Toolchain mingw-w64-x86_64-arm-none-eabi/bin/../lib/gcc/arm-none-eabi/15.2.1/../../../../arm-none-eabi/lib/thumb/v7e-m+fp/hard\libc.a(libc_a-callocr.o)
 .ARM.attributes
                0x00000b1c       0x34 C:/Program Files/Arm/GNU Toolchain mingw-w64-x86_64-arm-none-eabi/bin/../lib/gcc/arm-none-eabi/15.2.1/../../../../arm-none-eabi/lib/thumb/v7e-m+fp/hard\libc.a(libc_a-reallocr.o)
 .ARM.attributes
                0x00000b50       0x34 C:/Program Files/Arm/GNU Toolchain mingw-w64-x86_64-arm-none-eabi/bin/../lib/gcc/arm-none-eabi/15.2.1/../../../../arm-none-eabi/lib/thumb/v7e-m+fp/hard\libc.a(libc_a-wcsnrtombs.o)
 .ARM.attributes
                0x00000b84       0x34 C:/Program Files/Arm/GNU Toolchain mingw-w64-x86_64-arm-none-eabi/bin/../lib/gcc/arm-none-eabi/15.2.1/../../../../arm-none-eabi/lib/thumb/v7e-m+fp/hard\libc.a(libc_a-fiprintf.o)
 .ARM.attributes
                0x00000bb8       0x34 C:/Program Files/Arm/GNU Toolchain mingw-w64-x86_64-arm-none-eabi/bin/../lib/gcc/arm-none-eabi/15.2.1/../../../../arm-none-eabi/lib/thumb/v7e-m+fp/hard\libc.a(libc_a-vfiprintf.o)
 .ARM.attributes
                0x00000bec       0x34 C:/Program Files/Arm/GNU Toolchain mingw-w64-x86_64-arm-none-eabi/bin/../lib/gcc/arm-none-eabi/15.2.1/../../../../arm-none-eabi/lib/thumb/v7e-m+fp/hard\libc.a(libc_a-sprint_r.o)
 .ARM.attributes
                0x00000c20       0x34 C:/Program Files/Arm/GNU Toolchain mingw-w64-x86_64-arm-none-eabi/bin/../lib/gcc/arm-none-eabi/15.2.1/../../../../arm-none-eabi/lib/thumb/v7e-m+fp/hard\libc.a(libc_a-fvwrite.o)
 .ARM.attributes
                0x00000c54       0x34 C:/Program Files/Arm/GNU Toolchain mingw-w64-x86_64-arm-none-eabi/bin/../lib/gcc/arm-none-eabi/15.2.1/../../../../arm-none-eabi/lib/thumb/v7e-m+fp/hard\libc.a(libc_a-wsetup.o)
 .ARM.attributes
                0x00000c88       0x34 C:/Program Files/Arm/GNU Toolchain mingw-w64-x86_64-arm-none-eabi/bin/../lib/gcc/arm-none-eabi/15.2.1/../../../../arm-none-eabi/lib/thumb/v7e-m+fp/hard\libc.a(libc_a-abort.o)
 .ARM.attributes
                0x00000cbc       0x34 C:/Program Files/Arm/GNU Toolchain mingw-w64-x86_64-arm-none-eabi/bin/../lib/gcc/arm-none-eabi/15.2.1/../../../../arm-none-eabi/lib/thumb/v7e-m+fp/hard\libc.a(libc_a-makebuf.o)
 .ARM.attributes
                0x00000cf0       0x34 C:/Program Files/Arm/GNU Toolchain mingw-w64-x86_64-arm-none-eabi/bin/../lib/gcc/arm-none-eabi/15.2.1/../../../../arm-none-eabi/lib/thumb/v7e-m+fp/hard\libc.a(libc_a-signal.o)
 .ARM.attributes
                0x00000d24       0x34 C:/Program Files/Arm/GNU Toolchain mingw-w64-x86_64-arm-none-eabi/bin/../lib/gcc/arm-none-eabi/15.2.1/../../../../arm-none-eabi/lib/thumb/v7e-m+fp/hard\libc.a(libc_a-fstatr.o)
 .ARM.attributes
                0x00000d58       0x34 C:/Program Files/Arm/GNU Toolchain mingw-w64-x86_64-arm-none-eabi/bin/../lib/gcc/arm-none-eabi/15.2.1/../../../../arm-none-eabi/lib/thumb/v7e-m+fp/hard\libc.a(libc_a-isattyr.o)
 .ARM.attributes
                0x00000d8c       0x34 C:/Program Files/Arm/GNU Toolchain mingw-w64-x86_64-arm-none-eabi/bin/../lib/gcc/arm-none-eabi/15.2.1/../../../../arm-none-eabi/lib/thumb/v7e-m+fp/hard\libc.a(libc_a-signalr.o)
 .ARM.attributes
                0x00000dc0       0x22 C:/Program Files/Arm/GNU Toolchain mingw-w64-x86_64-arm-none-eabi/bin/../lib/gcc/arm-none-eabi/15.2.1/thumb/v7e-m+fp/hard\libgcc.a(_arm_addsubdf3.o)
 .ARM.attributes
                0x00000de2       0x22 C:/Program Files/Arm/GNU Toolchain mingw-w64-x86_64-arm-none-eabi/bin/../lib/gcc/arm-none-eabi/15.2.1/thumb/v7e-m+fp/hard\libgcc.a(_arm_muldivdf3.o)
 .ARM.attributes
                0x00000e04       0x22 C:/Program Files/Arm/GNU Toolchain mingw-w64-x86_64-arm-none-eabi/bin/../lib/gcc/arm-none-eabi/15.2.1/thumb/v7e-m+fp/hard\libgcc.a(_arm_cmpdf2.o)
 .ARM.attributes
                0x00000e26       0x22 C:/Program Files/Arm/GNU Toolchain mingw-w64-x86_64-arm-none-eabi/bin/../lib/gcc/arm-none-eabi/15.2.1/thumb/v7e-m+fp/hard\libgcc.a(_arm_unorddf2.o)
 .ARM.attributes
                0x00000e48       0x22 C:/Program Files/Arm/GNU Toolchain mingw-w64-x86_64-arm-none-eabi/bin/../lib/gcc/arm-none-eabi/15.2.1/thumb/v7e-m+fp/hard\libgcc.a(_arm_fixdfsi.o)
 .ARM.attributes
                0x00000e6a       0x34 C:/Program Files/Arm/GNU Toolchain mingw-w64-x86_64-arm-none-eabi/bin/../lib/gcc/arm-none-eabi/15.2.1/../../../../arm-none-eabi/lib/thumb/v7e-m+fp/hard\libnosys.a(close.o)
 .ARM.attributes
                0x00000e9e       0x34 C:/Program Files/Arm/GNU Toolchain mingw-w64-x86_64-arm-none-eabi/bin/../lib/gcc/arm-none-eabi/15.2.1/../../../../arm-none-eabi/lib/thumb/v7e-m+fp/hard\libnosys.a(fstat.o)
 .ARM.attributes
                0x00000ed2       0x34 C:/Program Files/Arm/GNU Toolchain mingw-w64-x86_64-arm-none-eabi/bin/../lib/gcc/arm-none-eabi/15.2.1/../../../../arm-none-eabi/lib/thumb/v7e-m+fp/hard\libnosys.a(getpid.o)
 .ARM.attributes
                0x00000f06       0x34 C:/Program Files/Arm/GNU Toolchain mingw-w64-x86_64-arm-none-eabi/bin/../lib/gcc/arm-none-eabi/15.2.1/../../../../arm-none-eabi/lib/thumb/v7e-m+fp/hard\libnosys.a(isatty.o)
 .ARM.attributes
                0x00000f3a       0x34 C:/Program Files/Arm/GNU Toolchain mingw-w64-x86_64-arm-none-eabi/bin/../lib/gcc/arm-none-eabi/15.2.1/../../../../arm-none-eabi/lib/thumb/v7e-m+fp/hard\libnosys.a(kill.o)
 .ARM.attributes
                0x00000f6e       0x34 C:/Program Files/Arm/GNU Toolchain mingw-w64-x86_64-arm-none-eabi/bin/../lib/gcc/arm-none-eabi/15.2.1/../../../../arm-none-eabi/lib/thumb/v7e-m+fp/hard\libnosys.a(lseek.o)
 .ARM.attributes
                0x00000fa2       0x34 C:/Program Files/Arm/GNU Toolchain mingw-w64-x86_64-arm-none-eabi/bin/../lib/gcc/arm-none-eabi/15.2.1/../../../../arm-none-eabi/lib/thumb/v7e-m+fp/hard\libnosys.a(read.o)
 .ARM.attributes
                0x00000fd6       0x34 C:/Program Files/Arm/GNU Toolchain mingw-w64-x86_64-arm-none-eabi/bin/../lib/gcc/arm-none-eabi/15.2.1/../../../../arm-none-eabi/lib/thumb/v7e-m+fp/hard\libnosys.a(sbrk.o)
 .ARM.attributes
                0x0000100a       0x34 C:/Program Files/Arm/GNU Toolchain mingw-w64-x86_64-arm-none-eabi/bin/../lib/gcc/arm-none-eabi/15.2.1/../../../../arm-none-eabi/lib/thumb/v7e-m+fp/hard\libnosys.a(write.o)
 .ARM.attributes
                0x0000103e       0x34 C:/Program Files/Arm/GNU Toolchain mingw-w64-x86_64-arm-none-eabi/bin/../lib/gcc/arm-none-eabi/15.2.1/../../../../arm-none-eabi/lib/thumb/v7e-m+fp/hard\libnosys.a(_exit.o)

.debug_frame    0x00000000     0x27ac
 .debug_frame   0x00000000       0x50 src/firmware.o
 .debug_frame   0x00000050       0x50 src/timer.o
 .debug_frame   0x000000a0       0xa4 ../shared/src/core/system.o
 .debug_frame   0x00000144      0x100 ../shared/src/core/uart.o
 .debug_frame   0x00000244       0x70 ../libopencm3/lib\libopencm3_stm32f4.a(gpio_common_f0234.o)
 .debug_frame   0x000002b4       0xe0 ../libopencm3/lib\libopencm3_stm32f4.a(rcc_common_all.o)
 .debug_frame   0x00000394      0x234 ../libopencm3/lib\libopencm3_stm32f4.a(rcc.o)
 .debug_frame   0x000005c8      0x520 ../libopencm3/lib\libopencm3_stm32f4.a(timer_common_all.o)
 .debug_frame   0x00000ae8      0x204 ../libopencm3/lib\libopencm3_stm32f4.a(usart_common_all.o)
 .debug_frame   0x00000cec       0x70 ../libopencm3/lib\libopencm3_stm32f4.a(usart_common_f124.o)
 .debug_frame   0x00000d5c       0x4c ../libopencm3/lib\libopencm3_stm32f4.a(vector.o)
 .debug_frame   0x00000da8       0xd8 ../libopencm3/lib\libopencm3_stm32f4.a(systick.o)
 .debug_frame   0x00000e80       0xa0 ../libopencm3/lib\libopencm3_stm32f4.a(nvic.o)