Archive member included to satisfy reference by file (symbol)

../libopencm3/lib\libopencm3_stm32f4.a(vector.o)
                              (reset_handler)

Discarded input sections

 .group         0x00000000        0xc src/bootloader.o
 .group         0x00000000        0xc src/bootloader.o
 .group         0x00000000        0xc src/bootloader.o
 .group         0x00000000        0xc src/bootloader.o
 .group         0x00000000        0xc src/bootloader.o
 .group         0x00000000        0xc src/bootloader.o
 .group         0x00000000        0xc src/bootloader.o
 .group         0x00000000        0xc src/bootloader.o
 .group         0x00000000        0xc src/bootloader.o
 .group         0x00000000        0xc src/bootloader.o
 .group         0x00000000        0xc src/bootloader.o
 .group         0x00000000        0xc src/bootloader.o
 .text          0x00000000        0x0 src/bootloader.o
 .data          0x00000000        0x0 src/bootloader.o
 .bss           0x00000000        0x0 src/bootloader.o
 .group         0x00000000        0xc ../libopencm3/lib\libopencm3_stm32f4.a(vector.o)
 .group         0x00000000        0xc ../libopencm3/lib\libopencm3_stm32f4.a(vector.o)
 .group         0x00000000        0xc ../libopencm3/lib\libopencm3_stm32f4.a(vector.o)
 .group         0x00000000        0xc ../libopencm3/lib\libopencm3_stm32f4.a(vector.o)
 .group         0x00000000        0xc ../libopencm3/lib\libopencm3_stm32f4.a(vector.o)
 .group         0x00000000        0xc ../libopencm3/lib\libopencm3_stm32f4.a(vector.o)
 .group         0x00000000        0xc ../libopencm3/lib\libopencm3_stm32f4.a(vector.o)
 .group         0x00000000        0xc ../libopencm3/lib\libopencm3_stm32f4.a(vector.o)
 .group         0x00000000        0xc ../libopencm3/lib\libopencm3_stm32f4.a(vector.o)
 .group         0x00000000        0xc ../libopencm3/lib\libopencm3_stm32f4.a(vector.o)
 .group         0x00000000        0xc ../libopencm3/lib\libopencm3_stm32f4.a(vector.o)
 .group         0x00000000        0xc ../libopencm3/lib\libopencm3_stm32f4.a(vector.o)
 .group         0x00000000        0xc ../libopencm3/lib\libopencm3_stm32f4.a(vector.o)
 .group         0x00000000        0xc ../libopencm3/lib\libopencm3_stm32f4.a(vector.o)
 .text          0x00000000        0x0 ../libopencm3/lib\libopencm3_stm32f4.a(vector.o)
 .data          0x00000000        0x0 ../libopencm3/lib\libopencm3_stm32f4.a(vector.o)
 .bss           0x00000000        0x0 ../libopencm3/lib\libopencm3_stm32f4.a(vector.o)
 .debug_macro   0x00000000      0xade ../libopencm3/lib\libopencm3_stm32f4.a(vector.o)
 .debug_macro   0x00000000       0x76 ../libopencm3/lib\libopencm3_stm32f4.a(vector.o)
 .debug_macro   0x00000000       0x22 ../libopencm3/lib\libopencm3_stm32f4.a(vector.o)
 .debug_macro   0x00000000       0x56 ../libopencm3/lib\libopencm3_stm32f4.a(vector.o)
 .debug_macro   0x00000000       0x51 ../libopencm3/lib\libopencm3_stm32f4.a(vector.o)
 .debug_macro   0x00000000      0x103 ../libopencm3/lib\libopencm3_stm32f4.a(vector.o)
 .debug_macro   0x00000000       0x6a ../libopencm3/lib\libopencm3_stm32f4.a(vector.o)
 .debug_macro   0x00000000      0x1df ../libopencm3/lib\libopencm3_stm32f4.a(vector.o)
 .debug_macro   0x00000000       0x22 ../libopencm3/lib\libopencm3_stm32f4.a(vector.o)
 .debug_macro   0x00000000      0x452 ../libopencm3/lib\libopencm3_stm32f4.a(vector.o)

Memory Configuration

Name             Origin             Length             Attributes
rom              0x08000000         0x00008000         xr
ram              0x20000000         0x00008000         xrw
*default*        0x00000000         0xffffffff

Linker script and memory map

LOAD src/bootloader.o
LOAD ../libopencm3/lib\libopencm3_stm32f4.a
START GROUP
LOAD C:/Program Files/Arm/GNU Toolchain mingw-w64-x86_64-arm-none-eabi/bin/../lib/gcc/arm-none-eabi/15.2.1/thumb/v7e-m+fp/hard\libgcc.a
END GROUP
START GROUP
LOAD C:/Program Files/Arm/GNU Toolchain mingw-w64-x86_64-arm-none-eabi/bin/../lib/gcc/arm-none-eabi/15.2.1/thumb/v7e-m+fp/hard\libgcc.a
LOAD C:/Program Files/Arm/GNU Toolchain mingw-w64-x86_64-arm-none-eabi/bin/../lib/gcc/arm-none-eabi/15.2.1/../../../../arm-none-eabi/lib/thumb/v7e-m+fp/hard\libg_nano.a
LOAD C:/Program Files/Arm/GNU Toolchain mingw-w64-x86_64-arm-none-eabi/bin/../lib/gcc/arm-none-eabi/15.2.1/../../../../arm-none-eabi/lib/thumb/v7e-m+fp/hard\libc_nano.a
END GROUP
START GROUP
LOAD C:/Program Files/Arm/GNU Toolchain mingw-w64-x86_64-arm-none-eabi/bin/../lib/gcc/arm-none-eabi/15.2.1/thumb/v7e-m+fp/hard\libgcc.a
LOAD C:/Program Files/Arm/GNU Toolchain mingw-w64-x86_64-arm-none-eabi/bin/../lib/gcc/arm-none-eabi/15.2.1/../../../../arm-none-eabi/lib/thumb/v7e-m+fp/hard\libc_nano.a
LOAD C:/Program Files/Arm/GNU Toolchain mingw-w64-x86_64-arm-none-eabi/bin/../lib/gcc/arm-none-eabi/15.2.1/../../../../arm-none-eabi/lib/thumb/v7e-m+fp/hard\libnosys.a
END GROUP
START GROUP
LOAD C:/Program Files/Arm/GNU Toolchain mingw-w64-x86_64-arm-none-eabi/bin/../lib/gcc/arm-none-eabi/15.2.1/thumb/v7e-m+fp/hard\libgcc.a
LOAD C:/Program Files/Arm/GNU Toolchain mingw-w64-x86_64-arm-none-eabi/bin/../lib/gcc/arm-none-eabi/15.2.1/../../../../arm-none-eabi/lib/thumb/v7e-m+fp/hard\libc_nano.a
LOAD C:/Program Files/Arm/GNU Toolchain mingw-w64-x86_64-arm-none-eabi/bin/../lib/gcc/arm-none-eabi/15.2.1/../../../../arm-none-eabi/lib/thumb/v7e-m+fp/hard\libnosys.a
END GROUP

.text           0x08000000      0x270
                0x08000000                        . = ALIGN (0x4)
 *(.vectors)
 .vectors       0x08000000      0x1ac ../libopencm3/lib\libopencm3_stm32f4.a(vector.o)
                0x08000000                vector_table
                0x080001b0                        . = ALIGN (0x10)
 *fill*         0x080001ac        0x4 
 *(.bootloader_section)
 *(.firmware_info)
 *(.firmware_signature)
 *(.text*)
 .text.startup.main
                0x080001b0       0x1c src/bootloader.o
                0x080001b0                main
 .text.blocking_handler
                0x080001cc        0x2 ../libopencm3/lib\libopencm3_stm32f4.a(vector.o)
                0x080001cc                dma2_stream1_isr
                0x080001cc                tim8_brk_tim12_isr
                0x080001cc                dma1_stream7_isr
                0x080001cc                usart3_isr
                0x080001cc                tim7_isr
                0x080001cc                dma2d_isr
                0x080001cc                uart8_isr
                0x080001cc                dma1_stream2_isr
                0x080001cc                otg_hs_isr
                0x080001cc                blocking_handler
                0x080001cc                tim5_isr
                0x080001cc                rtc_wkup_isr
                0x080001cc                otg_fs_isr
                0x080001cc                spi1_isr
                0x080001cc                i2c3_er_isr
                0x080001cc                exti2_isr
                0x080001cc                spi5_isr
                0x080001cc                usb_fs_wkup_isr
                0x080001cc                tamp_stamp_isr
                0x080001cc                can1_rx1_isr
                0x080001cc                dma2_stream0_isr
                0x080001cc                usart1_isr
                0x080001cc                i2c3_ev_isr
                0x080001cc                usage_fault_handler
                0x080001cc                can2_rx0_isr
                0x080001cc                dma1_stream6_isr
                0x080001cc                can2_rx1_isr
                0x080001cc                can1_sce_isr
                0x080001cc                tim1_cc_isr
                0x080001cc                can1_tx_isr
                0x080001cc                tim1_up_tim10_isr
                0x080001cc                sdio_isr
                0x080001cc                eth_isr
                0x080001cc                spi6_isr
                0x080001cc                dma2_stream5_isr
                0x080001cc                pvd_isr
                0x080001cc                can1_rx0_isr
                0x080001cc                rcc_isr
                0x080001cc                dma2_stream3_isr
                0x080001cc                flash_isr
                0x080001cc                uart4_isr
                0x080001cc                lcd_tft_isr
                0x080001cc                rtc_alarm_isr
                0x080001cc                exti15_10_isr
                0x080001cc                hash_rng_isr
                0x080001cc                tim1_trg_com_tim11_isr
                0x080001cc                hard_fault_handler
                0x080001cc                exti1_isr
                0x080001cc                i2c1_ev_isr
                0x080001cc                usart6_isr
                0x080001cc                spi2_isr
                0x080001cc                cryp_isr
                0x080001cc                nvic_wwdg_isr
                0x080001cc                dma1_stream1_isr
                0x080001cc                dma2_stream4_isr
                0x080001cc                exti3_isr
                0x080001cc                tim3_isr
                0x080001cc                usart2_isr
                0x080001cc                sai1_isr
                0x080001cc                fpu_isr
                0x080001cc                dma1_stream4_isr
                0x080001cc                i2c2_er_isr
                0x080001cc                i2c2_ev_isr
                0x080001cc                uart5_isr
                0x080001cc                dma2_stream6_isr
                0x080001cc                spi4_isr
                0x080001cc                adc_isr
                0x080001cc                dma2_stream7_isr
                0x080001cc                tim8_up_tim13_isr
                0x080001cc                fsmc_isr
                0x080001cc                exti4_isr
                0x080001cc                tim6_dac_isr
                0x080001cc                dma1_stream3_isr
                0x080001cc                tim8_trg_com_tim14_isr
                0x080001cc                mem_manage_handler
                0x080001cc                lcd_tft_err_isr
                0x080001cc                can2_tx_isr
                0x080001cc                exti9_5_isr
                0x080001cc                tim1_brk_tim9_isr
                0x080001cc                uart7_isr
                0x080001cc                can2_sce_isr
                0x080001cc                tim4_isr
                0x080001cc                otg_hs_wkup_isr
                0x080001cc                i2c1_er_isr
                0x080001cc                dma1_stream0_isr
                0x080001cc                tim8_cc_isr
                0x080001cc                dcmi_isr
                0x080001cc                dma2_stream2_isr
                0x080001cc                eth_wkup_isr
                0x080001cc                bus_fault_handler
                0x080001cc                otg_hs_ep1_out_isr
                0x080001cc                spi3_isr
                0x080001cc                dma1_stream5_isr
                0x080001cc                otg_hs_ep1_in_isr
                0x080001cc                tim2_isr
                0x080001cc                exti0_isr
 .text.null_handler
                0x080001ce        0x2 ../libopencm3/lib\libopencm3_stm32f4.a(vector.o)
                0x080001ce                sv_call_handler
                0x080001ce                pend_sv_handler
                0x080001ce                debug_monitor_handler
                0x080001ce                sys_tick_handler
                0x080001ce                nmi_handler
                0x080001ce                null_handler
 .text.reset_handler
                0x080001d0       0xa0 ../libopencm3/lib\libopencm3_stm32f4.a(vector.o)
                0x080001d0                reset_handler
 *(.rodata*)
                0x08000270                        . = ALIGN (0x4)
                0x08000270                        . = ALIGN (0x4)
                0x08000270                        __preinit_array_start = .
                0x08000270                        __preinit_array_end = .
                0x08000270                        . = ALIGN (0x4)
                0x08000270                        __init_array_start = .
                0x08000270                        __init_array_end = .
                0x08000270                        . = ALIGN (0x4)
                0x08000270                        __fini_array_start = .
                0x08000270                        __fini_array_end = .
                0x08000270                        _etext = .

.glue_7         0x08000270        0x0
 .glue_7        0x08000270        0x0 linker stubs

.glue_7t        0x08000270        0x0
 .glue_7t       0x08000270        0x0 linker stubs

.vfp11_veneer   0x08000270        0x0
 .vfp11_veneer  0x08000270        0x0 linker stubs

.v4_bx          0x08000270        0x0
 .v4_bx         0x08000270        0x0 linker stubs

.iplt           0x08000270        0x0
 .iplt          0x08000270        0x0 ../libopencm3/lib\libopencm3_stm32f4.a(vector.o)

.rel.dyn        0x08000270        0x0
 .rel.iplt      0x08000270        0x0 ../libopencm3/lib\libopencm3_stm32f4.a(vector.o)

.data           0x20000000        0x0 load address 0x08000270
                0x20000000                        _data = .
 *(.data*)
 *(.ramtext*)
                0x20000000                        . = ALIGN (0x4)
                0x20000000                        _edata = .
                0x08000270                        _data_loadaddr = LOADADDR (.data)

.igot.plt       0x20000000        0x0 load address 0x08000270
 .igot.plt      0x20000000        0x0 ../libopencm3/lib\libopencm3_stm32f4.a(vector.o)

.bss            0x20000000        0x0 load address 0x08000270
                0x20000000                        _bss = .
 *(.bss*)
 *(COMMON)
                0x20000000                        . = ALIGN (0x4)
                0x20000000                        _ebss = .

/DISCARD/
 *(.eh_frame)
 *(.ARM.exidx*)
 *(.ARM.extab*)
                0x20000000                        . = ALIGN (0x4)
                0x20000000                        end = .
                0x20008000                        PROVIDE (_stack = (ORIGIN (ram) + LENGTH (ram)))
OUTPUT(bootloader.elf elf32-littlearm)
LOAD linker stubs

.debug_info     0x00000000      0x3e8
 .debug_info    0x00000000      0x10f src/bootloader.o
 .debug_info    0x0000010f      0x2d9 ../libopencm3/lib\libopencm3_stm32f4.a(vector.o)

.debug_abbrev   0x00000000      0x214
 .debug_abbrev  0x00000000       0xb5 src/bootloader.o
 .debug_abbrev  0x000000b5      0x15f ../libopencm3/lib\libopencm3_stm32f4.a(vector.o)

.debug_loclists
                0x00000000       0xbf
 .debug_loclists
                0x00000000       0x17 src/bootloader.o
 .debug_loclists
                0x00000017       0xa8 ../libopencm3/lib\libopencm3_stm32f4.a(vector.o)

.debug_aranges  0x00000000       0x50
 .debug_aranges
                0x00000000       0x20 src/bootloader.o
 .debug_aranges
                0x00000020       0x30 ../libopencm3/lib\libopencm3_stm32f4.a(vector.o)

.debug_rnglists
                0x00000000       0x3f
 .debug_rnglists
                0x00000000       0x1f src/bootloader.o
 .debug_rnglists
                0x0000001f       0x20 ../libopencm3/lib\libopencm3_stm32f4.a(vector.o)

.debug_macro    0x00000000     0x1c8a
 .debug_macro   0x00000000       0xbc src/bootloader.o
 .debug_macro   0x000000bc      0xade src/bootloader.o
 .debug_macro   0x00000b9a       0x22 src/bootloader.o
 .debug_macro   0x00000bbc       0x56 src/bootloader.o
 .debug_macro   0x00000c12       0x51 src/bootloader.o
 .debug_macro   0x00000c63      0x103 src/bootloader.o
 .debug_macro   0x00000d66       0x6a src/bootloader.o
 .debug_macro   0x00000dd0      0x1df src/bootloader.o
 .debug_macro   0x00000faf       0x22 src/bootloader.o
 .debug_macro   0x00000fd1       0x76 src/bootloader.o
 .debug_macro   0x00001047      0x280 src/bootloader.o
 .debug_macro   0x000012c7      0x100 src/bootloader.o
 .debug_macro   0x000013c7      0x452 src/bootloader.o
 .debug_macro   0x00001819       0xd3 ../libopencm3/lib\libopencm3_stm32f4.a(vector.o)
 .debug_macro   0x000018ec       0x1c ../libopencm3/lib\libopencm3_stm32f4.a(vector.o)
 .debug_macro   0x00001908       0xe8 ../libopencm3/lib\libopencm3_stm32f4.a(vector.o)
 .debug_macro   0x000019f0       0x6e ../libopencm3/lib\libopencm3_stm32f4.a(vector.o)
 .debug_macro   0x00001a5e      0x22c ../libopencm3/lib\libopencm3_stm32f4.a(vector.o)

.debug_line     0x00000000      0x7a8
 .debug_line    0x00000000      0x337 src/bootloader.o
 .debug_line    0x00000337      0x471 ../libopencm3/lib\libopencm3_stm32f4.a(vector.o)

.debug_str      0x00000000     0x80c3
 .debug_str     0x00000000     0x80c3 src/bootloader.o
                               0x68e7 (size before relaxing)
 .debug_str     0x000080c3        0x0 ../libopencm3/lib\libopencm3_stm32f4.a(vector.o)
                               0x708a (size before relaxing)

.comment        0x00000000       0x45
 .comment       0x00000000       0x45 src/bootloader.o
                                 0x46 (size before relaxing)
 .comment       0x00000045        0x0 ../libopencm3/lib\libopencm3_stm32f4.a(vector.o)
                                 0x46 (size before relaxing)

.ARM.attributes
                0x00000000       0x34
 .ARM.attributes
                0x00000000       0x34 src/bootloader.o
 .ARM.attributes
                0x00000034       0x34 ../libopencm3/lib\libopencm3_stm32f4.a(vector.o)

.debug_frame    0x00000000       0x74
 .debug_frame   0x00000000       0x28 src/bootloader.o
 .debug_frame   0x00000028       0x4c ../libopencm3/lib\libopencm3_stm32f4.a(vector.o)

Cross Reference Table

Symbol                                            File
__fini_array_end                                  ../libopencm3/lib\libopencm3_stm32f4.a(vector.o)
__fini_array_start                                ../libopencm3/lib\libopencm3_stm32f4.a(vector.o)
__init_array_end                                  ../libopencm3/lib\libopencm3_stm32f4.a(vector.o)
__init_array_start                                ../libopencm3/lib\libopencm3_stm32f4.a(vector.o)
__preinit_array_end                               ../libopencm3/lib\libopencm3_stm32f4.a(vector.o)
__preinit_array_start                             ../libopencm3/lib\libopencm3_stm32f4.a(vector.o)
_data                                             ../libopencm3/lib\libopencm3_stm32f4.a(vector.o)
_data_loadaddr                                    ../libopencm3/lib\libopencm3_stm32f4.a(vector.o)
_ebss                                             ../libopencm3/lib\libopencm3_stm32f4.a(vector.o)
_edata                                            ../libopencm3/lib\libopencm3_stm32f4.a(vector.o)
_stack                                            ../libopencm3/lib\libopencm3_stm32f4.a(vector.o)
adc_isr                                           ../libopencm3/lib\libopencm3_stm32f4.a(vector.o)
blocking_handler                                  ../libopencm3/lib\libopencm3_stm32f4.a(vector.o)
bus_fault_handler                                 ../libopencm3/lib\libopencm3_stm32f4.a(vector.o)
can1_rx0_isr                                      ../libopencm3/lib\libopencm3_stm32f4.a(vector.o)
can1_rx1_isr                                      ../libopencm3/lib\libopencm3_stm32f4.a(vector.o)
can1_sce_isr                                      ../libopencm3/lib\libopencm3_stm32f4.a(vector.o)
can1_tx_isr                                       ../libopencm3/lib\libopencm3_stm32f4.a(vector.o)
can2_rx0_isr                                      ../libopencm3/lib\libopencm3_stm32f4.a(vector.o)
can2_rx1_isr                                      ../libopencm3/lib\libopencm3_stm32f4.a(vector.o)
can2_sce_isr                                      ../libopencm3/lib\libopencm3_stm32f4.a(vector.o)
can2_tx_isr                                       ../libopencm3/lib\libopencm3_stm32f4.a(vector.o)
cryp_isr                                          ../libopencm3/lib\libopencm3_stm32f4.a(vector.o)
dcmi_isr                                          ../libopencm3/lib\libopencm3_stm32f4.a(vector.o)
debug_monitor_handler                             ../libopencm3/lib\libopencm3_stm32f4.a(vector.o)
dma1_stream0_isr                                  ../libopencm3/lib\libopencm3_stm32f4.a(vector.o)
dma1_stream1_isr                                  ../libopencm3/lib\libopencm3_stm32f4.a(vector.o)
dma1_stream2_isr                                  ../libopencm3/lib\libopencm3_stm32f4.a(vector.o)
dma1_stream3_isr                                  ../libopencm3/lib\libopencm3_stm32f4.a(vector.o)
dma1_stream4_isr                                  ../libopencm3/lib\libopencm3_stm32f4.a(vector.o)
dma1_stream5_isr                                  ../libopencm3/lib\libopencm3_stm32f4.a(vector.o)
dma1_stream6_isr                                  ../libopencm3/lib\libopencm3_stm32f4.a(vector.o)
dma1_stream7_isr                                  ../libopencm3/lib\libopencm3_stm32f4.a(vector.o)
dma2_stream0_isr                                  ../libopencm3/lib\libopencm3_stm32f4.a(vector.o)
dma2_stream1_isr                                  ../libopencm3/lib\libopencm3_stm32f4.a(vector.o)
dma2_stream2_isr                                  ../libopencm3/lib\libopencm3_stm32f4.a(vector.o)
dma2_stream3_isr                                  ../libopencm3/lib\libopencm3_stm32f4.a(vector.o)
dma2_stream4_isr                                  ../libopencm3/lib\libopencm3_stm32f4.a(vector.o)
dma2_stream5_isr                                  ../libopencm3/lib\libopencm3_stm32f4.a(vector.o)
dma2_stream6_isr                                  ../libopencm3/lib\libopencm3_stm32f4.a(vector.o)
dma2_stream7_isr                                  ../libopencm3/lib\libopencm3_stm32f4.a(vector.o)
dma2d_isr                                         ../libopencm3/lib\libopencm3_stm32f4.a(vector.o)
eth_isr                                           ../libopencm3/lib\libopencm3_stm32f4.a(vector.o)
eth_wkup_isr                                      ../libopencm3/lib\libopencm3_stm32f4.a(vector.o)
exti0_isr                                         ../libopencm3/lib\libopencm3_stm32f4.a(vector.o)
exti15_10_isr                                     ../libopencm3/lib\libopencm3_stm32f4.a(vector.o)
exti1_isr                                         ../libopencm3/lib\libopencm3_stm32f4.a(vector.o)
exti2_isr                                         ../libopencm3/lib\libopencm3_stm32f4.a(vector.o)
exti3_isr                                         ../libopencm3/lib\libopencm3_stm32f4.a(vector.o)
exti4_isr                                         ../libopencm3/lib\libopencm3_stm32f4.a(vector.o)
exti9_5_isr                                       ../libopencm3/lib\libopencm3_stm32f4.a(vector.o)
flash_isr                                         ../libopencm3/lib\libopencm3_stm32f4.a(vector.o)
fpu_isr                                           ../libopencm3/lib\libopencm3_stm32f4.a(vector.o)
fsmc_isr                                          ../libopencm3/lib\libopencm3_stm32f4.a(vector.o)
hard_fault_handler                                ../libopencm3/lib\libopencm3_stm32f4.a(vector.o)
hash_rng_isr                                      ../libopencm3/lib\libopencm3_stm32f4.a(vector.o)
i2c1_er_isr                                       ../libopencm3/lib\libopencm3_stm32f4.a(vector.o)
i2c1_ev_isr                                       ../libopencm3/lib\libopencm3_stm32f4.a(vector.o)
i2c2_er_isr                                       ../libopencm3/lib\libopencm3_stm32f4.a(vector.o)
i2c2_ev_isr                                       ../libopencm3/lib\libopencm3_stm32f4.a(vector.o)
i2c3_er_isr                                       ../libopencm3/lib\libopencm3_stm32f4.a(vector.o)
i2c3_ev_isr                                       ../libopencm3/lib\libopencm3_stm32f4.a(vector.o)
lcd_tft_err_isr                                   ../libopencm3/lib\libopencm3_stm32f4.a(vector.o)
lcd_tft_isr                                       ../libopencm3/lib\libopencm3_stm32f4.a(vector.o)
main                                              src/bootloader.o
                                                  ../libopencm3/lib\libopencm3_stm32f4.a(vector.o)
mem_manage_handler                                ../libopencm3/lib\libopencm3_stm32f4.a(vector.o)
nmi_handler                                       ../libopencm3/lib\libopencm3_stm32f4.a(vector.o)
null_handler                                      ../libopencm3/lib\libopencm3_stm32f4.a(vector.o)
nvic_wwdg_isr                                     ../libopencm3/lib\libopencm3_stm32f4.a(vector.o)
otg_fs_isr                                        ../libopencm3/lib\libopencm3_stm32f4.a(vector.o)
otg_hs_ep1_in_isr                                 ../libopencm3/lib\libopencm3_stm32f4.a(vector.o)
otg_hs_ep1_out_isr                                ../libopencm3/lib\libopencm3_stm32f4.a(vector.o)
otg_hs_isr                                        ../libopencm3/lib\libopencm3_stm32f4.a(vector.o)
otg_hs_wkup_isr                                   ../libopencm3/lib\libopencm3_stm32f4.a(vector.o)
pend_sv_handler                                   ../libopencm3/lib\libopencm3_stm32f4.a(vector.o)
pvd_isr                                           ../libopencm3/lib\libopencm3_stm32f4.a(vector.o)
rcc_isr                                           ../libopencm3/lib\libopencm3_stm32f4.a(vector.o)
reset_handler                                     ../libopencm3/lib\libopencm3_stm32f4.a(vector.o)
rtc_alarm_isr                                     ../libopencm3/lib\libopencm3_stm32f4.a(vector.o)
rtc_wkup_isr                                      ../libopencm3/lib\libopencm3_stm32f4.a(vector.o)
sai1_isr                                          ../libopencm3/lib\libopencm3_stm32f4.a(vector.o)
sdio_isr                                          ../libopencm3/lib\libopencm3_stm32f4.a(vector.o)
spi1_isr                                          ../libopencm3/lib\libopencm3_stm32f4.a(vector.o)
spi2_isr                                          ../libopencm3/lib\libopencm3_stm32f4.a(vector.o)
spi3_isr                                          ../libopencm3/lib\libopencm3_stm32f4.a(vector.o)
spi4_isr                                          ../libopencm3/lib\libopencm3_stm32f4.a(vector.o)
spi5_isr                                          ../libopencm3/lib\libopencm3_stm32f4.a(vector.o)
spi6_isr                                          ../libopencm3/lib\libopencm3_stm32f4.a(vector.o)
sv_call_handler                                   ../libopencm3/lib\libopencm3_stm32f4.a(vector.o)
sys_tick_handler                                  ../libopencm3/lib\libopencm3_stm32f4.a(vector.o)
tamp_stamp_isr                                    ../libopencm3/lib\libopencm3_stm32f4.a(vector.o)
tim1_brk_tim9_isr                                 ../libopencm3/lib\libopencm3_stm32f4.a(vector.o)
tim1_cc_isr                                       ../libopencm3/lib\libopencm3_stm32f4.a(vector.o)
tim1_trg_com_tim11_isr                            ../libopencm3/lib\libopencm3_stm32f4.a(vector.o)
tim1_up_tim10_isr                                 ../libopencm3/lib\libopencm3_stm32f4.a(vector.o)
tim2_isr                                          ../libopencm3/lib\libopencm3_stm32f4.a(vector.o)
tim3_isr                                          ../libopencm3/lib\libopencm3_stm32f4.a(vector.o)
tim4_isr                                          ../libopencm3/lib\libopencm3_stm32f4.a(vector.o)
tim5_isr                                          ../libopencm3/lib\libopencm3_stm32f4.a(vector.o)
tim6_dac_isr                                      ../libopencm3/lib\libopencm3_stm32f4.a(vector.o)
tim7_isr                                          ../libopencm3/lib\libopencm3_stm32f4.a(vector.o)
tim8_brk_tim12_isr                                ../libopencm3/lib\libopencm3_stm32f4.a(vector.o)
tim8_cc_isr                                       ../libopencm3/lib\libopencm3_stm32f4.a(vector.o)
tim8_trg_com_tim14_isr                            ../libopencm3/lib\libopencm3_stm32f4.a(vector.o)
tim8_up_tim13_isr                                 ../libopencm3/lib\libopencm3_stm32f4.a(vector.o)
uart4_isr                                         ../libopencm3/lib\libopencm3_stm32f4.a(vector.o)
uart5_isr                                         ../libopencm3/lib\libopencm3_stm32f4.a(vector.o)
uart7_isr                                         ../libopencm3/lib\libopencm3_stm32f4.a(vector.o)
uart8_isr                                         ../libopencm3/lib\libopencm3_stm32f4.a(vector.o)
usage_fault_handler                               ../libopencm3/lib\libopencm3_stm32f4.a(vector.o)
usart1_isr                                        ../libopencm3/lib\libopencm3_stm32f4.a(vector.o)
usart2_isr                                        ../libopencm3/lib\libopencm3_stm32f4.a(vector.o)
usart3_isr                                        ../libopencm3/lib\libopencm3_stm32f4.a(vector.o)
usart6_isr                                        ../libopencm3/lib\libopencm3_stm32f4.a(vector.o)
usb_fs_wkup_isr                                   ../libopencm3/lib\libopencm3_stm32f4.a(vector.o)
vector_table                                      ../libopencm3/lib\libopencm3_stm32f4.a(vector.o)
